[6.377s] Invoking command in '/home/ibrahim/ros2_ws/src/arm_serial_bridge': DEBUGINFOD_URLS=https://debuginfod.ubuntu.com PS1=\[\e]0;\u@\h: \w\a\]${debian_chroot:+($debian_chroot)}\[\033[01;32m\]\u@\h\[\033[00m\]:\[\033[01;34m\]\w\[\033[00m\]\$ PYTHONPATH=/home/ibrahim/ros2_ws/build/arm_serial_bridge/prefix_override:/usr/lib/python3/dist-packages/colcon_core/task/python/colcon_distutils_commands:/home/ibrahim/ros2_ws/install/arm_serial_bridge/lib/python3.12/site-packages:${PYTHONPATH} /usr/bin/python3 -W ignore:setup.py install is deprecated -W ignore:easy_install command is deprecated setup.py egg_info --egg-base ../../build/arm_serial_bridge build --build-base /home/ibrahim/ros2_ws/build/arm_serial_bridge/build install --record /home/ibrahim/ros2_ws/build/arm_serial_bridge/install.log --single-version-externally-managed
[6.748s] running egg_info
[6.789s] writing ../../build/arm_serial_bridge/arm_serial_bridge.egg-info/PKG-INFO
[6.790s] writing dependency_links to ../../build/arm_serial_bridge/arm_serial_bridge.egg-info/dependency_links.txt
[6.790s] writing entry points to ../../build/arm_serial_bridge/arm_serial_bridge.egg-info/entry_points.txt
[6.790s] writing requirements to ../../build/arm_serial_bridge/arm_serial_bridge.egg-info/requires.txt
[6.790s] writing top-level names to ../../build/arm_serial_bridge/arm_serial_bridge.egg-info/top_level.txt
[6.917s] reading manifest file '../../build/arm_serial_bridge/arm_serial_bridge.egg-info/SOURCES.txt'
[6.938s] writing manifest file '../../build/arm_serial_bridge/arm_serial_bridge.egg-info/SOURCES.txt'
[6.941s] running build
[6.943s] running build_py
[6.946s] running install
[6.955s] running install_lib
[7.025s] running install_egg_info
[7.071s] removing '/home/ibrahim/ros2_ws/install/arm_serial_bridge/lib/python3.12/site-packages/arm_serial_bridge-0.0.0-py3.12.egg-info' (and everything under it)
[7.071s] Copying ../../build/arm_serial_bridge/arm_serial_bridge.egg-info to /home/ibrahim/ros2_ws/install/arm_serial_bridge/lib/python3.12/site-packages/arm_serial_bridge-0.0.0-py3.12.egg-info
[7.089s] running install_scripts
[7.337s] Installing auto_move script to /home/ibrahim/ros2_ws/install/arm_serial_bridge/lib/arm_serial_bridge
[7.337s] Installing joint_to_serial script to /home/ibrahim/ros2_ws/install/arm_serial_bridge/lib/arm_serial_bridge
[7.337s] Installing moveit_auto script to /home/ibrahim/ros2_ws/install/arm_serial_bridge/lib/arm_serial_bridge
[7.337s] writing list of installed files to '/home/ibrahim/ros2_ws/build/arm_serial_bridge/install.log'
[7.435s] Invoked command in '/home/ibrahim/ros2_ws/src/arm_serial_bridge' returned '0': DEBUGINFOD_URLS=https://debuginfod.ubuntu.com PS1=\[\e]0;\u@\h: \w\a\]${debian_chroot:+($debian_chroot)}\[\033[01;32m\]\u@\h\[\033[00m\]:\[\033[01;34m\]\w\[\033[00m\]\$ PYTHONPATH=/home/ibrahim/ros2_ws/build/arm_serial_bridge/prefix_override:/usr/lib/python3/dist-packages/colcon_core/task/python/colcon_distutils_commands:/home/ibrahim/ros2_ws/install/arm_serial_bridge/lib/python3.12/site-packages:${PYTHONPATH} /usr/bin/python3 -W ignore:setup.py install is deprecated -W ignore:easy_install command is deprecated setup.py egg_info --egg-base ../../build/arm_serial_bridge build --build-base /home/ibrahim/ros2_ws/build/arm_serial_bridge/build install --record /home/ibrahim/ros2_ws/build/arm_serial_bridge/install.log --single-version-externally-managed
