[0.069s] Invoking command in '/home/ibrahim/ros2_ws/build/mycobot_interfaces': CMAKE_PREFIX_PATH=${CMAKE_PREFIX_PATH}:/home/ibrahim/ros2_ws/install/arm_serial_bridge:/opt/ros/jazzy DEBUGINFOD_URLS=https://debuginfod.ubuntu.com /usr/bin/cmake --build /home/ibrahim/ros2_ws/build/mycobot_interfaces -- -j4 -l4
[0.480s] [  2%] Built target mycobot_interfaces__rosidl_generator_type_description
[0.593s] [  2%] Built target ament_cmake_python_copy_mycobot_interfaces
[0.798s] [ 17%] Built target mycobot_interfaces__rosidl_generator_c
[0.799s] [ 20%] Built target mycobot_interfaces__cpp
[0.799s] [ 29%] Built target mycobot_interfaces__rosidl_typesupport_introspection_c
[0.813s] [ 38%] Built target mycobot_interfaces__rosidl_typesupport_fastrtps_c
[0.813s] [ 47%] Built target mycobot_interfaces__rosidl_typesupport_c
[0.816s] [ 55%] Built target mycobot_interfaces__rosidl_typesupport_introspection_cpp
[0.817s] [ 64%] Built target mycobot_interfaces__rosidl_typesupport_cpp
[0.820s] [ 73%] Built target mycobot_interfaces__rosidl_typesupport_fastrtps_cpp
[0.928s] [ 73%] Built target mycobot_interfaces
[1.035s] running egg_info
[1.101s] writing mycobot_interfaces.egg-info/PKG-INFO
[1.107s] writing dependency_links to mycobot_interfaces.egg-info/dependency_links.txt
[1.107s] writing top-level names to mycobot_interfaces.egg-info/top_level.txt
[1.135s] [ 76%] Built target mycobot_interfaces__py
[1.273s] [ 82%] Built target mycobot_interfaces__rosidl_generator_py
[1.402s] reading manifest file 'mycobot_interfaces.egg-info/SOURCES.txt'
[1.402s] writing manifest file 'mycobot_interfaces.egg-info/SOURCES.txt'
[1.402s] [ 88%] Built target mycobot_interfaces_s__rosidl_typesupport_fastrtps_c
[1.417s] [ 94%] Built target mycobot_interfaces_s__rosidl_typesupport_introspection_c
[1.595s] [100%] Built target mycobot_interfaces_s__rosidl_typesupport_c
[1.624s] [100%] Built target ament_cmake_python_build_mycobot_interfaces_egg
[1.750s] Invoked command in '/home/ibrahim/ros2_ws/build/mycobot_interfaces' returned '0': CMAKE_PREFIX_PATH=${CMAKE_PREFIX_PATH}:/home/ibrahim/ros2_ws/install/arm_serial_bridge:/opt/ros/jazzy DEBUGINFOD_URLS=https://debuginfod.ubuntu.com /usr/bin/cmake --build /home/ibrahim/ros2_ws/build/mycobot_interfaces -- -j4 -l4
[1.751s] Invoking command in '/home/ibrahim/ros2_ws/build/mycobot_interfaces': CMAKE_PREFIX_PATH=${CMAKE_PREFIX_PATH}:/home/ibrahim/ros2_ws/install/arm_serial_bridge:/opt/ros/jazzy DEBUGINFOD_URLS=https://debuginfod.ubuntu.com /usr/bin/cmake --install /home/ibrahim/ros2_ws/build/mycobot_interfaces
[1.803s] -- Install configuration: ""
[1.803s] -- Up-to-date: /home/ibrahim/ros2_ws/install/mycobot_interfaces/share/ament_index/resource_index/rosidl_interfaces/mycobot_interfaces
[1.804s] -- Up-to-date: /home/ibrahim/ros2_ws/install/mycobot_interfaces/share/mycobot_interfaces/srv/GetPlanningScene.json
[1.807s] -- Up-to-date: /home/ibrahim/ros2_ws/install/mycobot_interfaces/include/mycobot_interfaces/mycobot_interfaces
[1.811s] -- Up-to-date: /home/ibrahim/ros2_ws/install/mycobot_interfaces/include/mycobot_interfaces/mycobot_interfaces/srv
[1.813s] -- Up-to-date: /home/ibrahim/ros2_ws/install/mycobot_interfaces/include/mycobot_interfaces/mycobot_interfaces/srv/detail
[1.813s] -- Up-to-date: /home/ibrahim/ros2_ws/install/mycobot_interfaces/include/mycobot_interfaces/mycobot_interfaces/srv/detail/get_planning_scene__type_support.h
[1.820s] -- Up-to-date: /home/ibrahim/ros2_ws/install/mycobot_interfaces/include/mycobot_interfaces/mycobot_interfaces/srv/detail/get_planning_scene__type_support.c
[1.820s] -- Up-to-date: /home/ibrahim/ros2_ws/install/mycobot_interfaces/include/mycobot_interfaces/mycobot_interfaces/srv/detail/get_planning_scene__struct.h
[1.820s] -- Up-to-date: /home/ibrahim/ros2_ws/install/mycobot_interfaces/include/mycobot_interfaces/mycobot_interfaces/srv/detail/get_planning_scene__description.c
[1.821s] -- Up-to-date: /home/ibrahim/ros2_ws/install/mycobot_interfaces/include/mycobot_interfaces/mycobot_interfaces/srv/detail/get_planning_scene__functions.h
[1.821s] -- Up-to-date: /home/ibrahim/ros2_ws/install/mycobot_interfaces/include/mycobot_interfaces/mycobot_interfaces/srv/detail/get_planning_scene__functions.c
[1.821s] -- Up-to-date: /home/ibrahim/ros2_ws/install/mycobot_interfaces/include/mycobot_interfaces/mycobot_interfaces/srv/get_planning_scene.h
[1.821s] -- Up-to-date: /home/ibrahim/ros2_ws/install/mycobot_interfaces/include/mycobot_interfaces/mycobot_interfaces/msg
[1.822s] -- Up-to-date: /home/ibrahim/ros2_ws/install/mycobot_interfaces/include/mycobot_interfaces/mycobot_interfaces/msg/rosidl_generator_c__visibility_control.h
[1.822s] -- Up-to-date: /home/ibrahim/ros2_ws/install/mycobot_interfaces/share/mycobot_interfaces/environment/library_path.sh
[1.822s] -- Up-to-date: /home/ibrahim/ros2_ws/install/mycobot_interfaces/share/mycobot_interfaces/environment/library_path.dsv
[1.822s] -- Up-to-date: /home/ibrahim/ros2_ws/install/mycobot_interfaces/lib/libmycobot_interfaces__rosidl_generator_c.so
[1.822s] -- Up-to-date: /home/ibrahim/ros2_ws/install/mycobot_interfaces/include/mycobot_interfaces/mycobot_interfaces
[1.823s] -- Up-to-date: /home/ibrahim/ros2_ws/install/mycobot_interfaces/include/mycobot_interfaces/mycobot_interfaces/srv
[1.823s] -- Up-to-date: /home/ibrahim/ros2_ws/install/mycobot_interfaces/include/mycobot_interfaces/mycobot_interfaces/srv/detail
[1.823s] -- Up-to-date: /home/ibrahim/ros2_ws/install/mycobot_interfaces/include/mycobot_interfaces/mycobot_interfaces/srv/detail/get_planning_scene__rosidl_typesupport_fastrtps_c.h
[1.823s] -- Up-to-date: /home/ibrahim/ros2_ws/install/mycobot_interfaces/include/mycobot_interfaces/mycobot_interfaces/msg
[1.824s] -- Up-to-date: /home/ibrahim/ros2_ws/install/mycobot_interfaces/include/mycobot_interfaces/mycobot_interfaces/msg/rosidl_typesupport_fastrtps_c__visibility_control.h
[1.833s] -- Up-to-date: /home/ibrahim/ros2_ws/install/mycobot_interfaces/lib/libmycobot_interfaces__rosidl_typesupport_fastrtps_c.so
[1.834s] -- Up-to-date: /home/ibrahim/ros2_ws/install/mycobot_interfaces/include/mycobot_interfaces/mycobot_interfaces
[1.834s] -- Up-to-date: /home/ibrahim/ros2_ws/install/mycobot_interfaces/include/mycobot_interfaces/mycobot_interfaces/srv
[1.834s] -- Up-to-date: /home/ibrahim/ros2_ws/install/mycobot_interfaces/include/mycobot_interfaces/mycobot_interfaces/srv/detail
[1.834s] -- Up-to-date: /home/ibrahim/ros2_ws/install/mycobot_interfaces/include/mycobot_interfaces/mycobot_interfaces/srv/detail/get_planning_scene__struct.hpp
[1.834s] -- Up-to-date: /home/ibrahim/ros2_ws/install/mycobot_interfaces/include/mycobot_interfaces/mycobot_interfaces/srv/detail/get_planning_scene__builder.hpp
[1.834s] -- Up-to-date: /home/ibrahim/ros2_ws/install/mycobot_interfaces/include/mycobot_interfaces/mycobot_interfaces/srv/detail/get_planning_scene__type_support.hpp
[1.835s] -- Up-to-date: /home/ibrahim/ros2_ws/install/mycobot_interfaces/include/mycobot_interfaces/mycobot_interfaces/srv/detail/get_planning_scene__traits.hpp
[1.835s] -- Up-to-date: /home/ibrahim/ros2_ws/install/mycobot_interfaces/include/mycobot_interfaces/mycobot_interfaces/srv/get_planning_scene.hpp
[1.835s] -- Up-to-date: /home/ibrahim/ros2_ws/install/mycobot_interfaces/include/mycobot_interfaces/mycobot_interfaces/msg
[1.835s] -- Up-to-date: /home/ibrahim/ros2_ws/install/mycobot_interfaces/include/mycobot_interfaces/mycobot_interfaces/msg/rosidl_generator_cpp__visibility_control.hpp
[1.835s] -- Up-to-date: /home/ibrahim/ros2_ws/install/mycobot_interfaces/include/mycobot_interfaces/mycobot_interfaces
[1.835s] -- Up-to-date: /home/ibrahim/ros2_ws/install/mycobot_interfaces/include/mycobot_interfaces/mycobot_interfaces/srv
[1.835s] -- Up-to-date: /home/ibrahim/ros2_ws/install/mycobot_interfaces/include/mycobot_interfaces/mycobot_interfaces/srv/detail
[1.835s] -- Up-to-date: /home/ibrahim/ros2_ws/install/mycobot_interfaces/include/mycobot_interfaces/mycobot_interfaces/srv/detail/dds_fastrtps
[1.835s] -- Up-to-date: /home/ibrahim/ros2_ws/install/mycobot_interfaces/include/mycobot_interfaces/mycobot_interfaces/srv/detail/get_planning_scene__rosidl_typesupport_fastrtps_cpp.hpp
[1.835s] -- Up-to-date: /home/ibrahim/ros2_ws/install/mycobot_interfaces/include/mycobot_interfaces/mycobot_interfaces/msg
[1.835s] -- Up-to-date: /home/ibrahim/ros2_ws/install/mycobot_interfaces/include/mycobot_interfaces/mycobot_interfaces/msg/rosidl_typesupport_fastrtps_cpp__visibility_control.h
[1.835s] -- Up-to-date: /home/ibrahim/ros2_ws/install/mycobot_interfaces/lib/libmycobot_interfaces__rosidl_typesupport_fastrtps_cpp.so
[1.835s] -- Up-to-date: /home/ibrahim/ros2_ws/install/mycobot_interfaces/include/mycobot_interfaces/mycobot_interfaces
[1.836s] -- Up-to-date: /home/ibrahim/ros2_ws/install/mycobot_interfaces/include/mycobot_interfaces/mycobot_interfaces/srv
[1.836s] -- Up-to-date: /home/ibrahim/ros2_ws/install/mycobot_interfaces/include/mycobot_interfaces/mycobot_interfaces/srv/detail
[1.836s] -- Up-to-date: /home/ibrahim/ros2_ws/install/mycobot_interfaces/include/mycobot_interfaces/mycobot_interfaces/srv/detail/get_planning_scene__rosidl_typesupport_introspection_c.h
[1.836s] -- Up-to-date: /home/ibrahim/ros2_ws/install/mycobot_interfaces/include/mycobot_interfaces/mycobot_interfaces/srv/detail/get_planning_scene__type_support.c
[1.836s] -- Up-to-date: /home/ibrahim/ros2_ws/install/mycobot_interfaces/include/mycobot_interfaces/mycobot_interfaces/msg
[1.836s] -- Up-to-date: /home/ibrahim/ros2_ws/install/mycobot_interfaces/include/mycobot_interfaces/mycobot_interfaces/msg/rosidl_typesupport_introspection_c__visibility_control.h
[1.836s] -- Up-to-date: /home/ibrahim/ros2_ws/install/mycobot_interfaces/lib/libmycobot_interfaces__rosidl_typesupport_introspection_c.so
[1.836s] -- Up-to-date: /home/ibrahim/ros2_ws/install/mycobot_interfaces/lib/libmycobot_interfaces__rosidl_typesupport_c.so
[1.836s] -- Up-to-date: /home/ibrahim/ros2_ws/install/mycobot_interfaces/include/mycobot_interfaces/mycobot_interfaces
[1.836s] -- Up-to-date: /home/ibrahim/ros2_ws/install/mycobot_interfaces/include/mycobot_interfaces/mycobot_interfaces/srv
[1.836s] -- Up-to-date: /home/ibrahim/ros2_ws/install/mycobot_interfaces/include/mycobot_interfaces/mycobot_interfaces/srv/detail
[1.836s] -- Up-to-date: /home/ibrahim/ros2_ws/install/mycobot_interfaces/include/mycobot_interfaces/mycobot_interfaces/srv/detail/get_planning_scene__rosidl_typesupport_introspection_cpp.hpp
[1.836s] -- Up-to-date: /home/ibrahim/ros2_ws/install/mycobot_interfaces/include/mycobot_interfaces/mycobot_interfaces/srv/detail/get_planning_scene__type_support.cpp
[1.836s] -- Up-to-date: /home/ibrahim/ros2_ws/install/mycobot_interfaces/lib/libmycobot_interfaces__rosidl_typesupport_introspection_cpp.so
[1.836s] -- Up-to-date: /home/ibrahim/ros2_ws/install/mycobot_interfaces/lib/libmycobot_interfaces__rosidl_typesupport_cpp.so
[1.836s] -- Up-to-date: /home/ibrahim/ros2_ws/install/mycobot_interfaces/share/mycobot_interfaces/environment/pythonpath.sh
[1.837s] -- Up-to-date: /home/ibrahim/ros2_ws/install/mycobot_interfaces/share/mycobot_interfaces/environment/pythonpath.dsv
[1.837s] -- Up-to-date: /home/ibrahim/ros2_ws/install/mycobot_interfaces/lib/python3.12/site-packages/mycobot_interfaces-0.0.0-py3.12.egg-info
[1.837s] -- Installing: /home/ibrahim/ros2_ws/install/mycobot_interfaces/lib/python3.12/site-packages/mycobot_interfaces-0.0.0-py3.12.egg-info/dependency_links.txt
[1.837s] -- Installing: /home/ibrahim/ros2_ws/install/mycobot_interfaces/lib/python3.12/site-packages/mycobot_interfaces-0.0.0-py3.12.egg-info/SOURCES.txt
[1.837s] -- Installing: /home/ibrahim/ros2_ws/install/mycobot_interfaces/lib/python3.12/site-packages/mycobot_interfaces-0.0.0-py3.12.egg-info/PKG-INFO
[1.837s] -- Installing: /home/ibrahim/ros2_ws/install/mycobot_interfaces/lib/python3.12/site-packages/mycobot_interfaces-0.0.0-py3.12.egg-info/top_level.txt
[1.837s] -- Up-to-date: /home/ibrahim/ros2_ws/install/mycobot_interfaces/lib/python3.12/site-packages/mycobot_interfaces
[1.837s] -- Up-to-date: /home/ibrahim/ros2_ws/install/mycobot_interfaces/lib/python3.12/site-packages/mycobot_interfaces/_mycobot_interfaces_s.ep.rosidl_typesupport_fastrtps_c.c
[1.837s] -- Up-to-date: /home/ibrahim/ros2_ws/install/mycobot_interfaces/lib/python3.12/site-packages/mycobot_interfaces/srv
[1.837s] -- Up-to-date: /home/ibrahim/ros2_ws/install/mycobot_interfaces/lib/python3.12/site-packages/mycobot_interfaces/srv/_get_planning_scene.py
[1.837s] -- Up-to-date: /home/ibrahim/ros2_ws/install/mycobot_interfaces/lib/python3.12/site-packages/mycobot_interfaces/srv/_get_planning_scene_s.c
[1.837s] -- Up-to-date: /home/ibrahim/ros2_ws/install/mycobot_interfaces/lib/python3.12/site-packages/mycobot_interfaces/srv/__init__.py
[1.837s] -- Up-to-date: /home/ibrahim/ros2_ws/install/mycobot_interfaces/lib/python3.12/site-packages/mycobot_interfaces/mycobot_interfaces_s__rosidl_typesupport_introspection_c.so
[1.837s] -- Up-to-date: /home/ibrahim/ros2_ws/install/mycobot_interfaces/lib/python3.12/site-packages/mycobot_interfaces/_mycobot_interfaces_s.ep.rosidl_typesupport_introspection_c.c
[1.837s] -- Up-to-date: /home/ibrahim/ros2_ws/install/mycobot_interfaces/lib/python3.12/site-packages/mycobot_interfaces/mycobot_interfaces_s__rosidl_typesupport_c.so
[1.841s] -- Up-to-date: /home/ibrahim/ros2_ws/install/mycobot_interfaces/lib/python3.12/site-packages/mycobot_interfaces/__init__.py
[1.841s] -- Up-to-date: /home/ibrahim/ros2_ws/install/mycobot_interfaces/lib/python3.12/site-packages/mycobot_interfaces/_mycobot_interfaces_s.ep.rosidl_typesupport_c.c
[1.841s] -- Up-to-date: /home/ibrahim/ros2_ws/install/mycobot_interfaces/lib/python3.12/site-packages/mycobot_interfaces/mycobot_interfaces_s__rosidl_typesupport_fastrtps_c.so
[1.913s] Listing '/home/ibrahim/ros2_ws/install/mycobot_interfaces/lib/python3.12/site-packages/mycobot_interfaces'...
[1.913s] Listing '/home/ibrahim/ros2_ws/install/mycobot_interfaces/lib/python3.12/site-packages/mycobot_interfaces/srv'...
[1.936s] -- Up-to-date: /home/ibrahim/ros2_ws/install/mycobot_interfaces/lib/python3.12/site-packages/mycobot_interfaces/mycobot_interfaces_s__rosidl_typesupport_fastrtps_c.so
[1.958s] -- Up-to-date: /home/ibrahim/ros2_ws/install/mycobot_interfaces/lib/python3.12/site-packages/mycobot_interfaces/mycobot_interfaces_s__rosidl_typesupport_introspection_c.so
[1.959s] -- Up-to-date: /home/ibrahim/ros2_ws/install/mycobot_interfaces/lib/python3.12/site-packages/mycobot_interfaces/mycobot_interfaces_s__rosidl_typesupport_c.so
[1.959s] -- Up-to-date: /home/ibrahim/ros2_ws/install/mycobot_interfaces/lib/libmycobot_interfaces__rosidl_generator_py.so
[1.960s] -- Up-to-date: /home/ibrahim/ros2_ws/install/mycobot_interfaces/share/mycobot_interfaces/srv/GetPlanningScene.idl
[1.960s] -- Up-to-date: /home/ibrahim/ros2_ws/install/mycobot_interfaces/share/mycobot_interfaces/srv/GetPlanningScene.srv
[1.960s] -- Up-to-date: /home/ibrahim/ros2_ws/install/mycobot_interfaces/share/ament_index/resource_index/package_run_dependencies/mycobot_interfaces
[1.960s] -- Up-to-date: /home/ibrahim/ros2_ws/install/mycobot_interfaces/share/ament_index/resource_index/parent_prefix_path/mycobot_interfaces
[1.960s] -- Up-to-date: /home/ibrahim/ros2_ws/install/mycobot_interfaces/share/mycobot_interfaces/environment/ament_prefix_path.sh
[1.960s] -- Up-to-date: /home/ibrahim/ros2_ws/install/mycobot_interfaces/share/mycobot_interfaces/environment/ament_prefix_path.dsv
[1.960s] -- Up-to-date: /home/ibrahim/ros2_ws/install/mycobot_interfaces/share/mycobot_interfaces/environment/path.sh
[1.960s] -- Up-to-date: /home/ibrahim/ros2_ws/install/mycobot_interfaces/share/mycobot_interfaces/environment/path.dsv
[1.960s] -- Up-to-date: /home/ibrahim/ros2_ws/install/mycobot_interfaces/share/mycobot_interfaces/local_setup.bash
[1.960s] -- Up-to-date: /home/ibrahim/ros2_ws/install/mycobot_interfaces/share/mycobot_interfaces/local_setup.sh
[1.961s] -- Up-to-date: /home/ibrahim/ros2_ws/install/mycobot_interfaces/share/mycobot_interfaces/local_setup.zsh
[1.961s] -- Up-to-date: /home/ibrahim/ros2_ws/install/mycobot_interfaces/share/mycobot_interfaces/local_setup.dsv
[1.961s] -- Installing: /home/ibrahim/ros2_ws/install/mycobot_interfaces/share/mycobot_interfaces/package.dsv
[1.961s] -- Up-to-date: /home/ibrahim/ros2_ws/install/mycobot_interfaces/share/ament_index/resource_index/packages/mycobot_interfaces
[1.964s] -- Up-to-date: /home/ibrahim/ros2_ws/install/mycobot_interfaces/share/mycobot_interfaces/cmake/export_mycobot_interfaces__rosidl_generator_cExport.cmake
[1.964s] -- Up-to-date: /home/ibrahim/ros2_ws/install/mycobot_interfaces/share/mycobot_interfaces/cmake/export_mycobot_interfaces__rosidl_generator_cExport-noconfig.cmake
[1.964s] -- Up-to-date: /home/ibrahim/ros2_ws/install/mycobot_interfaces/share/mycobot_interfaces/cmake/export_mycobot_interfaces__rosidl_typesupport_fastrtps_cExport.cmake
[1.964s] -- Up-to-date: /home/ibrahim/ros2_ws/install/mycobot_interfaces/share/mycobot_interfaces/cmake/export_mycobot_interfaces__rosidl_typesupport_fastrtps_cExport-noconfig.cmake
[1.964s] -- Up-to-date: /home/ibrahim/ros2_ws/install/mycobot_interfaces/share/mycobot_interfaces/cmake/export_mycobot_interfaces__rosidl_generator_cppExport.cmake
[1.964s] -- Up-to-date: /home/ibrahim/ros2_ws/install/mycobot_interfaces/share/mycobot_interfaces/cmake/export_mycobot_interfaces__rosidl_typesupport_fastrtps_cppExport.cmake
[1.964s] -- Up-to-date: /home/ibrahim/ros2_ws/install/mycobot_interfaces/share/mycobot_interfaces/cmake/export_mycobot_interfaces__rosidl_typesupport_fastrtps_cppExport-noconfig.cmake
[1.967s] -- Up-to-date: /home/ibrahim/ros2_ws/install/mycobot_interfaces/share/mycobot_interfaces/cmake/mycobot_interfaces__rosidl_typesupport_introspection_cExport.cmake
[1.967s] -- Up-to-date: /home/ibrahim/ros2_ws/install/mycobot_interfaces/share/mycobot_interfaces/cmake/mycobot_interfaces__rosidl_typesupport_introspection_cExport-noconfig.cmake
[1.967s] -- Up-to-date: /home/ibrahim/ros2_ws/install/mycobot_interfaces/share/mycobot_interfaces/cmake/mycobot_interfaces__rosidl_typesupport_cExport.cmake
[1.967s] -- Up-to-date: /home/ibrahim/ros2_ws/install/mycobot_interfaces/share/mycobot_interfaces/cmake/mycobot_interfaces__rosidl_typesupport_cExport-noconfig.cmake
[1.967s] -- Up-to-date: /home/ibrahim/ros2_ws/install/mycobot_interfaces/share/mycobot_interfaces/cmake/mycobot_interfaces__rosidl_typesupport_introspection_cppExport.cmake
[1.967s] -- Up-to-date: /home/ibrahim/ros2_ws/install/mycobot_interfaces/share/mycobot_interfaces/cmake/mycobot_interfaces__rosidl_typesupport_introspection_cppExport-noconfig.cmake
[1.967s] -- Up-to-date: /home/ibrahim/ros2_ws/install/mycobot_interfaces/share/mycobot_interfaces/cmake/mycobot_interfaces__rosidl_typesupport_cppExport.cmake
[1.967s] -- Up-to-date: /home/ibrahim/ros2_ws/install/mycobot_interfaces/share/mycobot_interfaces/cmake/mycobot_interfaces__rosidl_typesupport_cppExport-noconfig.cmake
[1.967s] -- Up-to-date: /home/ibrahim/ros2_ws/install/mycobot_interfaces/share/mycobot_interfaces/cmake/export_mycobot_interfaces__rosidl_generator_pyExport.cmake
[1.967s] -- Up-to-date: /home/ibrahim/ros2_ws/install/mycobot_interfaces/share/mycobot_interfaces/cmake/export_mycobot_interfaces__rosidl_generator_pyExport-noconfig.cmake
[1.967s] -- Up-to-date: /home/ibrahim/ros2_ws/install/mycobot_interfaces/share/mycobot_interfaces/cmake/rosidl_cmake-extras.cmake
[1.967s] -- Up-to-date: /home/ibrahim/ros2_ws/install/mycobot_interfaces/share/mycobot_interfaces/cmake/ament_cmake_export_dependencies-extras.cmake
[1.968s] -- Up-to-date: /home/ibrahim/ros2_ws/install/mycobot_interfaces/share/mycobot_interfaces/cmake/ament_cmake_export_include_directories-extras.cmake
[1.968s] -- Up-to-date: /home/ibrahim/ros2_ws/install/mycobot_interfaces/share/mycobot_interfaces/cmake/ament_cmake_export_libraries-extras.cmake
[1.968s] -- Up-to-date: /home/ibrahim/ros2_ws/install/mycobot_interfaces/share/mycobot_interfaces/cmake/ament_cmake_export_targets-extras.cmake
[1.968s] -- Up-to-date: /home/ibrahim/ros2_ws/install/mycobot_interfaces/share/mycobot_interfaces/cmake/rosidl_cmake_export_typesupport_targets-extras.cmake
[1.968s] -- Up-to-date: /home/ibrahim/ros2_ws/install/mycobot_interfaces/share/mycobot_interfaces/cmake/rosidl_cmake_export_typesupport_libraries-extras.cmake
[1.968s] -- Up-to-date: /home/ibrahim/ros2_ws/install/mycobot_interfaces/share/mycobot_interfaces/cmake/mycobot_interfacesConfig.cmake
[1.968s] -- Up-to-date: /home/ibrahim/ros2_ws/install/mycobot_interfaces/share/mycobot_interfaces/cmake/mycobot_interfacesConfig-version.cmake
[1.968s] -- Up-to-date: /home/ibrahim/ros2_ws/install/mycobot_interfaces/share/mycobot_interfaces/package.xml
[1.984s] Invoked command in '/home/ibrahim/ros2_ws/build/mycobot_interfaces' returned '0': CMAKE_PREFIX_PATH=${CMAKE_PREFIX_PATH}:/home/ibrahim/ros2_ws/install/arm_serial_bridge:/opt/ros/jazzy DEBUGINFOD_URLS=https://debuginfod.ubuntu.com /usr/bin/cmake --install /home/ibrahim/ros2_ws/build/mycobot_interfaces
