[0.266s] Invoking command in '/home/ibrahim/ros2_ws/build/mycobot_bringup': CMAKE_PREFIX_PATH=${CMAKE_PREFIX_PATH}:/home/ibrahim/ros2_ws/install/arm_serial_bridge:/opt/ros/jazzy DEBUGINFOD_URLS=https://debuginfod.ubuntu.com PS1=\[\e]0;\u@\h: \w\a\]${debian_chroot:+($debian_chroot)}\[\033[01;32m\]\u@\h\[\033[00m\]:\[\033[01;34m\]\w\[\033[00m\]\$ /usr/bin/cmake --build /home/ibrahim/ros2_ws/build/mycobot_bringup -- -j4 -l4
[0.654s] -- Found ament_cmake: 2.5.5 (/opt/ros/jazzy/share/ament_cmake/cmake)
[0.654s] -- Found ament_lint_auto: 0.17.4 (/opt/ros/jazzy/share/ament_lint_auto/cmake)
[0.677s] -- Added test 'lint_cmake' to check CMake code style
[0.678s] -- Added test 'xmllint' to check XML markup files
[0.678s] -- Configuring done (0.4s)
[0.689s] -- Generating done (0.0s)
[0.697s] -- Build files have been written to: /home/ibrahim/ros2_ws/build/mycobot_bringup
[0.731s] Invoked command in '/home/ibrahim/ros2_ws/build/mycobot_bringup' returned '0': CMAKE_PREFIX_PATH=${CMAKE_PREFIX_PATH}:/home/ibrahim/ros2_ws/install/arm_serial_bridge:/opt/ros/jazzy DEBUGINFOD_URLS=https://debuginfod.ubuntu.com PS1=\[\e]0;\u@\h: \w\a\]${debian_chroot:+($debian_chroot)}\[\033[01;32m\]\u@\h\[\033[00m\]:\[\033[01;34m\]\w\[\033[00m\]\$ /usr/bin/cmake --build /home/ibrahim/ros2_ws/build/mycobot_bringup -- -j4 -l4
[0.754s] Invoking command in '/home/ibrahim/ros2_ws/build/mycobot_bringup': CMAKE_PREFIX_PATH=${CMAKE_PREFIX_PATH}:/home/ibrahim/ros2_ws/install/arm_serial_bridge:/opt/ros/jazzy DEBUGINFOD_URLS=https://debuginfod.ubuntu.com PS1=\[\e]0;\u@\h: \w\a\]${debian_chroot:+($debian_chroot)}\[\033[01;32m\]\u@\h\[\033[00m\]:\[\033[01;34m\]\w\[\033[00m\]\$ /usr/bin/cmake --install /home/ibrahim/ros2_ws/build/mycobot_bringup
[0.769s] -- Install configuration: ""
[0.770s] -- Up-to-date: /home/ibrahim/ros2_ws/install/mycobot_bringup/share/mycobot_bringup/scripts
[0.999s] -- Installing: /home/ibrahim/ros2_ws/install/mycobot_bringup/share/mycobot_bringup/scripts/mycobot_280_gazebo_and_moveit.sh
[1.006s] -- Installing: /home/ibrahim/ros2_ws/install/mycobot_bringup/share/mycobot_bringup/scripts/mycobot_280_mtc_demos.sh
[1.006s] -- Installing: /home/ibrahim/ros2_ws/install/mycobot_bringup/share/mycobot_bringup/scripts/mycobot_280_gazebo.sh
[1.006s] -- Up-to-date: /home/ibrahim/ros2_ws/install/mycobot_bringup/share/ament_index/resource_index/package_run_dependencies/mycobot_bringup
[1.008s] -- Up-to-date: /home/ibrahim/ros2_ws/install/mycobot_bringup/share/ament_index/resource_index/parent_prefix_path/mycobot_bringup
[1.008s] -- Up-to-date: /home/ibrahim/ros2_ws/install/mycobot_bringup/share/mycobot_bringup/environment/ament_prefix_path.sh
[1.008s] -- Up-to-date: /home/ibrahim/ros2_ws/install/mycobot_bringup/share/mycobot_bringup/environment/ament_prefix_path.dsv
[1.008s] -- Up-to-date: /home/ibrahim/ros2_ws/install/mycobot_bringup/share/mycobot_bringup/environment/path.sh
[1.009s] -- Up-to-date: /home/ibrahim/ros2_ws/install/mycobot_bringup/share/mycobot_bringup/environment/path.dsv
[1.009s] -- Up-to-date: /home/ibrahim/ros2_ws/install/mycobot_bringup/share/mycobot_bringup/local_setup.bash
[1.010s] -- Up-to-date: /home/ibrahim/ros2_ws/install/mycobot_bringup/share/mycobot_bringup/local_setup.sh
[1.010s] -- Up-to-date: /home/ibrahim/ros2_ws/install/mycobot_bringup/share/mycobot_bringup/local_setup.zsh
[1.010s] -- Up-to-date: /home/ibrahim/ros2_ws/install/mycobot_bringup/share/mycobot_bringup/local_setup.dsv
[1.010s] -- Installing: /home/ibrahim/ros2_ws/install/mycobot_bringup/share/mycobot_bringup/package.dsv
[1.010s] -- Up-to-date: /home/ibrahim/ros2_ws/install/mycobot_bringup/share/ament_index/resource_index/packages/mycobot_bringup
[1.010s] -- Up-to-date: /home/ibrahim/ros2_ws/install/mycobot_bringup/share/mycobot_bringup/cmake/mycobot_bringupConfig.cmake
[1.010s] -- Up-to-date: /home/ibrahim/ros2_ws/install/mycobot_bringup/share/mycobot_bringup/cmake/mycobot_bringupConfig-version.cmake
[1.010s] -- Installing: /home/ibrahim/ros2_ws/install/mycobot_bringup/share/mycobot_bringup/package.xml
[1.011s] Invoked command in '/home/ibrahim/ros2_ws/build/mycobot_bringup' returned '0': CMAKE_PREFIX_PATH=${CMAKE_PREFIX_PATH}:/home/ibrahim/ros2_ws/install/arm_serial_bridge:/opt/ros/jazzy DEBUGINFOD_URLS=https://debuginfod.ubuntu.com PS1=\[\e]0;\u@\h: \w\a\]${debian_chroot:+($debian_chroot)}\[\033[01;32m\]\u@\h\[\033[00m\]:\[\033[01;34m\]\w\[\033[00m\]\$ /usr/bin/cmake --install /home/ibrahim/ros2_ws/build/mycobot_bringup
