[0.059s] Invoking command in '/home/ibrahim/ros2_ws/build/mycobot_bringup': CMAKE_PREFIX_PATH=${CMAKE_PREFIX_PATH}:/home/ibrahim/ros2_ws/install/arm_serial_bridge:/opt/ros/jazzy DEBUGINFOD_URLS=https://debuginfod.ubuntu.com PS1=\[\e]0;\u@\h: \w\a\]${debian_chroot:+($debian_chroot)}\[\033[01;32m\]\u@\h\[\033[00m\]:\[\033[01;34m\]\w\[\033[00m\]\$ /usr/bin/cmake /home/ibrahim/ros2_ws/src/mycobot_ros2/mycobot_bringup -DCMAKE_INSTALL_PREFIX=/home/ibrahim/ros2_ws/install/mycobot_bringup
[0.679s] -- The C compiler identification is GNU 13.3.0
[0.916s] -- The CXX compiler identification is GNU 13.3.0
[0.968s] -- Detecting C compiler ABI info
[1.266s] -- Detecting C compiler ABI info - done
[1.278s] -- Check for working C compiler: /usr/bin/cc - skipped
[1.278s] -- Detecting C compile features
[1.279s] -- Detecting C compile features - done
[1.295s] -- Detecting CXX compiler ABI info
[1.450s] -- Detecting CXX compiler ABI info - done
[1.460s] -- Check for working CXX compiler: /usr/bin/c++ - skipped
[1.462s] -- Detecting CXX compile features
[1.462s] -- Detecting CXX compile features - done
[1.505s] -- Found ament_cmake: 2.5.5 (/opt/ros/jazzy/share/ament_cmake/cmake)
[1.758s] -- Found Python3: /usr/bin/python3 (found version "3.12.3") found components: Interpreter 
[1.955s] -- Found ament_lint_auto: 0.17.4 (/opt/ros/jazzy/share/ament_lint_auto/cmake)
[2.095s] -- Added test 'lint_cmake' to check CMake code style
[2.097s] -- Added test 'xmllint' to check XML markup files
[2.099s] -- Configuring done (2.0s)
[2.106s] -- Generating done (0.0s)
[2.115s] -- Build files have been written to: /home/ibrahim/ros2_ws/build/mycobot_bringup
[2.149s] Invoked command in '/home/ibrahim/ros2_ws/build/mycobot_bringup' returned '0': CMAKE_PREFIX_PATH=${CMAKE_PREFIX_PATH}:/home/ibrahim/ros2_ws/install/arm_serial_bridge:/opt/ros/jazzy DEBUGINFOD_URLS=https://debuginfod.ubuntu.com PS1=\[\e]0;\u@\h: \w\a\]${debian_chroot:+($debian_chroot)}\[\033[01;32m\]\u@\h\[\033[00m\]:\[\033[01;34m\]\w\[\033[00m\]\$ /usr/bin/cmake /home/ibrahim/ros2_ws/src/mycobot_ros2/mycobot_bringup -DCMAKE_INSTALL_PREFIX=/home/ibrahim/ros2_ws/install/mycobot_bringup
[2.149s] Invoking command in '/home/ibrahim/ros2_ws/build/mycobot_bringup': CMAKE_PREFIX_PATH=${CMAKE_PREFIX_PATH}:/home/ibrahim/ros2_ws/install/arm_serial_bridge:/opt/ros/jazzy DEBUGINFOD_URLS=https://debuginfod.ubuntu.com PS1=\[\e]0;\u@\h: \w\a\]${debian_chroot:+($debian_chroot)}\[\033[01;32m\]\u@\h\[\033[00m\]:\[\033[01;34m\]\w\[\033[00m\]\$ /usr/bin/cmake --build /home/ibrahim/ros2_ws/build/mycobot_bringup -- -j4 -l4
[2.227s] Invoked command in '/home/ibrahim/ros2_ws/build/mycobot_bringup' returned '0': CMAKE_PREFIX_PATH=${CMAKE_PREFIX_PATH}:/home/ibrahim/ros2_ws/install/arm_serial_bridge:/opt/ros/jazzy DEBUGINFOD_URLS=https://debuginfod.ubuntu.com PS1=\[\e]0;\u@\h: \w\a\]${debian_chroot:+($debian_chroot)}\[\033[01;32m\]\u@\h\[\033[00m\]:\[\033[01;34m\]\w\[\033[00m\]\$ /usr/bin/cmake --build /home/ibrahim/ros2_ws/build/mycobot_bringup -- -j4 -l4
[2.228s] Invoking command in '/home/ibrahim/ros2_ws/build/mycobot_bringup': CMAKE_PREFIX_PATH=${CMAKE_PREFIX_PATH}:/home/ibrahim/ros2_ws/install/arm_serial_bridge:/opt/ros/jazzy DEBUGINFOD_URLS=https://debuginfod.ubuntu.com PS1=\[\e]0;\u@\h: \w\a\]${debian_chroot:+($debian_chroot)}\[\033[01;32m\]\u@\h\[\033[00m\]:\[\033[01;34m\]\w\[\033[00m\]\$ /usr/bin/cmake --install /home/ibrahim/ros2_ws/build/mycobot_bringup
[2.244s] -- Install configuration: ""
[2.244s] -- Installing: /home/ibrahim/ros2_ws/install/mycobot_bringup/share/mycobot_bringup/scripts
[2.244s] -- Installing: /home/ibrahim/ros2_ws/install/mycobot_bringup/share/mycobot_bringup/scripts/mycobot_280_gazebo_and_moveit.sh
[2.245s] -- Installing: /home/ibrahim/ros2_ws/install/mycobot_bringup/share/mycobot_bringup/scripts/mycobot_280_mtc_demos.sh
[2.245s] -- Installing: /home/ibrahim/ros2_ws/install/mycobot_bringup/share/mycobot_bringup/scripts/mycobot_280_gazebo.sh
[2.247s] -- Installing: /home/ibrahim/ros2_ws/install/mycobot_bringup/share/ament_index/resource_index/package_run_dependencies/mycobot_bringup
[2.248s] -- Installing: /home/ibrahim/ros2_ws/install/mycobot_bringup/share/ament_index/resource_index/parent_prefix_path/mycobot_bringup
[2.248s] -- Installing: /home/ibrahim/ros2_ws/install/mycobot_bringup/share/mycobot_bringup/environment/ament_prefix_path.sh
[2.248s] -- Installing: /home/ibrahim/ros2_ws/install/mycobot_bringup/share/mycobot_bringup/environment/ament_prefix_path.dsv
[2.249s] -- Installing: /home/ibrahim/ros2_ws/install/mycobot_bringup/share/mycobot_bringup/environment/path.sh
[2.249s] -- Installing: /home/ibrahim/ros2_ws/install/mycobot_bringup/share/mycobot_bringup/environment/path.dsv
[2.251s] -- Installing: /home/ibrahim/ros2_ws/install/mycobot_bringup/share/mycobot_bringup/local_setup.bash
[2.251s] -- Installing: /home/ibrahim/ros2_ws/install/mycobot_bringup/share/mycobot_bringup/local_setup.sh
[2.251s] -- Installing: /home/ibrahim/ros2_ws/install/mycobot_bringup/share/mycobot_bringup/local_setup.zsh
[2.251s] -- Installing: /home/ibrahim/ros2_ws/install/mycobot_bringup/share/mycobot_bringup/local_setup.dsv
[2.252s] -- Installing: /home/ibrahim/ros2_ws/install/mycobot_bringup/share/mycobot_bringup/package.dsv
[2.252s] -- Installing: /home/ibrahim/ros2_ws/install/mycobot_bringup/share/ament_index/resource_index/packages/mycobot_bringup
[2.252s] -- Installing: /home/ibrahim/ros2_ws/install/mycobot_bringup/share/mycobot_bringup/cmake/mycobot_bringupConfig.cmake
[2.252s] -- Installing: /home/ibrahim/ros2_ws/install/mycobot_bringup/share/mycobot_bringup/cmake/mycobot_bringupConfig-version.cmake
[2.253s] -- Installing: /home/ibrahim/ros2_ws/install/mycobot_bringup/share/mycobot_bringup/package.xml
[2.259s] Invoked command in '/home/ibrahim/ros2_ws/build/mycobot_bringup' returned '0': CMAKE_PREFIX_PATH=${CMAKE_PREFIX_PATH}:/home/ibrahim/ros2_ws/install/arm_serial_bridge:/opt/ros/jazzy DEBUGINFOD_URLS=https://debuginfod.ubuntu.com PS1=\[\e]0;\u@\h: \w\a\]${debian_chroot:+($debian_chroot)}\[\033[01;32m\]\u@\h\[\033[00m\]:\[\033[01;34m\]\w\[\033[00m\]\$ /usr/bin/cmake --install /home/ibrahim/ros2_ws/build/mycobot_bringup
