[2.554s] Invoking command in '/home/ibrahim/ros2_ws/src/arm_serial_bridge': DEBUGINFOD_URLS=https://debuginfod.ubuntu.com PYTHONPATH=/home/ibrahim/ros2_ws/build/arm_serial_bridge/prefix_override:/usr/lib/python3/dist-packages/colcon_core/task/python/colcon_distutils_commands:/home/ibrahim/ros2_ws/install/arm_serial_bridge/lib/python3.12/site-packages:${PYTHONPATH} /usr/bin/python3 -W ignore:setup.py install is deprecated -W ignore:easy_install command is deprecated setup.py egg_info --egg-base ../../build/arm_serial_bridge build --build-base /home/ibrahim/ros2_ws/build/arm_serial_bridge/build install --record /home/ibrahim/ros2_ws/build/arm_serial_bridge/install.log --single-version-externally-managed
[3.012s] running egg_info
[3.062s] writing ../../build/arm_serial_bridge/arm_serial_bridge.egg-info/PKG-INFO
[3.062s] writing dependency_links to ../../build/arm_serial_bridge/arm_serial_bridge.egg-info/dependency_links.txt
[3.062s] writing entry points to ../../build/arm_serial_bridge/arm_serial_bridge.egg-info/entry_points.txt
[3.062s] writing requirements to ../../build/arm_serial_bridge/arm_serial_bridge.egg-info/requires.txt
[3.062s] writing top-level names to ../../build/arm_serial_bridge/arm_serial_bridge.egg-info/top_level.txt
[3.128s] reading manifest file '../../build/arm_serial_bridge/arm_serial_bridge.egg-info/SOURCES.txt'
[3.130s] writing manifest file '../../build/arm_serial_bridge/arm_serial_bridge.egg-info/SOURCES.txt'
[3.131s] running build
[3.132s] running build_py
[3.134s] copying arm_serial_bridge/send_angles.py -> /home/ibrahim/ros2_ws/build/arm_serial_bridge/build/lib/arm_serial_bridge
[3.136s] running install
[3.156s] running install_lib
[3.193s] copying /home/ibrahim/ros2_ws/build/arm_serial_bridge/build/lib/arm_serial_bridge/send_angles.py -> /home/ibrahim/ros2_ws/install/arm_serial_bridge/lib/python3.12/site-packages/arm_serial_bridge
[3.193s] byte-compiling /home/ibrahim/ros2_ws/install/arm_serial_bridge/lib/python3.12/site-packages/arm_serial_bridge/send_angles.py to send_angles.cpython-312.pyc
[3.193s] running install_egg_info
[3.242s] removing '/home/ibrahim/ros2_ws/install/arm_serial_bridge/lib/python3.12/site-packages/arm_serial_bridge-0.0.0-py3.12.egg-info' (and everything under it)
[3.242s] Copying ../../build/arm_serial_bridge/arm_serial_bridge.egg-info to /home/ibrahim/ros2_ws/install/arm_serial_bridge/lib/python3.12/site-packages/arm_serial_bridge-0.0.0-py3.12.egg-info
[3.250s] running install_scripts
[3.467s] Installing joint_to_serial script to /home/ibrahim/ros2_ws/install/arm_serial_bridge/lib/arm_serial_bridge
[3.468s] Installing send_angles script to /home/ibrahim/ros2_ws/install/arm_serial_bridge/lib/arm_serial_bridge
[3.469s] writing list of installed files to '/home/ibrahim/ros2_ws/build/arm_serial_bridge/install.log'
[3.555s] Invoked command in '/home/ibrahim/ros2_ws/src/arm_serial_bridge' returned '0': DEBUGINFOD_URLS=https://debuginfod.ubuntu.com PYTHONPATH=/home/ibrahim/ros2_ws/build/arm_serial_bridge/prefix_override:/usr/lib/python3/dist-packages/colcon_core/task/python/colcon_distutils_commands:/home/ibrahim/ros2_ws/install/arm_serial_bridge/lib/python3.12/site-packages:${PYTHONPATH} /usr/bin/python3 -W ignore:setup.py install is deprecated -W ignore:easy_install command is deprecated setup.py egg_info --egg-base ../../build/arm_serial_bridge build --build-base /home/ibrahim/ros2_ws/build/arm_serial_bridge/build install --record /home/ibrahim/ros2_ws/build/arm_serial_bridge/install.log --single-version-externally-managed
