[0.106s] Invoking command in '/home/ibrahim/ros2_ws/build/mycobot_moveit_demos': CMAKE_PREFIX_PATH=${CMAKE_PREFIX_PATH}:/home/ibrahim/ros2_ws/install/arm_serial_bridge:/opt/ros/jazzy DEBUGINFOD_URLS=https://debuginfod.ubuntu.com /usr/bin/cmake --build /home/ibrahim/ros2_ws/build/mycobot_moveit_demos -- -j4 -l4
[0.450s] [ 50%] Built target plan_around_objects
[0.492s] [100%] Built target hello_moveit
[0.570s] Invoked command in '/home/ibrahim/ros2_ws/build/mycobot_moveit_demos' returned '0': CMAKE_PREFIX_PATH=${CMAKE_PREFIX_PATH}:/home/ibrahim/ros2_ws/install/arm_serial_bridge:/opt/ros/jazzy DEBUGINFOD_URLS=https://debuginfod.ubuntu.com /usr/bin/cmake --build /home/ibrahim/ros2_ws/build/mycobot_moveit_demos -- -j4 -l4
[0.575s] Invoking command in '/home/ibrahim/ros2_ws/build/mycobot_moveit_demos': CMAKE_PREFIX_PATH=${CMAKE_PREFIX_PATH}:/home/ibrahim/ros2_ws/install/arm_serial_bridge:/opt/ros/jazzy DEBUGINFOD_URLS=https://debuginfod.ubuntu.com /usr/bin/cmake --install /home/ibrahim/ros2_ws/build/mycobot_moveit_demos
[0.613s] -- Install configuration: ""
[0.614s] -- Up-to-date: /home/ibrahim/ros2_ws/install/mycobot_moveit_demos/lib/mycobot_moveit_demos/hello_moveit
[0.614s] -- Up-to-date: /home/ibrahim/ros2_ws/install/mycobot_moveit_demos/lib/mycobot_moveit_demos/plan_around_objects
[0.614s] -- Up-to-date: /home/ibrahim/ros2_ws/install/mycobot_moveit_demos/share/ament_index/resource_index/package_run_dependencies/mycobot_moveit_demos
[0.615s] -- Up-to-date: /home/ibrahim/ros2_ws/install/mycobot_moveit_demos/share/ament_index/resource_index/parent_prefix_path/mycobot_moveit_demos
[0.615s] -- Up-to-date: /home/ibrahim/ros2_ws/install/mycobot_moveit_demos/share/mycobot_moveit_demos/environment/ament_prefix_path.sh
[0.615s] -- Up-to-date: /home/ibrahim/ros2_ws/install/mycobot_moveit_demos/share/mycobot_moveit_demos/environment/ament_prefix_path.dsv
[0.616s] -- Up-to-date: /home/ibrahim/ros2_ws/install/mycobot_moveit_demos/share/mycobot_moveit_demos/environment/path.sh
[0.623s] -- Up-to-date: /home/ibrahim/ros2_ws/install/mycobot_moveit_demos/share/mycobot_moveit_demos/environment/path.dsv
[0.623s] -- Up-to-date: /home/ibrahim/ros2_ws/install/mycobot_moveit_demos/share/mycobot_moveit_demos/local_setup.bash
[0.623s] -- Up-to-date: /home/ibrahim/ros2_ws/install/mycobot_moveit_demos/share/mycobot_moveit_demos/local_setup.sh
[0.624s] -- Up-to-date: /home/ibrahim/ros2_ws/install/mycobot_moveit_demos/share/mycobot_moveit_demos/local_setup.zsh
[0.624s] -- Up-to-date: /home/ibrahim/ros2_ws/install/mycobot_moveit_demos/share/mycobot_moveit_demos/local_setup.dsv
[0.625s] -- Installing: /home/ibrahim/ros2_ws/install/mycobot_moveit_demos/share/mycobot_moveit_demos/package.dsv
[0.632s] -- Up-to-date: /home/ibrahim/ros2_ws/install/mycobot_moveit_demos/share/ament_index/resource_index/packages/mycobot_moveit_demos
[0.634s] -- Up-to-date: /home/ibrahim/ros2_ws/install/mycobot_moveit_demos/share/mycobot_moveit_demos/cmake/mycobot_moveit_demosConfig.cmake
[0.634s] -- Up-to-date: /home/ibrahim/ros2_ws/install/mycobot_moveit_demos/share/mycobot_moveit_demos/cmake/mycobot_moveit_demosConfig-version.cmake
[0.635s] -- Up-to-date: /home/ibrahim/ros2_ws/install/mycobot_moveit_demos/share/mycobot_moveit_demos/package.xml
[0.639s] Invoked command in '/home/ibrahim/ros2_ws/build/mycobot_moveit_demos' returned '0': CMAKE_PREFIX_PATH=${CMAKE_PREFIX_PATH}:/home/ibrahim/ros2_ws/install/arm_serial_bridge:/opt/ros/jazzy DEBUGINFOD_URLS=https://debuginfod.ubuntu.com /usr/bin/cmake --install /home/ibrahim/ros2_ws/build/mycobot_moveit_demos
