[0.112s] Invoking command in '/home/ibrahim/ros2_ws/build/mycobot_mtc_demos': CMAKE_PREFIX_PATH=${CMAKE_PREFIX_PATH}:/home/ibrahim/ros2_ws/install/arm_serial_bridge:/opt/ros/jazzy DEBUGINFOD_URLS=https://debuginfod.ubuntu.com PS1=\[\e]0;\u@\h: \w\a\]${debian_chroot:+($debian_chroot)}\[\033[01;32m\]\u@\h\[\033[00m\]:\[\033[01;34m\]\w\[\033[00m\]\$ /usr/bin/cmake --build /home/ibrahim/ros2_ws/build/mycobot_mtc_demos -- -j4 -l4
[0.894s] -- Found ament_cmake: 2.5.5 (/opt/ros/jazzy/share/ament_cmake/cmake)
[1.291s] -- Found generate_parameter_library: 0.6.0 (/opt/ros/jazzy/share/generate_parameter_library/cmake)
[1.295s] -- Found parameter_traits: 0.6.0 (/opt/ros/jazzy/share/parameter_traits/cmake)
[1.376s] -- Found rosidl_generator_c: 4.6.7 (/opt/ros/jazzy/share/rosidl_generator_c/cmake)
[1.403s] -- Found rosidl_generator_cpp: 4.6.7 (/opt/ros/jazzy/share/rosidl_generator_cpp/cmake)
[1.449s] -- Using all available rosidl_typesupport_c: rosidl_typesupport_fastrtps_c;rosidl_typesupport_introspection_c
[1.513s] -- Using all available rosidl_typesupport_cpp: rosidl_typesupport_fastrtps_cpp;rosidl_typesupport_introspection_cpp
[1.628s] -- Found rmw_implementation_cmake: 7.3.3 (/opt/ros/jazzy/share/rmw_implementation_cmake/cmake)
[1.635s] -- Found rmw_fastrtps_cpp: 8.4.3 (/opt/ros/jazzy/share/rmw_fastrtps_cpp/cmake)
[1.784s] -- Using RMW implementation 'rmw_fastrtps_cpp' as default
[1.922s] -- Found rclcpp_lifecycle: 28.1.16 (/opt/ros/jazzy/share/rclcpp_lifecycle/cmake)
[1.997s] -- Found moveit_common: 2.12.4 (/opt/ros/jazzy/share/moveit_common/cmake)
[2.281s] -- Found moveit_core: 2.12.4 (/opt/ros/jazzy/share/moveit_core/cmake)
[2.440s] -- Found Boost: /usr/lib/x86_64-linux-gnu/cmake/Boost-1.83.0/BoostConfig.cmake (found version "1.83.0") found components: chrono date_time filesystem iostreams program_options regex serialization system thread 
[2.508s] -- Found Boost: /usr/lib/x86_64-linux-gnu/cmake/Boost-1.83.0/BoostConfig.cmake (found version "1.83.0") found components: filesystem 
[2.686s] -- Ensuring Eigen3 include directory is part of orocos-kdl CMake target
[3.528s] -- Found moveit_ros_planning: 2.12.4 (/opt/ros/jazzy/share/moveit_ros_planning/cmake)
[3.544s] -- Found Boost: /usr/lib/x86_64-linux-gnu/cmake/Boost-1.83.0/BoostConfig.cmake (found version "1.83.0") found components: system filesystem date_time program_options thread chrono 
[3.627s] -- Found moveit_ros_planning_interface: 2.12.4 (/opt/ros/jazzy/share/moveit_ros_planning_interface/cmake)
[3.644s] -- Found Boost: /usr/lib/x86_64-linux-gnu/cmake/Boost-1.83.0/BoostConfig.cmake (found version "1.83.0") found components: date_time filesystem program_options system thread 
[3.682s] -- Found Boost: /usr/lib/x86_64-linux-gnu/cmake/Boost-1.83.0/BoostConfig.cmake (found version "1.83.0") found components: thread system filesystem regex date_time program_options 
[3.714s] -- Found Boost: /usr/lib/x86_64-linux-gnu/cmake/Boost-1.83.0/BoostConfig.cmake (found version "1.83.0") found components: system filesystem date_time program_options thread 
[3.800s] -- Found moveit_task_constructor_core: 0.1.4 (/opt/ros/jazzy/share/moveit_task_constructor_core/cmake)
[4.608s] -- Found ament_lint_auto: 0.17.4 (/opt/ros/jazzy/share/ament_lint_auto/cmake)
[4.627s] -- Added test 'cppcheck' to perform static code analysis on C / C++ code
[4.627s] -- Configured cppcheck include dirs: 
[4.627s] -- Configured cppcheck exclude dirs and/or files: 
[4.627s] -- Added test 'flake8' to check Python code syntax and style conventions
[4.627s] -- Configured 'flake8' exclude dirs and/or files: 
[4.628s] -- Added test 'lint_cmake' to check CMake code style
[4.672s] -- Added test 'pep257' to check Python code against some of the docstring style conventions in PEP 257
[4.672s] -- Added test 'uncrustify' to check C / C++ code style
[4.672s] -- Configured uncrustify additional arguments: 
[4.672s] -- Added test 'xmllint' to check XML markup files
[4.681s] -- Configuring done (3.9s)
[5.330s] -- Generating done (0.6s)
[5.391s] -- Build files have been written to: /home/ibrahim/ros2_ws/build/mycobot_mtc_demos
[5.632s] [  8%] [34m[1mRunning `/opt/ros/jazzy/bin/generate_parameter_library_cpp /home/ibrahim/ros2_ws/build/mycobot_mtc_demos/include/mycobot_mtc_demos/ik_clearance_cost_parameters.hpp /home/ibrahim/ros2_ws/src/mycobot_ros2/mycobot_mtc_demos/src/ik_clearance_cost_parameters.yaml `[0m
[5.984s] [ 16%] [32mBuilding CXX object CMakeFiles/mycobot_mtc_demos_cartesian.dir/src/cartesian.cpp.o[0m
[6.184s] [ 25%] [32mBuilding CXX object CMakeFiles/mycobot_mtc_demos_alternative_path_costs.dir/src/alternative_path_costs.cpp.o[0m
[6.185s] [ 33%] [32mBuilding CXX object CMakeFiles/mycobot_mtc_demos_fallbacks_move_to.dir/src/fallbacks_move_to.cpp.o[0m
[9.619s] [ 41%] [34m[1mCreating deprecated header file /home/ibrahim/ros2_ws/build/mycobot_mtc_demos/include/ik_clearance_cost_parameters.hpp[0m
[9.734s] [ 41%] Built target ik_clearance_cost_parameters
[9.935s] [ 50%] [32mBuilding CXX object CMakeFiles/mycobot_mtc_demos_modular.dir/src/modular.cpp.o[0m
[33.648s] [ 58%] [32m[1mLinking CXX executable cartesian[0m
[38.467s] [ 58%] Built target mycobot_mtc_demos_cartesian
[39.512s] [ 66%] [32m[1mLinking CXX executable alternative_path_costs[0m
[39.982s] [ 66%] Built target mycobot_mtc_demos_alternative_path_costs
[41.600s] [ 75%] [32m[1mLinking CXX executable fallbacks_move_to[0m
[42.206s] [ 75%] Built target mycobot_mtc_demos_fallbacks_move_to
[49.700s] [ 83%] [32m[1mLinking CXX executable modular[0m
[50.134s] [ 83%] Built target mycobot_mtc_demos_modular
[50.299s] [ 91%] [32mBuilding CXX object CMakeFiles/mycobot_mtc_demos_ik_clearance_cost.dir/src/ik_clearance_cost.cpp.o[0m
[63.419s] [100%] [32m[1mLinking CXX executable ik_clearance_cost[0m
[64.314s] [100%] Built target mycobot_mtc_demos_ik_clearance_cost
[64.464s] Invoked command in '/home/ibrahim/ros2_ws/build/mycobot_mtc_demos' returned '0': CMAKE_PREFIX_PATH=${CMAKE_PREFIX_PATH}:/home/ibrahim/ros2_ws/install/arm_serial_bridge:/opt/ros/jazzy DEBUGINFOD_URLS=https://debuginfod.ubuntu.com PS1=\[\e]0;\u@\h: \w\a\]${debian_chroot:+($debian_chroot)}\[\033[01;32m\]\u@\h\[\033[00m\]:\[\033[01;34m\]\w\[\033[00m\]\$ /usr/bin/cmake --build /home/ibrahim/ros2_ws/build/mycobot_mtc_demos -- -j4 -l4
[64.474s] Invoking command in '/home/ibrahim/ros2_ws/build/mycobot_mtc_demos': CMAKE_PREFIX_PATH=${CMAKE_PREFIX_PATH}:/home/ibrahim/ros2_ws/install/arm_serial_bridge:/opt/ros/jazzy DEBUGINFOD_URLS=https://debuginfod.ubuntu.com PS1=\[\e]0;\u@\h: \w\a\]${debian_chroot:+($debian_chroot)}\[\033[01;32m\]\u@\h\[\033[00m\]:\[\033[01;34m\]\w\[\033[00m\]\$ /usr/bin/cmake --install /home/ibrahim/ros2_ws/build/mycobot_mtc_demos
[64.510s] -- Install configuration: "Release"
[64.764s] -- Installing: /home/ibrahim/ros2_ws/install/mycobot_mtc_demos/lib/mycobot_mtc_demos/alternative_path_costs
[64.765s] -- Set non-toolchain portion of runtime path of "/home/ibrahim/ros2_ws/install/mycobot_mtc_demos/lib/mycobot_mtc_demos/alternative_path_costs" to ""
[64.772s] -- Installing: /home/ibrahim/ros2_ws/install/mycobot_mtc_demos/lib/mycobot_mtc_demos/cartesian
[64.772s] -- Set non-toolchain portion of runtime path of "/home/ibrahim/ros2_ws/install/mycobot_mtc_demos/lib/mycobot_mtc_demos/cartesian" to ""
[64.790s] -- Installing: /home/ibrahim/ros2_ws/install/mycobot_mtc_demos/lib/mycobot_mtc_demos/fallbacks_move_to
[64.791s] -- Set non-toolchain portion of runtime path of "/home/ibrahim/ros2_ws/install/mycobot_mtc_demos/lib/mycobot_mtc_demos/fallbacks_move_to" to ""
[64.791s] -- Up-to-date: /home/ibrahim/ros2_ws/install/mycobot_mtc_demos/include/mycobot_mtc_demos
[64.804s] -- Installing: /home/ibrahim/ros2_ws/install/mycobot_mtc_demos/include/mycobot_mtc_demos/ik_clearance_cost_parameters.hpp
[64.825s] -- Installing: /home/ibrahim/ros2_ws/install/mycobot_mtc_demos/lib/mycobot_mtc_demos/ik_clearance_cost
[64.825s] -- Set non-toolchain portion of runtime path of "/home/ibrahim/ros2_ws/install/mycobot_mtc_demos/lib/mycobot_mtc_demos/ik_clearance_cost" to ""
[64.835s] -- Installing: /home/ibrahim/ros2_ws/install/mycobot_mtc_demos/lib/mycobot_mtc_demos/modular
[64.836s] -- Set non-toolchain portion of runtime path of "/home/ibrahim/ros2_ws/install/mycobot_mtc_demos/lib/mycobot_mtc_demos/modular" to ""
[64.842s] -- Up-to-date: /home/ibrahim/ros2_ws/install/mycobot_mtc_demos/share/mycobot_mtc_demos/launch
[64.843s] -- Installing: /home/ibrahim/ros2_ws/install/mycobot_mtc_demos/share/mycobot_mtc_demos/launch/mtc_demos.launch.py
[64.858s] -- Up-to-date: /home/ibrahim/ros2_ws/install/mycobot_mtc_demos/share/mycobot_mtc_demos/rviz
[64.876s] -- Installing: /home/ibrahim/ros2_ws/install/mycobot_mtc_demos/share/mycobot_mtc_demos/rviz/mtc_demos.rviz
[64.894s] -- Up-to-date: /home/ibrahim/ros2_ws/install/mycobot_mtc_demos/share/ament_index/resource_index/package_run_dependencies/mycobot_mtc_demos
[64.897s] -- Up-to-date: /home/ibrahim/ros2_ws/install/mycobot_mtc_demos/share/ament_index/resource_index/parent_prefix_path/mycobot_mtc_demos
[64.898s] -- Up-to-date: /home/ibrahim/ros2_ws/install/mycobot_mtc_demos/share/mycobot_mtc_demos/environment/ament_prefix_path.sh
[64.899s] -- Up-to-date: /home/ibrahim/ros2_ws/install/mycobot_mtc_demos/share/mycobot_mtc_demos/environment/ament_prefix_path.dsv
[64.901s] -- Up-to-date: /home/ibrahim/ros2_ws/install/mycobot_mtc_demos/share/mycobot_mtc_demos/environment/path.sh
[64.901s] -- Up-to-date: /home/ibrahim/ros2_ws/install/mycobot_mtc_demos/share/mycobot_mtc_demos/environment/path.dsv
[64.901s] -- Up-to-date: /home/ibrahim/ros2_ws/install/mycobot_mtc_demos/share/mycobot_mtc_demos/local_setup.bash
[64.901s] -- Up-to-date: /home/ibrahim/ros2_ws/install/mycobot_mtc_demos/share/mycobot_mtc_demos/local_setup.sh
[64.901s] -- Up-to-date: /home/ibrahim/ros2_ws/install/mycobot_mtc_demos/share/mycobot_mtc_demos/local_setup.zsh
[64.901s] -- Up-to-date: /home/ibrahim/ros2_ws/install/mycobot_mtc_demos/share/mycobot_mtc_demos/local_setup.dsv
[64.901s] -- Installing: /home/ibrahim/ros2_ws/install/mycobot_mtc_demos/share/mycobot_mtc_demos/package.dsv
[64.920s] -- Up-to-date: /home/ibrahim/ros2_ws/install/mycobot_mtc_demos/share/ament_index/resource_index/packages/mycobot_mtc_demos
[64.922s] -- Up-to-date: /home/ibrahim/ros2_ws/install/mycobot_mtc_demos/share/mycobot_mtc_demos/cmake/mycobot_mtc_demosConfig.cmake
[64.922s] -- Up-to-date: /home/ibrahim/ros2_ws/install/mycobot_mtc_demos/share/mycobot_mtc_demos/cmake/mycobot_mtc_demosConfig-version.cmake
[64.922s] -- Installing: /home/ibrahim/ros2_ws/install/mycobot_mtc_demos/share/mycobot_mtc_demos/package.xml
[64.925s] Invoked command in '/home/ibrahim/ros2_ws/build/mycobot_mtc_demos' returned '0': CMAKE_PREFIX_PATH=${CMAKE_PREFIX_PATH}:/home/ibrahim/ros2_ws/install/arm_serial_bridge:/opt/ros/jazzy DEBUGINFOD_URLS=https://debuginfod.ubuntu.com PS1=\[\e]0;\u@\h: \w\a\]${debian_chroot:+($debian_chroot)}\[\033[01;32m\]\u@\h\[\033[00m\]:\[\033[01;34m\]\w\[\033[00m\]\$ /usr/bin/cmake --install /home/ibrahim/ros2_ws/build/mycobot_mtc_demos
