running egg_info
creating ../../build/arm_serial_bridge/arm_serial_bridge.egg-info
writing ../../build/arm_serial_bridge/arm_serial_bridge.egg-info/PKG-INFO
writing dependency_links to ../../build/arm_serial_bridge/arm_serial_bridge.egg-info/dependency_links.txt
writing entry points to ../../build/arm_serial_bridge/arm_serial_bridge.egg-info/entry_points.txt
writing requirements to ../../build/arm_serial_bridge/arm_serial_bridge.egg-info/requires.txt
writing top-level names to ../../build/arm_serial_bridge/arm_serial_bridge.egg-info/top_level.txt
writing manifest file '../../build/arm_serial_bridge/arm_serial_bridge.egg-info/SOURCES.txt'
reading manifest file '../../build/arm_serial_bridge/arm_serial_bridge.egg-info/SOURCES.txt'
writing manifest file '../../build/arm_serial_bridge/arm_serial_bridge.egg-info/SOURCES.txt'
running build
running build_py
creating /home/ibrahim/ros2_ws/build/arm_serial_bridge/build
creating /home/ibrahim/ros2_ws/build/arm_serial_bridge/build/lib
creating /home/ibrahim/ros2_ws/build/arm_serial_bridge/build/lib/arm_serial_bridge
copying arm_serial_bridge/auto_move.py -> /home/ibrahim/ros2_ws/build/arm_serial_bridge/build/lib/arm_serial_bridge
copying arm_serial_bridge/moveit_auto.py -> /home/ibrahim/ros2_ws/build/arm_serial_bridge/build/lib/arm_serial_bridge
copying arm_serial_bridge/joint_to_serial.py -> /home/ibrahim/ros2_ws/build/arm_serial_bridge/build/lib/arm_serial_bridge
copying arm_serial_bridge/__init__.py -> /home/ibrahim/ros2_ws/build/arm_serial_bridge/build/lib/arm_serial_bridge
running install
running install_lib
creating /home/ibrahim/ros2_ws/install/arm_serial_bridge/lib/python3.12/site-packages/arm_serial_bridge
copying /home/ibrahim/ros2_ws/build/arm_serial_bridge/build/lib/arm_serial_bridge/auto_move.py -> /home/ibrahim/ros2_ws/install/arm_serial_bridge/lib/python3.12/site-packages/arm_serial_bridge
copying /home/ibrahim/ros2_ws/build/arm_serial_bridge/build/lib/arm_serial_bridge/moveit_auto.py -> /home/ibrahim/ros2_ws/install/arm_serial_bridge/lib/python3.12/site-packages/arm_serial_bridge
copying /home/ibrahim/ros2_ws/build/arm_serial_bridge/build/lib/arm_serial_bridge/joint_to_serial.py -> /home/ibrahim/ros2_ws/install/arm_serial_bridge/lib/python3.12/site-packages/arm_serial_bridge
copying /home/ibrahim/ros2_ws/build/arm_serial_bridge/build/lib/arm_serial_bridge/__init__.py -> /home/ibrahim/ros2_ws/install/arm_serial_bridge/lib/python3.12/site-packages/arm_serial_bridge
byte-compiling /home/ibrahim/ros2_ws/install/arm_serial_bridge/lib/python3.12/site-packages/arm_serial_bridge/auto_move.py to auto_move.cpython-312.pyc
byte-compiling /home/ibrahim/ros2_ws/install/arm_serial_bridge/lib/python3.12/site-packages/arm_serial_bridge/moveit_auto.py to moveit_auto.cpython-312.pyc
byte-compiling /home/ibrahim/ros2_ws/install/arm_serial_bridge/lib/python3.12/site-packages/arm_serial_bridge/joint_to_serial.py to joint_to_serial.cpython-312.pyc
byte-compiling /home/ibrahim/ros2_ws/install/arm_serial_bridge/lib/python3.12/site-packages/arm_serial_bridge/__init__.py to __init__.cpython-312.pyc
running install_egg_info
Copying ../../build/arm_serial_bridge/arm_serial_bridge.egg-info to /home/ibrahim/ros2_ws/install/arm_serial_bridge/lib/python3.12/site-packages/arm_serial_bridge-0.0.0-py3.12.egg-info
running install_scripts
Installing auto_move script to /home/ibrahim/ros2_ws/install/arm_serial_bridge/lib/arm_serial_bridge
Installing joint_to_serial script to /home/ibrahim/ros2_ws/install/arm_serial_bridge/lib/arm_serial_bridge
Installing moveit_auto script to /home/ibrahim/ros2_ws/install/arm_serial_bridge/lib/arm_serial_bridge
writing list of installed files to '/home/ibrahim/ros2_ws/build/arm_serial_bridge/install.log'
