[0.040s] Invoking command in '/home/ibrahim/ros2_ws/build/mycobot_moveit_demos': CMAKE_PREFIX_PATH=${CMAKE_PREFIX_PATH}:/home/ibrahim/ros2_ws/install/mycobot_description:/home/ibrahim/ros2_ws/install/arm_serial_bridge:/opt/ros/jazzy DEBUGINFOD_URLS=https://debuginfod.ubuntu.com PS1=\[\e]0;\u@\h: \w\a\]${debian_chroot:+($debian_chroot)}\[\033[01;32m\]\u@\h\[\033[00m\]:\[\033[01;34m\]\w\[\033[00m\]\$ /usr/bin/cmake --build /home/ibrahim/ros2_ws/build/mycobot_moveit_demos -- -j4 -l4
[0.232s] -- Found ament_cmake: 2.5.5 (/opt/ros/jazzy/share/ament_cmake/cmake)
[0.642s] -- Found moveit_msgs: 2.6.0 (/opt/ros/jazzy/share/moveit_msgs/cmake)
[0.681s] -- Found rosidl_generator_c: 4.6.7 (/opt/ros/jazzy/share/rosidl_generator_c/cmake)
[0.704s] -- Found rosidl_generator_cpp: 4.6.7 (/opt/ros/jazzy/share/rosidl_generator_cpp/cmake)
[0.706s] -- Using all available rosidl_typesupport_c: rosidl_typesupport_fastrtps_c;rosidl_typesupport_introspection_c
[0.721s] -- Using all available rosidl_typesupport_cpp: rosidl_typesupport_fastrtps_cpp;rosidl_typesupport_introspection_cpp
[1.084s] -- Found moveit_ros_planning_interface: 2.12.4 (/opt/ros/jazzy/share/moveit_ros_planning_interface/cmake)
[1.099s] -- Found Boost: /usr/lib/x86_64-linux-gnu/cmake/Boost-1.83.0/BoostConfig.cmake (found version "1.83.0") found components: date_time filesystem program_options system thread 
[1.115s] -- Found Boost: /usr/lib/x86_64-linux-gnu/cmake/Boost-1.83.0/BoostConfig.cmake (found version "1.83.0") found components: chrono date_time filesystem iostreams program_options regex serialization system thread 
[1.162s] -- Found parameter_traits: 0.6.0 (/opt/ros/jazzy/share/parameter_traits/cmake)
[1.229s] -- Found rmw_implementation_cmake: 7.3.3 (/opt/ros/jazzy/share/rmw_implementation_cmake/cmake)
[1.236s] -- Found rmw_fastrtps_cpp: 8.4.3 (/opt/ros/jazzy/share/rmw_fastrtps_cpp/cmake)
[1.334s] -- Using RMW implementation 'rmw_fastrtps_cpp' as default
[1.433s] -- Found rclcpp_lifecycle: 28.1.16 (/opt/ros/jazzy/share/rclcpp_lifecycle/cmake)
[1.467s] -- Found Boost: /usr/lib/x86_64-linux-gnu/cmake/Boost-1.83.0/BoostConfig.cmake (found version "1.83.0") found components: filesystem 
[1.535s] -- Ensuring Eigen3 include directory is part of orocos-kdl CMake target
[1.677s] -- Found Boost: /usr/lib/x86_64-linux-gnu/cmake/Boost-1.83.0/BoostConfig.cmake (found version "1.83.0") found components: system filesystem date_time program_options thread chrono 
[1.732s] -- Found Boost: /usr/lib/x86_64-linux-gnu/cmake/Boost-1.83.0/BoostConfig.cmake (found version "1.83.0") found components: thread system filesystem regex date_time program_options 
[1.765s] -- Found Boost: /usr/lib/x86_64-linux-gnu/cmake/Boost-1.83.0/BoostConfig.cmake (found version "1.83.0") found components: system filesystem date_time program_options thread 
[1.828s] -- Found moveit_visual_tools: 4.1.2 (/opt/ros/jazzy/share/moveit_visual_tools/cmake)
[2.078s] -- Setting OGRE_DIR to: '/opt/ros/jazzy/share/rviz_ogre_vendor/cmake/../../../opt/rviz_ogre_vendor/lib/OGRE/cmake'
[2.079s] -- Found OGRE
[2.079s] --   static     : OFF
[2.079s] --   components : MeshLodGenerator;Overlay;Paging;Property;RTShaderSystem;Terrain;Volume
[2.079s] --   plugins    : Plugin_BSPSceneManager;Plugin_OctreeSceneManager;Plugin_PCZSceneManager;Plugin_ParticleFX;RenderSystem_GL;RenderSystem_GL3Plus;Codec_STBI
[2.079s] --   media      : /opt/ros/jazzy/opt/rviz_ogre_vendor/share/OGRE/Media
[2.079s] -- OGRE_LIBRARIES: OgreMeshLodGenerator;OgreOverlay;OgrePaging;OgreProperty;OgreRTShaderSystem;OgreTerrain;OgreVolume;OgreMain
[2.079s] -- OGRE_LIBRARY_DIRS: /opt/ros/jazzy/opt/rviz_ogre_vendor/lib
[2.079s] -- OGRE_PLUGINS: Plugin_BSPSceneManager;Plugin_OctreeSceneManager;Plugin_PCZSceneManager;Plugin_ParticleFX;RenderSystem_GL;RenderSystem_GL3Plus;Codec_STBI
[2.079s] -- OGRE_PLUGIN_DIR: /opt/ros/jazzy/opt/rviz_ogre_vendor/lib/OGRE
[2.079s] -- rviz_ogre_vendor::OgreOverlay for IMPORTED_LOCATION_RELEASE: /opt/ros/jazzy/opt/rviz_ogre_vendor/lib/libOgreOverlay.so
[2.079s] -- rviz_ogre_vendor::OgreOverlay for IMPORTED_LOCATION_DEBUG: /opt/ros/jazzy/opt/rviz_ogre_vendor/lib/libOgreOverlay.so
[2.079s] -- rviz_ogre_vendor::OgreMain for IMPORTED_LOCATION_RELEASE: /opt/ros/jazzy/opt/rviz_ogre_vendor/lib/libOgreMain.so
[2.080s] -- rviz_ogre_vendor::OgreMain for IMPORTED_LOCATION_DEBUG: /opt/ros/jazzy/opt/rviz_ogre_vendor/lib/libOgreMain.so
[2.137s] -- Setting yaml-cpp_DIR to: '/opt/ros/jazzy/share/yaml_cpp_vendor/cmake/../../../opt/yaml_cpp_vendor/share/cmake/yaml-cpp'
[2.434s] -- Found ament_lint_auto: 0.17.4 (/opt/ros/jazzy/share/ament_lint_auto/cmake)
[2.584s] -- Added test 'cppcheck' to perform static code analysis on C / C++ code
[2.585s] -- Configured cppcheck include dirs: $<BUILD_INTERFACE:/home/ibrahim/ros2_ws/src/mycobot_ros2/mycobot_moveit_demos/include>
[2.585s] -- Configured cppcheck exclude dirs and/or files: 
[2.585s] -- Added test 'lint_cmake' to check CMake code style
[2.586s] -- Added test 'uncrustify' to check C / C++ code style
[2.586s] -- Configured uncrustify additional arguments: 
[2.587s] -- Added test 'xmllint' to check XML markup files
[2.592s] -- Configuring done (2.4s)
[3.161s] -- Generating done (0.5s)
[3.178s] -- Build files have been written to: /home/ibrahim/ros2_ws/build/mycobot_moveit_demos
[4.950s] [ 25%] [32mBuilding CXX object CMakeFiles/hello_moveit.dir/src/hello_moveit.cpp.o[0m
[5.041s] [ 50%] [32mBuilding CXX object CMakeFiles/plan_around_objects.dir/src/plan_around_objects.cpp.o[0m
[24.760s] [ 75%] [32m[1mLinking CXX executable hello_moveit[0m
[29.832s] [ 75%] Built target hello_moveit
[29.914s] [100%] [32m[1mLinking CXX executable plan_around_objects[0m
[31.890s] [100%] Built target plan_around_objects
[31.908s] Invoked command in '/home/ibrahim/ros2_ws/build/mycobot_moveit_demos' returned '0': CMAKE_PREFIX_PATH=${CMAKE_PREFIX_PATH}:/home/ibrahim/ros2_ws/install/mycobot_description:/home/ibrahim/ros2_ws/install/arm_serial_bridge:/opt/ros/jazzy DEBUGINFOD_URLS=https://debuginfod.ubuntu.com PS1=\[\e]0;\u@\h: \w\a\]${debian_chroot:+($debian_chroot)}\[\033[01;32m\]\u@\h\[\033[00m\]:\[\033[01;34m\]\w\[\033[00m\]\$ /usr/bin/cmake --build /home/ibrahim/ros2_ws/build/mycobot_moveit_demos -- -j4 -l4
[31.926s] Invoking command in '/home/ibrahim/ros2_ws/build/mycobot_moveit_demos': CMAKE_PREFIX_PATH=${CMAKE_PREFIX_PATH}:/home/ibrahim/ros2_ws/install/mycobot_description:/home/ibrahim/ros2_ws/install/arm_serial_bridge:/opt/ros/jazzy DEBUGINFOD_URLS=https://debuginfod.ubuntu.com PS1=\[\e]0;\u@\h: \w\a\]${debian_chroot:+($debian_chroot)}\[\033[01;32m\]\u@\h\[\033[00m\]:\[\033[01;34m\]\w\[\033[00m\]\$ /usr/bin/cmake --install /home/ibrahim/ros2_ws/build/mycobot_moveit_demos
[31.937s] -- Install configuration: ""
[31.962s] -- Installing: /home/ibrahim/ros2_ws/install/mycobot_moveit_demos/lib/mycobot_moveit_demos/hello_moveit
[31.963s] -- Set non-toolchain portion of runtime path of "/home/ibrahim/ros2_ws/install/mycobot_moveit_demos/lib/mycobot_moveit_demos/hello_moveit" to ""
[31.986s] -- Installing: /home/ibrahim/ros2_ws/install/mycobot_moveit_demos/lib/mycobot_moveit_demos/plan_around_objects
[31.987s] -- Set non-toolchain portion of runtime path of "/home/ibrahim/ros2_ws/install/mycobot_moveit_demos/lib/mycobot_moveit_demos/plan_around_objects" to ""
[31.987s] -- Up-to-date: /home/ibrahim/ros2_ws/install/mycobot_moveit_demos/share/ament_index/resource_index/package_run_dependencies/mycobot_moveit_demos
[31.989s] -- Up-to-date: /home/ibrahim/ros2_ws/install/mycobot_moveit_demos/share/ament_index/resource_index/parent_prefix_path/mycobot_moveit_demos
[31.989s] -- Up-to-date: /home/ibrahim/ros2_ws/install/mycobot_moveit_demos/share/mycobot_moveit_demos/environment/ament_prefix_path.sh
[31.990s] -- Up-to-date: /home/ibrahim/ros2_ws/install/mycobot_moveit_demos/share/mycobot_moveit_demos/environment/ament_prefix_path.dsv
[31.990s] -- Up-to-date: /home/ibrahim/ros2_ws/install/mycobot_moveit_demos/share/mycobot_moveit_demos/environment/path.sh
[31.991s] -- Up-to-date: /home/ibrahim/ros2_ws/install/mycobot_moveit_demos/share/mycobot_moveit_demos/environment/path.dsv
[31.991s] -- Up-to-date: /home/ibrahim/ros2_ws/install/mycobot_moveit_demos/share/mycobot_moveit_demos/local_setup.bash
[31.991s] -- Up-to-date: /home/ibrahim/ros2_ws/install/mycobot_moveit_demos/share/mycobot_moveit_demos/local_setup.sh
[31.991s] -- Up-to-date: /home/ibrahim/ros2_ws/install/mycobot_moveit_demos/share/mycobot_moveit_demos/local_setup.zsh
[31.992s] -- Up-to-date: /home/ibrahim/ros2_ws/install/mycobot_moveit_demos/share/mycobot_moveit_demos/local_setup.dsv
[31.992s] -- Installing: /home/ibrahim/ros2_ws/install/mycobot_moveit_demos/share/mycobot_moveit_demos/package.dsv
[31.992s] -- Up-to-date: /home/ibrahim/ros2_ws/install/mycobot_moveit_demos/share/ament_index/resource_index/packages/mycobot_moveit_demos
[31.994s] -- Up-to-date: /home/ibrahim/ros2_ws/install/mycobot_moveit_demos/share/mycobot_moveit_demos/cmake/mycobot_moveit_demosConfig.cmake
[31.994s] -- Up-to-date: /home/ibrahim/ros2_ws/install/mycobot_moveit_demos/share/mycobot_moveit_demos/cmake/mycobot_moveit_demosConfig-version.cmake
[31.994s] -- Installing: /home/ibrahim/ros2_ws/install/mycobot_moveit_demos/share/mycobot_moveit_demos/package.xml
[31.999s] Invoked command in '/home/ibrahim/ros2_ws/build/mycobot_moveit_demos' returned '0': CMAKE_PREFIX_PATH=${CMAKE_PREFIX_PATH}:/home/ibrahim/ros2_ws/install/mycobot_description:/home/ibrahim/ros2_ws/install/arm_serial_bridge:/opt/ros/jazzy DEBUGINFOD_URLS=https://debuginfod.ubuntu.com PS1=\[\e]0;\u@\h: \w\a\]${debian_chroot:+($debian_chroot)}\[\033[01;32m\]\u@\h\[\033[00m\]:\[\033[01;34m\]\w\[\033[00m\]\$ /usr/bin/cmake --install /home/ibrahim/ros2_ws/build/mycobot_moveit_demos
