[0.057s] Invoking command in '/home/ibrahim/ros2_ws/build/mycobot_description': CMAKE_PREFIX_PATH=${CMAKE_PREFIX_PATH}:/home/ibrahim/ros2_ws/install/mycobot_description:/home/ibrahim/ros2_ws/install/arm_serial_bridge:/opt/ros/jazzy DEBUGINFOD_URLS=https://debuginfod.ubuntu.com PS1=\[\e]0;\u@\h: \w\a\]${debian_chroot:+($debian_chroot)}\[\033[01;32m\]\u@\h\[\033[00m\]:\[\033[01;34m\]\w\[\033[00m\]\$ /usr/bin/cmake --build /home/ibrahim/ros2_ws/build/mycobot_description -- -j4 -l4
[0.180s] -- Found ament_cmake: 2.5.5 (/opt/ros/jazzy/share/ament_cmake/cmake)
[0.592s] -- Found urdf_tutorial: 1.1.0 (/opt/ros/jazzy/share/urdf_tutorial/cmake)
[0.596s] -- Found ament_lint_auto: 0.17.4 (/opt/ros/jazzy/share/ament_lint_auto/cmake)
[0.754s] -- Added test 'flake8' to check Python code syntax and style conventions
[0.754s] -- Configured 'flake8' exclude dirs and/or files: 
[0.755s] -- Added test 'lint_cmake' to check CMake code style
[0.755s] -- Added test 'pep257' to check Python code against some of the docstring style conventions in PEP 257
[0.758s] -- Added test 'xmllint' to check XML markup files
[0.759s] -- Configuring done (0.6s)
[0.775s] -- Generating done (0.0s)
[0.782s] -- Build files have been written to: /home/ibrahim/ros2_ws/build/mycobot_description
[0.855s] Invoked command in '/home/ibrahim/ros2_ws/build/mycobot_description' returned '0': CMAKE_PREFIX_PATH=${CMAKE_PREFIX_PATH}:/home/ibrahim/ros2_ws/install/mycobot_description:/home/ibrahim/ros2_ws/install/arm_serial_bridge:/opt/ros/jazzy DEBUGINFOD_URLS=https://debuginfod.ubuntu.com PS1=\[\e]0;\u@\h: \w\a\]${debian_chroot:+($debian_chroot)}\[\033[01;32m\]\u@\h\[\033[00m\]:\[\033[01;34m\]\w\[\033[00m\]\$ /usr/bin/cmake --build /home/ibrahim/ros2_ws/build/mycobot_description -- -j4 -l4
[0.858s] Invoking command in '/home/ibrahim/ros2_ws/build/mycobot_description': CMAKE_PREFIX_PATH=${CMAKE_PREFIX_PATH}:/home/ibrahim/ros2_ws/install/mycobot_description:/home/ibrahim/ros2_ws/install/arm_serial_bridge:/opt/ros/jazzy DEBUGINFOD_URLS=https://debuginfod.ubuntu.com PS1=\[\e]0;\u@\h: \w\a\]${debian_chroot:+($debian_chroot)}\[\033[01;32m\]\u@\h\[\033[00m\]:\[\033[01;34m\]\w\[\033[00m\]\$ /usr/bin/cmake --install /home/ibrahim/ros2_ws/build/mycobot_description
[0.870s] -- Install configuration: ""
[0.871s] -- Up-to-date: /home/ibrahim/ros2_ws/install/mycobot_description/share/mycobot_description/launch
[0.871s] -- Installing: /home/ibrahim/ros2_ws/install/mycobot_description/share/mycobot_description/launch/robot_state_publisher.launch.py
[0.872s] -- Up-to-date: /home/ibrahim/ros2_ws/install/mycobot_description/share/mycobot_description/meshes
[0.872s] -- Up-to-date: /home/ibrahim/ros2_ws/install/mycobot_description/share/mycobot_description/meshes/g_shape_base_v2_0
[0.872s] -- Up-to-date: /home/ibrahim/ros2_ws/install/mycobot_description/share/mycobot_description/meshes/g_shape_base_v2_0/visual
[0.872s] -- Installing: /home/ibrahim/ros2_ws/install/mycobot_description/share/mycobot_description/meshes/g_shape_base_v2_0/visual/base_link.dae
[0.893s] -- Up-to-date: /home/ibrahim/ros2_ws/install/mycobot_description/share/mycobot_description/meshes/mycobot_280
[0.893s] -- Up-to-date: /home/ibrahim/ros2_ws/install/mycobot_description/share/mycobot_description/meshes/mycobot_280/visual
[0.893s] -- Installing: /home/ibrahim/ros2_ws/install/mycobot_description/share/mycobot_description/meshes/mycobot_280/visual/suit_env.dae
[0.963s] -- Installing: /home/ibrahim/ros2_ws/install/mycobot_description/share/mycobot_description/meshes/mycobot_280/visual/link1.dae
[1.045s] -- Installing: /home/ibrahim/ros2_ws/install/mycobot_description/share/mycobot_description/meshes/mycobot_280/visual/link4.png
[1.045s] -- Installing: /home/ibrahim/ros2_ws/install/mycobot_description/share/mycobot_description/meshes/mycobot_280/visual/link2.png
[1.045s] -- Installing: /home/ibrahim/ros2_ws/install/mycobot_description/share/mycobot_description/meshes/mycobot_280/visual/link5.dae
[1.075s] -- Installing: /home/ibrahim/ros2_ws/install/mycobot_description/share/mycobot_description/meshes/mycobot_280/visual/link1.png
[1.076s] -- Installing: /home/ibrahim/ros2_ws/install/mycobot_description/share/mycobot_description/meshes/mycobot_280/visual/link3.png
[1.082s] -- Installing: /home/ibrahim/ros2_ws/install/mycobot_description/share/mycobot_description/meshes/mycobot_280/visual/link7.png
[1.082s] -- Installing: /home/ibrahim/ros2_ws/install/mycobot_description/share/mycobot_description/meshes/mycobot_280/visual/link3.dae
[1.117s] -- Installing: /home/ibrahim/ros2_ws/install/mycobot_description/share/mycobot_description/meshes/mycobot_280/visual/link5.png
[1.117s] -- Installing: /home/ibrahim/ros2_ws/install/mycobot_description/share/mycobot_description/meshes/mycobot_280/visual/link6.png
[1.117s] -- Installing: /home/ibrahim/ros2_ws/install/mycobot_description/share/mycobot_description/meshes/mycobot_280/visual/link4.dae
[1.128s] -- Installing: /home/ibrahim/ros2_ws/install/mycobot_description/share/mycobot_description/meshes/mycobot_280/visual/link6.dae
[1.155s] -- Installing: /home/ibrahim/ros2_ws/install/mycobot_description/share/mycobot_description/meshes/mycobot_280/visual/link7.dae
[1.172s] -- Installing: /home/ibrahim/ros2_ws/install/mycobot_description/share/mycobot_description/meshes/mycobot_280/visual/link2.dae
[1.197s] -- Up-to-date: /home/ibrahim/ros2_ws/install/mycobot_description/share/mycobot_description/meshes/d435
[1.197s] -- Up-to-date: /home/ibrahim/ros2_ws/install/mycobot_description/share/mycobot_description/meshes/d435/visual
[1.197s] -- Installing: /home/ibrahim/ros2_ws/install/mycobot_description/share/mycobot_description/meshes/d435/visual/d435.stl
[1.341s] -- Up-to-date: /home/ibrahim/ros2_ws/install/mycobot_description/share/mycobot_description/meshes/adaptive_gripper
[1.341s] -- Up-to-date: /home/ibrahim/ros2_ws/install/mycobot_description/share/mycobot_description/meshes/adaptive_gripper/visual
[1.341s] -- Installing: /home/ibrahim/ros2_ws/install/mycobot_description/share/mycobot_description/meshes/adaptive_gripper/visual/gripper_left3.dae
[1.352s] -- Installing: /home/ibrahim/ros2_ws/install/mycobot_description/share/mycobot_description/meshes/adaptive_gripper/visual/gripper_right3.dae
[1.366s] -- Installing: /home/ibrahim/ros2_ws/install/mycobot_description/share/mycobot_description/meshes/adaptive_gripper/visual/gripper_right2.dae
[1.366s] -- Installing: /home/ibrahim/ros2_ws/install/mycobot_description/share/mycobot_description/meshes/adaptive_gripper/visual/gripper_base.dae
[1.392s] -- Installing: /home/ibrahim/ros2_ws/install/mycobot_description/share/mycobot_description/meshes/adaptive_gripper/visual/gripper_left1.dae
[1.398s] -- Installing: /home/ibrahim/ros2_ws/install/mycobot_description/share/mycobot_description/meshes/adaptive_gripper/visual/gripper_right1.dae
[1.401s] -- Installing: /home/ibrahim/ros2_ws/install/mycobot_description/share/mycobot_description/meshes/adaptive_gripper/visual/gripper_left2.dae
[1.405s] -- Up-to-date: /home/ibrahim/ros2_ws/install/mycobot_description/share/mycobot_description/urdf
[1.405s] -- Up-to-date: /home/ibrahim/ros2_ws/install/mycobot_description/share/mycobot_description/urdf/robots
[1.405s] -- Installing: /home/ibrahim/ros2_ws/install/mycobot_description/share/mycobot_description/urdf/robots/mycobot_280.urdf.xacro
[1.407s] -- Up-to-date: /home/ibrahim/ros2_ws/install/mycobot_description/share/mycobot_description/urdf/mech
[1.407s] -- Installing: /home/ibrahim/ros2_ws/install/mycobot_description/share/mycobot_description/urdf/mech/mycobot_280_arm.urdf.xacro
[1.407s] -- Installing: /home/ibrahim/ros2_ws/install/mycobot_description/share/mycobot_description/urdf/mech/g_shape_base_v2_0.urdf.xacro
[1.407s] -- Installing: /home/ibrahim/ros2_ws/install/mycobot_description/share/mycobot_description/urdf/mech/adaptive_gripper.urdf.xacro
[1.407s] -- Up-to-date: /home/ibrahim/ros2_ws/install/mycobot_description/share/mycobot_description/urdf/sensors
[1.407s] -- Installing: /home/ibrahim/ros2_ws/install/mycobot_description/share/mycobot_description/urdf/sensors/intel_rgbd_cam_d435.urdf.xacro
[1.407s] -- Installing: /home/ibrahim/ros2_ws/install/mycobot_description/share/mycobot_description/urdf/mycobot280_rviz.png
[1.410s] -- Up-to-date: /home/ibrahim/ros2_ws/install/mycobot_description/share/mycobot_description/urdf/control
[1.411s] -- Installing: /home/ibrahim/ros2_ws/install/mycobot_description/share/mycobot_description/urdf/control/mycobot_280_ros2_control.urdf.xacro
[1.411s] -- Up-to-date: /home/ibrahim/ros2_ws/install/mycobot_description/share/mycobot_description/rviz
[1.412s] -- Installing: /home/ibrahim/ros2_ws/install/mycobot_description/share/mycobot_description/rviz/mycobot_280_description.rviz
[1.412s] -- Up-to-date: /home/ibrahim/ros2_ws/install/mycobot_description/share/ament_index/resource_index/package_run_dependencies/mycobot_description
[1.412s] -- Up-to-date: /home/ibrahim/ros2_ws/install/mycobot_description/share/ament_index/resource_index/parent_prefix_path/mycobot_description
[1.412s] -- Up-to-date: /home/ibrahim/ros2_ws/install/mycobot_description/share/mycobot_description/environment/ament_prefix_path.sh
[1.413s] -- Up-to-date: /home/ibrahim/ros2_ws/install/mycobot_description/share/mycobot_description/environment/ament_prefix_path.dsv
[1.413s] -- Up-to-date: /home/ibrahim/ros2_ws/install/mycobot_description/share/mycobot_description/environment/path.sh
[1.413s] -- Up-to-date: /home/ibrahim/ros2_ws/install/mycobot_description/share/mycobot_description/environment/path.dsv
[1.413s] -- Up-to-date: /home/ibrahim/ros2_ws/install/mycobot_description/share/mycobot_description/local_setup.bash
[1.413s] -- Up-to-date: /home/ibrahim/ros2_ws/install/mycobot_description/share/mycobot_description/local_setup.sh
[1.413s] -- Up-to-date: /home/ibrahim/ros2_ws/install/mycobot_description/share/mycobot_description/local_setup.zsh
[1.413s] -- Up-to-date: /home/ibrahim/ros2_ws/install/mycobot_description/share/mycobot_description/local_setup.dsv
[1.413s] -- Up-to-date: /home/ibrahim/ros2_ws/install/mycobot_description/share/mycobot_description/package.dsv
[1.413s] -- Up-to-date: /home/ibrahim/ros2_ws/install/mycobot_description/share/ament_index/resource_index/packages/mycobot_description
[1.413s] -- Up-to-date: /home/ibrahim/ros2_ws/install/mycobot_description/share/mycobot_description/cmake/mycobot_descriptionConfig.cmake
[1.413s] -- Up-to-date: /home/ibrahim/ros2_ws/install/mycobot_description/share/mycobot_description/cmake/mycobot_descriptionConfig-version.cmake
[1.413s] -- Installing: /home/ibrahim/ros2_ws/install/mycobot_description/share/mycobot_description/package.xml
[1.416s] Invoked command in '/home/ibrahim/ros2_ws/build/mycobot_description' returned '0': CMAKE_PREFIX_PATH=${CMAKE_PREFIX_PATH}:/home/ibrahim/ros2_ws/install/mycobot_description:/home/ibrahim/ros2_ws/install/arm_serial_bridge:/opt/ros/jazzy DEBUGINFOD_URLS=https://debuginfod.ubuntu.com PS1=\[\e]0;\u@\h: \w\a\]${debian_chroot:+($debian_chroot)}\[\033[01;32m\]\u@\h\[\033[00m\]:\[\033[01;34m\]\w\[\033[00m\]\$ /usr/bin/cmake --install /home/ibrahim/ros2_ws/build/mycobot_description
