[0.289s] Invoking command in '/home/ibrahim/ros2_ws/build/mycobot_interfaces': CMAKE_PREFIX_PATH=${CMAKE_PREFIX_PATH}:/home/ibrahim/ros2_ws/install/arm_serial_bridge:/opt/ros/jazzy DEBUGINFOD_URLS=https://debuginfod.ubuntu.com /usr/bin/cmake --build /home/ibrahim/ros2_ws/build/mycobot_interfaces -- -j4 -l4
[1.725s] [  2%] Built target mycobot_interfaces__rosidl_generator_type_description
[1.796s] [  2%] Built target ament_cmake_python_copy_mycobot_interfaces
[1.964s] [  5%] Built target mycobot_interfaces__cpp
[2.387s] running egg_info
[2.418s] writing mycobot_interfaces.egg-info/PKG-INFO
[2.422s] writing dependency_links to mycobot_interfaces.egg-info/dependency_links.txt
[2.422s] writing top-level names to mycobot_interfaces.egg-info/top_level.txt
[2.544s] reading manifest file 'mycobot_interfaces.egg-info/SOURCES.txt'
[2.560s] writing manifest file 'mycobot_interfaces.egg-info/SOURCES.txt'
[2.641s] [ 20%] Built target mycobot_interfaces__rosidl_generator_c
[2.661s] [ 20%] Built target ament_cmake_python_build_mycobot_interfaces_egg
[2.952s] [ 29%] Built target mycobot_interfaces__rosidl_typesupport_introspection_c
[3.243s] [ 38%] Built target mycobot_interfaces__rosidl_typesupport_fastrtps_cpp
[3.244s] [ 47%] Built target mycobot_interfaces__rosidl_typesupport_fastrtps_c
[3.257s] [ 55%] Built target mycobot_interfaces__rosidl_typesupport_cpp
[3.278s] [ 64%] Built target mycobot_interfaces__rosidl_typesupport_c
[3.349s] [ 73%] Built target mycobot_interfaces__rosidl_typesupport_introspection_cpp
[3.422s] [ 73%] Built target mycobot_interfaces
[3.540s] [ 76%] Built target mycobot_interfaces__py
[3.930s] [ 82%] Built target mycobot_interfaces__rosidl_generator_py
[4.013s] [ 88%] Built target mycobot_interfaces_s__rosidl_typesupport_c
[4.035s] [ 94%] Built target mycobot_interfaces_s__rosidl_typesupport_introspection_c
[4.048s] [100%] Built target mycobot_interfaces_s__rosidl_typesupport_fastrtps_c
[4.131s] Invoked command in '/home/ibrahim/ros2_ws/build/mycobot_interfaces' returned '0': CMAKE_PREFIX_PATH=${CMAKE_PREFIX_PATH}:/home/ibrahim/ros2_ws/install/arm_serial_bridge:/opt/ros/jazzy DEBUGINFOD_URLS=https://debuginfod.ubuntu.com /usr/bin/cmake --build /home/ibrahim/ros2_ws/build/mycobot_interfaces -- -j4 -l4
[4.172s] Invoking command in '/home/ibrahim/ros2_ws/build/mycobot_interfaces': CMAKE_PREFIX_PATH=${CMAKE_PREFIX_PATH}:/home/ibrahim/ros2_ws/install/arm_serial_bridge:/opt/ros/jazzy DEBUGINFOD_URLS=https://debuginfod.ubuntu.com /usr/bin/cmake --install /home/ibrahim/ros2_ws/build/mycobot_interfaces
[4.191s] -- Install configuration: ""
[4.193s] -- Up-to-date: /home/ibrahim/ros2_ws/install/mycobot_interfaces/share/ament_index/resource_index/rosidl_interfaces/mycobot_interfaces
[4.195s] -- Up-to-date: /home/ibrahim/ros2_ws/install/mycobot_interfaces/share/mycobot_interfaces/srv/GetPlanningScene.json
[4.196s] -- Up-to-date: /home/ibrahim/ros2_ws/install/mycobot_interfaces/include/mycobot_interfaces/mycobot_interfaces
[4.198s] -- Up-to-date: /home/ibrahim/ros2_ws/install/mycobot_interfaces/include/mycobot_interfaces/mycobot_interfaces/srv
[4.202s] -- Up-to-date: /home/ibrahim/ros2_ws/install/mycobot_interfaces/include/mycobot_interfaces/mycobot_interfaces/srv/detail
[4.203s] -- Up-to-date: /home/ibrahim/ros2_ws/install/mycobot_interfaces/include/mycobot_interfaces/mycobot_interfaces/srv/detail/get_planning_scene__type_support.h
[4.203s] -- Up-to-date: /home/ibrahim/ros2_ws/install/mycobot_interfaces/include/mycobot_interfaces/mycobot_interfaces/srv/detail/get_planning_scene__type_support.c
[4.203s] -- Up-to-date: /home/ibrahim/ros2_ws/install/mycobot_interfaces/include/mycobot_interfaces/mycobot_interfaces/srv/detail/get_planning_scene__struct.h
[4.203s] -- Up-to-date: /home/ibrahim/ros2_ws/install/mycobot_interfaces/include/mycobot_interfaces/mycobot_interfaces/srv/detail/get_planning_scene__description.c
[4.203s] -- Up-to-date: /home/ibrahim/ros2_ws/install/mycobot_interfaces/include/mycobot_interfaces/mycobot_interfaces/srv/detail/get_planning_scene__functions.h
[4.204s] -- Up-to-date: /home/ibrahim/ros2_ws/install/mycobot_interfaces/include/mycobot_interfaces/mycobot_interfaces/srv/detail/get_planning_scene__functions.c
[4.204s] -- Up-to-date: /home/ibrahim/ros2_ws/install/mycobot_interfaces/include/mycobot_interfaces/mycobot_interfaces/srv/get_planning_scene.h
[4.204s] -- Up-to-date: /home/ibrahim/ros2_ws/install/mycobot_interfaces/include/mycobot_interfaces/mycobot_interfaces/msg
[4.204s] -- Up-to-date: /home/ibrahim/ros2_ws/install/mycobot_interfaces/include/mycobot_interfaces/mycobot_interfaces/msg/rosidl_generator_c__visibility_control.h
[4.204s] -- Up-to-date: /home/ibrahim/ros2_ws/install/mycobot_interfaces/share/mycobot_interfaces/environment/library_path.sh
[4.206s] -- Up-to-date: /home/ibrahim/ros2_ws/install/mycobot_interfaces/share/mycobot_interfaces/environment/library_path.dsv
[4.225s] -- Up-to-date: /home/ibrahim/ros2_ws/install/mycobot_interfaces/lib/libmycobot_interfaces__rosidl_generator_c.so
[4.226s] -- Up-to-date: /home/ibrahim/ros2_ws/install/mycobot_interfaces/include/mycobot_interfaces/mycobot_interfaces
[4.228s] -- Up-to-date: /home/ibrahim/ros2_ws/install/mycobot_interfaces/include/mycobot_interfaces/mycobot_interfaces/srv
[4.228s] -- Up-to-date: /home/ibrahim/ros2_ws/install/mycobot_interfaces/include/mycobot_interfaces/mycobot_interfaces/srv/detail
[4.228s] -- Up-to-date: /home/ibrahim/ros2_ws/install/mycobot_interfaces/include/mycobot_interfaces/mycobot_interfaces/srv/detail/get_planning_scene__rosidl_typesupport_fastrtps_c.h
[4.228s] -- Up-to-date: /home/ibrahim/ros2_ws/install/mycobot_interfaces/include/mycobot_interfaces/mycobot_interfaces/msg
[4.228s] -- Up-to-date: /home/ibrahim/ros2_ws/install/mycobot_interfaces/include/mycobot_interfaces/mycobot_interfaces/msg/rosidl_typesupport_fastrtps_c__visibility_control.h
[4.264s] -- Up-to-date: /home/ibrahim/ros2_ws/install/mycobot_interfaces/lib/libmycobot_interfaces__rosidl_typesupport_fastrtps_c.so
[4.264s] -- Up-to-date: /home/ibrahim/ros2_ws/install/mycobot_interfaces/include/mycobot_interfaces/mycobot_interfaces
[4.264s] -- Up-to-date: /home/ibrahim/ros2_ws/install/mycobot_interfaces/include/mycobot_interfaces/mycobot_interfaces/srv
[4.264s] -- Up-to-date: /home/ibrahim/ros2_ws/install/mycobot_interfaces/include/mycobot_interfaces/mycobot_interfaces/srv/detail
[4.264s] -- Up-to-date: /home/ibrahim/ros2_ws/install/mycobot_interfaces/include/mycobot_interfaces/mycobot_interfaces/srv/detail/get_planning_scene__struct.hpp
[4.264s] -- Up-to-date: /home/ibrahim/ros2_ws/install/mycobot_interfaces/include/mycobot_interfaces/mycobot_interfaces/srv/detail/get_planning_scene__builder.hpp
[4.265s] -- Up-to-date: /home/ibrahim/ros2_ws/install/mycobot_interfaces/include/mycobot_interfaces/mycobot_interfaces/srv/detail/get_planning_scene__type_support.hpp
[4.265s] -- Up-to-date: /home/ibrahim/ros2_ws/install/mycobot_interfaces/include/mycobot_interfaces/mycobot_interfaces/srv/detail/get_planning_scene__traits.hpp
[4.265s] -- Up-to-date: /home/ibrahim/ros2_ws/install/mycobot_interfaces/include/mycobot_interfaces/mycobot_interfaces/srv/get_planning_scene.hpp
[4.265s] -- Up-to-date: /home/ibrahim/ros2_ws/install/mycobot_interfaces/include/mycobot_interfaces/mycobot_interfaces/msg
[4.265s] -- Up-to-date: /home/ibrahim/ros2_ws/install/mycobot_interfaces/include/mycobot_interfaces/mycobot_interfaces/msg/rosidl_generator_cpp__visibility_control.hpp
[4.265s] -- Up-to-date: /home/ibrahim/ros2_ws/install/mycobot_interfaces/include/mycobot_interfaces/mycobot_interfaces
[4.265s] -- Up-to-date: /home/ibrahim/ros2_ws/install/mycobot_interfaces/include/mycobot_interfaces/mycobot_interfaces/srv
[4.266s] -- Up-to-date: /home/ibrahim/ros2_ws/install/mycobot_interfaces/include/mycobot_interfaces/mycobot_interfaces/srv/detail
[4.266s] -- Up-to-date: /home/ibrahim/ros2_ws/install/mycobot_interfaces/include/mycobot_interfaces/mycobot_interfaces/srv/detail/dds_fastrtps
[4.266s] -- Up-to-date: /home/ibrahim/ros2_ws/install/mycobot_interfaces/include/mycobot_interfaces/mycobot_interfaces/srv/detail/get_planning_scene__rosidl_typesupport_fastrtps_cpp.hpp
[4.266s] -- Up-to-date: /home/ibrahim/ros2_ws/install/mycobot_interfaces/include/mycobot_interfaces/mycobot_interfaces/msg
[4.266s] -- Up-to-date: /home/ibrahim/ros2_ws/install/mycobot_interfaces/include/mycobot_interfaces/mycobot_interfaces/msg/rosidl_typesupport_fastrtps_cpp__visibility_control.h
[4.315s] -- Up-to-date: /home/ibrahim/ros2_ws/install/mycobot_interfaces/lib/libmycobot_interfaces__rosidl_typesupport_fastrtps_cpp.so
[4.315s] -- Up-to-date: /home/ibrahim/ros2_ws/install/mycobot_interfaces/include/mycobot_interfaces/mycobot_interfaces
[4.316s] -- Up-to-date: /home/ibrahim/ros2_ws/install/mycobot_interfaces/include/mycobot_interfaces/mycobot_interfaces/srv
[4.316s] -- Up-to-date: /home/ibrahim/ros2_ws/install/mycobot_interfaces/include/mycobot_interfaces/mycobot_interfaces/srv/detail
[4.316s] -- Up-to-date: /home/ibrahim/ros2_ws/install/mycobot_interfaces/include/mycobot_interfaces/mycobot_interfaces/srv/detail/get_planning_scene__rosidl_typesupport_introspection_c.h
[4.318s] -- Up-to-date: /home/ibrahim/ros2_ws/install/mycobot_interfaces/include/mycobot_interfaces/mycobot_interfaces/srv/detail/get_planning_scene__type_support.c
[4.318s] -- Up-to-date: /home/ibrahim/ros2_ws/install/mycobot_interfaces/include/mycobot_interfaces/mycobot_interfaces/msg
[4.319s] -- Up-to-date: /home/ibrahim/ros2_ws/install/mycobot_interfaces/include/mycobot_interfaces/mycobot_interfaces/msg/rosidl_typesupport_introspection_c__visibility_control.h
[4.322s] -- Up-to-date: /home/ibrahim/ros2_ws/install/mycobot_interfaces/lib/libmycobot_interfaces__rosidl_typesupport_introspection_c.so
[4.329s] -- Up-to-date: /home/ibrahim/ros2_ws/install/mycobot_interfaces/lib/libmycobot_interfaces__rosidl_typesupport_c.so
[4.330s] -- Up-to-date: /home/ibrahim/ros2_ws/install/mycobot_interfaces/include/mycobot_interfaces/mycobot_interfaces
[4.332s] -- Up-to-date: /home/ibrahim/ros2_ws/install/mycobot_interfaces/include/mycobot_interfaces/mycobot_interfaces/srv
[4.332s] -- Up-to-date: /home/ibrahim/ros2_ws/install/mycobot_interfaces/include/mycobot_interfaces/mycobot_interfaces/srv/detail
[4.332s] -- Up-to-date: /home/ibrahim/ros2_ws/install/mycobot_interfaces/include/mycobot_interfaces/mycobot_interfaces/srv/detail/get_planning_scene__rosidl_typesupport_introspection_cpp.hpp
[4.332s] -- Up-to-date: /home/ibrahim/ros2_ws/install/mycobot_interfaces/include/mycobot_interfaces/mycobot_interfaces/srv/detail/get_planning_scene__type_support.cpp
[4.333s] -- Up-to-date: /home/ibrahim/ros2_ws/install/mycobot_interfaces/lib/libmycobot_interfaces__rosidl_typesupport_introspection_cpp.so
[4.369s] -- Up-to-date: /home/ibrahim/ros2_ws/install/mycobot_interfaces/lib/libmycobot_interfaces__rosidl_typesupport_cpp.so
[4.370s] -- Up-to-date: /home/ibrahim/ros2_ws/install/mycobot_interfaces/share/mycobot_interfaces/environment/pythonpath.sh
[4.370s] -- Up-to-date: /home/ibrahim/ros2_ws/install/mycobot_interfaces/share/mycobot_interfaces/environment/pythonpath.dsv
[4.370s] -- Up-to-date: /home/ibrahim/ros2_ws/install/mycobot_interfaces/lib/python3.12/site-packages/mycobot_interfaces-0.0.0-py3.12.egg-info
[4.370s] -- Installing: /home/ibrahim/ros2_ws/install/mycobot_interfaces/lib/python3.12/site-packages/mycobot_interfaces-0.0.0-py3.12.egg-info/dependency_links.txt
[4.372s] -- Installing: /home/ibrahim/ros2_ws/install/mycobot_interfaces/lib/python3.12/site-packages/mycobot_interfaces-0.0.0-py3.12.egg-info/SOURCES.txt
[4.372s] -- Installing: /home/ibrahim/ros2_ws/install/mycobot_interfaces/lib/python3.12/site-packages/mycobot_interfaces-0.0.0-py3.12.egg-info/PKG-INFO
[4.372s] -- Installing: /home/ibrahim/ros2_ws/install/mycobot_interfaces/lib/python3.12/site-packages/mycobot_interfaces-0.0.0-py3.12.egg-info/top_level.txt
[4.373s] -- Up-to-date: /home/ibrahim/ros2_ws/install/mycobot_interfaces/lib/python3.12/site-packages/mycobot_interfaces
[4.397s] -- Up-to-date: /home/ibrahim/ros2_ws/install/mycobot_interfaces/lib/python3.12/site-packages/mycobot_interfaces/_mycobot_interfaces_s.ep.rosidl_typesupport_fastrtps_c.c
[4.397s] -- Up-to-date: /home/ibrahim/ros2_ws/install/mycobot_interfaces/lib/python3.12/site-packages/mycobot_interfaces/srv
[4.398s] -- Up-to-date: /home/ibrahim/ros2_ws/install/mycobot_interfaces/lib/python3.12/site-packages/mycobot_interfaces/srv/_get_planning_scene.py
[4.398s] -- Up-to-date: /home/ibrahim/ros2_ws/install/mycobot_interfaces/lib/python3.12/site-packages/mycobot_interfaces/srv/_get_planning_scene_s.c
[4.401s] -- Up-to-date: /home/ibrahim/ros2_ws/install/mycobot_interfaces/lib/python3.12/site-packages/mycobot_interfaces/srv/__init__.py
[4.405s] -- Up-to-date: /home/ibrahim/ros2_ws/install/mycobot_interfaces/lib/python3.12/site-packages/mycobot_interfaces/mycobot_interfaces_s__rosidl_typesupport_introspection_c.so
[4.405s] -- Up-to-date: /home/ibrahim/ros2_ws/install/mycobot_interfaces/lib/python3.12/site-packages/mycobot_interfaces/_mycobot_interfaces_s.ep.rosidl_typesupport_introspection_c.c
[4.405s] -- Up-to-date: /home/ibrahim/ros2_ws/install/mycobot_interfaces/lib/python3.12/site-packages/mycobot_interfaces/mycobot_interfaces_s__rosidl_typesupport_c.so
[4.405s] -- Up-to-date: /home/ibrahim/ros2_ws/install/mycobot_interfaces/lib/python3.12/site-packages/mycobot_interfaces/__init__.py
[4.405s] -- Up-to-date: /home/ibrahim/ros2_ws/install/mycobot_interfaces/lib/python3.12/site-packages/mycobot_interfaces/_mycobot_interfaces_s.ep.rosidl_typesupport_c.c
[4.405s] -- Up-to-date: /home/ibrahim/ros2_ws/install/mycobot_interfaces/lib/python3.12/site-packages/mycobot_interfaces/mycobot_interfaces_s__rosidl_typesupport_fastrtps_c.so
[4.562s] Listing '/home/ibrahim/ros2_ws/install/mycobot_interfaces/lib/python3.12/site-packages/mycobot_interfaces'...
[4.562s] Listing '/home/ibrahim/ros2_ws/install/mycobot_interfaces/lib/python3.12/site-packages/mycobot_interfaces/srv'...
[4.591s] -- Up-to-date: /home/ibrahim/ros2_ws/install/mycobot_interfaces/lib/python3.12/site-packages/mycobot_interfaces/mycobot_interfaces_s__rosidl_typesupport_fastrtps_c.so
[4.595s] -- Up-to-date: /home/ibrahim/ros2_ws/install/mycobot_interfaces/lib/python3.12/site-packages/mycobot_interfaces/mycobot_interfaces_s__rosidl_typesupport_introspection_c.so
[4.605s] -- Up-to-date: /home/ibrahim/ros2_ws/install/mycobot_interfaces/lib/python3.12/site-packages/mycobot_interfaces/mycobot_interfaces_s__rosidl_typesupport_c.so
[4.624s] -- Up-to-date: /home/ibrahim/ros2_ws/install/mycobot_interfaces/lib/libmycobot_interfaces__rosidl_generator_py.so
[4.624s] -- Up-to-date: /home/ibrahim/ros2_ws/install/mycobot_interfaces/share/mycobot_interfaces/srv/GetPlanningScene.idl
[4.625s] -- Up-to-date: /home/ibrahim/ros2_ws/install/mycobot_interfaces/share/mycobot_interfaces/srv/GetPlanningScene.srv
[4.625s] -- Up-to-date: /home/ibrahim/ros2_ws/install/mycobot_interfaces/share/ament_index/resource_index/package_run_dependencies/mycobot_interfaces
[4.626s] -- Up-to-date: /home/ibrahim/ros2_ws/install/mycobot_interfaces/share/ament_index/resource_index/parent_prefix_path/mycobot_interfaces
[4.628s] -- Up-to-date: /home/ibrahim/ros2_ws/install/mycobot_interfaces/share/mycobot_interfaces/environment/ament_prefix_path.sh
[4.628s] -- Up-to-date: /home/ibrahim/ros2_ws/install/mycobot_interfaces/share/mycobot_interfaces/environment/ament_prefix_path.dsv
[4.628s] -- Up-to-date: /home/ibrahim/ros2_ws/install/mycobot_interfaces/share/mycobot_interfaces/environment/path.sh
[4.628s] -- Up-to-date: /home/ibrahim/ros2_ws/install/mycobot_interfaces/share/mycobot_interfaces/environment/path.dsv
[4.628s] -- Up-to-date: /home/ibrahim/ros2_ws/install/mycobot_interfaces/share/mycobot_interfaces/local_setup.bash
[4.628s] -- Up-to-date: /home/ibrahim/ros2_ws/install/mycobot_interfaces/share/mycobot_interfaces/local_setup.sh
[4.629s] -- Up-to-date: /home/ibrahim/ros2_ws/install/mycobot_interfaces/share/mycobot_interfaces/local_setup.zsh
[4.629s] -- Up-to-date: /home/ibrahim/ros2_ws/install/mycobot_interfaces/share/mycobot_interfaces/local_setup.dsv
[4.629s] -- Installing: /home/ibrahim/ros2_ws/install/mycobot_interfaces/share/mycobot_interfaces/package.dsv
[4.647s] -- Up-to-date: /home/ibrahim/ros2_ws/install/mycobot_interfaces/share/ament_index/resource_index/packages/mycobot_interfaces
[4.706s] -- Up-to-date: /home/ibrahim/ros2_ws/install/mycobot_interfaces/share/mycobot_interfaces/cmake/export_mycobot_interfaces__rosidl_generator_cExport.cmake
[4.706s] -- Up-to-date: /home/ibrahim/ros2_ws/install/mycobot_interfaces/share/mycobot_interfaces/cmake/export_mycobot_interfaces__rosidl_generator_cExport-noconfig.cmake
[4.724s] -- Up-to-date: /home/ibrahim/ros2_ws/install/mycobot_interfaces/share/mycobot_interfaces/cmake/export_mycobot_interfaces__rosidl_typesupport_fastrtps_cExport.cmake
[4.725s] -- Up-to-date: /home/ibrahim/ros2_ws/install/mycobot_interfaces/share/mycobot_interfaces/cmake/export_mycobot_interfaces__rosidl_typesupport_fastrtps_cExport-noconfig.cmake
[4.766s] -- Up-to-date: /home/ibrahim/ros2_ws/install/mycobot_interfaces/share/mycobot_interfaces/cmake/export_mycobot_interfaces__rosidl_generator_cppExport.cmake
[4.794s] -- Up-to-date: /home/ibrahim/ros2_ws/install/mycobot_interfaces/share/mycobot_interfaces/cmake/export_mycobot_interfaces__rosidl_typesupport_fastrtps_cppExport.cmake
[4.795s] -- Up-to-date: /home/ibrahim/ros2_ws/install/mycobot_interfaces/share/mycobot_interfaces/cmake/export_mycobot_interfaces__rosidl_typesupport_fastrtps_cppExport-noconfig.cmake
[4.813s] -- Up-to-date: /home/ibrahim/ros2_ws/install/mycobot_interfaces/share/mycobot_interfaces/cmake/mycobot_interfaces__rosidl_typesupport_introspection_cExport.cmake
[4.813s] -- Up-to-date: /home/ibrahim/ros2_ws/install/mycobot_interfaces/share/mycobot_interfaces/cmake/mycobot_interfaces__rosidl_typesupport_introspection_cExport-noconfig.cmake
[4.834s] -- Up-to-date: /home/ibrahim/ros2_ws/install/mycobot_interfaces/share/mycobot_interfaces/cmake/mycobot_interfaces__rosidl_typesupport_cExport.cmake
[4.834s] -- Up-to-date: /home/ibrahim/ros2_ws/install/mycobot_interfaces/share/mycobot_interfaces/cmake/mycobot_interfaces__rosidl_typesupport_cExport-noconfig.cmake
[4.846s] -- Up-to-date: /home/ibrahim/ros2_ws/install/mycobot_interfaces/share/mycobot_interfaces/cmake/mycobot_interfaces__rosidl_typesupport_introspection_cppExport.cmake
[4.847s] -- Up-to-date: /home/ibrahim/ros2_ws/install/mycobot_interfaces/share/mycobot_interfaces/cmake/mycobot_interfaces__rosidl_typesupport_introspection_cppExport-noconfig.cmake
[4.867s] -- Up-to-date: /home/ibrahim/ros2_ws/install/mycobot_interfaces/share/mycobot_interfaces/cmake/mycobot_interfaces__rosidl_typesupport_cppExport.cmake
[4.867s] -- Up-to-date: /home/ibrahim/ros2_ws/install/mycobot_interfaces/share/mycobot_interfaces/cmake/mycobot_interfaces__rosidl_typesupport_cppExport-noconfig.cmake
[4.880s] -- Up-to-date: /home/ibrahim/ros2_ws/install/mycobot_interfaces/share/mycobot_interfaces/cmake/export_mycobot_interfaces__rosidl_generator_pyExport.cmake
[4.881s] -- Up-to-date: /home/ibrahim/ros2_ws/install/mycobot_interfaces/share/mycobot_interfaces/cmake/export_mycobot_interfaces__rosidl_generator_pyExport-noconfig.cmake
[4.882s] -- Up-to-date: /home/ibrahim/ros2_ws/install/mycobot_interfaces/share/mycobot_interfaces/cmake/rosidl_cmake-extras.cmake
[4.882s] -- Up-to-date: /home/ibrahim/ros2_ws/install/mycobot_interfaces/share/mycobot_interfaces/cmake/ament_cmake_export_dependencies-extras.cmake
[4.882s] -- Up-to-date: /home/ibrahim/ros2_ws/install/mycobot_interfaces/share/mycobot_interfaces/cmake/ament_cmake_export_include_directories-extras.cmake
[4.882s] -- Up-to-date: /home/ibrahim/ros2_ws/install/mycobot_interfaces/share/mycobot_interfaces/cmake/ament_cmake_export_libraries-extras.cmake
[4.882s] -- Up-to-date: /home/ibrahim/ros2_ws/install/mycobot_interfaces/share/mycobot_interfaces/cmake/ament_cmake_export_targets-extras.cmake
[4.882s] -- Up-to-date: /home/ibrahim/ros2_ws/install/mycobot_interfaces/share/mycobot_interfaces/cmake/rosidl_cmake_export_typesupport_targets-extras.cmake
[4.882s] -- Up-to-date: /home/ibrahim/ros2_ws/install/mycobot_interfaces/share/mycobot_interfaces/cmake/rosidl_cmake_export_typesupport_libraries-extras.cmake
[4.883s] -- Up-to-date: /home/ibrahim/ros2_ws/install/mycobot_interfaces/share/mycobot_interfaces/cmake/mycobot_interfacesConfig.cmake
[4.883s] -- Up-to-date: /home/ibrahim/ros2_ws/install/mycobot_interfaces/share/mycobot_interfaces/cmake/mycobot_interfacesConfig-version.cmake
[4.883s] -- Up-to-date: /home/ibrahim/ros2_ws/install/mycobot_interfaces/share/mycobot_interfaces/package.xml
[4.921s] Invoked command in '/home/ibrahim/ros2_ws/build/mycobot_interfaces' returned '0': CMAKE_PREFIX_PATH=${CMAKE_PREFIX_PATH}:/home/ibrahim/ros2_ws/install/arm_serial_bridge:/opt/ros/jazzy DEBUGINFOD_URLS=https://debuginfod.ubuntu.com /usr/bin/cmake --install /home/ibrahim/ros2_ws/build/mycobot_interfaces
