[0.086s] Invoking command in '/home/ibrahim/ros2_ws/build/mycobot_mtc_demos': CMAKE_PREFIX_PATH=${CMAKE_PREFIX_PATH}:/home/ibrahim/ros2_ws/install/arm_serial_bridge:/opt/ros/jazzy DEBUGINFOD_URLS=https://debuginfod.ubuntu.com PS1=\[\e]0;\u@\h: \w\a\]${debian_chroot:+($debian_chroot)}\[\033[01;32m\]\u@\h\[\033[00m\]:\[\033[01;34m\]\w\[\033[00m\]\$ /usr/bin/cmake --build /home/ibrahim/ros2_ws/build/mycobot_mtc_demos -- -j4 -l4
[0.237s] [ 16%] Built target ik_clearance_cost_parameters
[0.265s] [ 33%] Built target mycobot_mtc_demos_cartesian
[0.310s] [ 50%] Built target mycobot_mtc_demos_alternative_path_costs
[0.341s] [ 58%] [32mBuilding CXX object CMakeFiles/mycobot_mtc_demos_fallbacks_move_to.dir/src/fallbacks_move_to.cpp.o[0m
[0.351s] [ 75%] Built target mycobot_mtc_demos_modular
[0.370s] [ 83%] [32mBuilding CXX object CMakeFiles/mycobot_mtc_demos_ik_clearance_cost.dir/src/ik_clearance_cost.cpp.o[0m
[31.172s] [01m[K/home/ibrahim/ros2_ws/src/mycobot_ros2/mycobot_mtc_demos/src/fallbacks_move_to.cpp:[m[K In function ‘[01m[Kint[01;32m[K main[m[K(int, char**)[m[K’:
[31.309s] [01m[K/home/ibrahim/ros2_ws/src/mycobot_ros2/mycobot_mtc_demos/src/fallbacks_move_to.cpp:92:27:[m[K [01;31m[Kerror: [m[Kcannot convert ‘[01m[Kdouble[m[K’ to ‘[01m[Kconst moveit::core::CartesianPrecision&[m[K’
[31.309s]    92 |   cartesian->setPrecision([01;31m[K2.0[m[K);
[31.310s]       |                           [01;31m[K^~~[m[K
[31.310s]       |                           [01;31m[K|[m[K
[31.310s]       |                           [01;31m[Kdouble[m[K
[31.375s] In file included from [01m[K/home/ibrahim/ros2_ws/src/mycobot_ros2/mycobot_mtc_demos/src/fallbacks_move_to.cpp:23[m[K:
[31.387s] [01m[K/opt/ros/jazzy/include/moveit/task_constructor/solvers/cartesian_path.h:61:67:[m[K [01;36m[Knote: [m[K  initializing argument 1 of ‘[01m[Kvoid moveit::task_constructor::solvers::CartesianPath::[01;32m[KsetPrecision[m[K(const moveit::core::CartesianPrecision&)[m[K’
[31.452s]    61 |         void setPrecision([01;36m[Kconst moveit::core::CartesianPrecision& precision[m[K) { setProperty("precision", precision); }
[31.452s]       |                           [01;36m[K~~~~~~~~~~~~~~~~~~~~~~~~~~~~~~~~~~~~~~~~^~~~~~~~~[m[K
[37.799s] [ 91%] [32m[1mLinking CXX executable ik_clearance_cost[0m
[40.466s] gmake[2]: *** [CMakeFiles/mycobot_mtc_demos_fallbacks_move_to.dir/build.make:76: CMakeFiles/mycobot_mtc_demos_fallbacks_move_to.dir/src/fallbacks_move_to.cpp.o] Error 1
[40.550s] gmake[1]: *** [CMakeFiles/Makefile2:199: CMakeFiles/mycobot_mtc_demos_fallbacks_move_to.dir/all] Error 2
[40.551s] gmake[1]: *** Waiting for unfinished jobs....
[40.551s] gmake: *** [Makefile:146: all] Error 2
[40.551s] [ 91%] Built target mycobot_mtc_demos_ik_clearance_cost
[41.813s] Invoked command in '/home/ibrahim/ros2_ws/build/mycobot_mtc_demos' returned '2': CMAKE_PREFIX_PATH=${CMAKE_PREFIX_PATH}:/home/ibrahim/ros2_ws/install/arm_serial_bridge:/opt/ros/jazzy DEBUGINFOD_URLS=https://debuginfod.ubuntu.com PS1=\[\e]0;\u@\h: \w\a\]${debian_chroot:+($debian_chroot)}\[\033[01;32m\]\u@\h\[\033[00m\]:\[\033[01;34m\]\w\[\033[00m\]\$ /usr/bin/cmake --build /home/ibrahim/ros2_ws/build/mycobot_mtc_demos -- -j4 -l4
