[0.051s] Invoking command in '/home/ibrahim/ros2_ws/build/mycobot_bringup': CMAKE_PREFIX_PATH=${CMAKE_PREFIX_PATH}:/home/ibrahim/ros2_ws/install/mycobot_description:/home/ibrahim/ros2_ws/install/arm_serial_bridge:/opt/ros/jazzy DEBUGINFOD_URLS=https://debuginfod.ubuntu.com PS1=\[\e]0;\u@\h: \w\a\]${debian_chroot:+($debian_chroot)}\[\033[01;32m\]\u@\h\[\033[00m\]:\[\033[01;34m\]\w\[\033[00m\]\$ /usr/bin/cmake --build /home/ibrahim/ros2_ws/build/mycobot_bringup -- -j4 -l4
[0.196s] -- Found ament_cmake: 2.5.5 (/opt/ros/jazzy/share/ament_cmake/cmake)
[0.608s] -- Found ament_lint_auto: 0.17.4 (/opt/ros/jazzy/share/ament_lint_auto/cmake)
[0.767s] -- Added test 'lint_cmake' to check CMake code style
[0.769s] -- Added test 'xmllint' to check XML markup files
[0.773s] -- Configuring done (0.6s)
[0.791s] -- Generating done (0.0s)
[0.798s] -- Build files have been written to: /home/ibrahim/ros2_ws/build/mycobot_bringup
[0.879s] Invoked command in '/home/ibrahim/ros2_ws/build/mycobot_bringup' returned '0': CMAKE_PREFIX_PATH=${CMAKE_PREFIX_PATH}:/home/ibrahim/ros2_ws/install/mycobot_description:/home/ibrahim/ros2_ws/install/arm_serial_bridge:/opt/ros/jazzy DEBUGINFOD_URLS=https://debuginfod.ubuntu.com PS1=\[\e]0;\u@\h: \w\a\]${debian_chroot:+($debian_chroot)}\[\033[01;32m\]\u@\h\[\033[00m\]:\[\033[01;34m\]\w\[\033[00m\]\$ /usr/bin/cmake --build /home/ibrahim/ros2_ws/build/mycobot_bringup -- -j4 -l4
[0.879s] Invoking command in '/home/ibrahim/ros2_ws/build/mycobot_bringup': CMAKE_PREFIX_PATH=${CMAKE_PREFIX_PATH}:/home/ibrahim/ros2_ws/install/mycobot_description:/home/ibrahim/ros2_ws/install/arm_serial_bridge:/opt/ros/jazzy DEBUGINFOD_URLS=https://debuginfod.ubuntu.com PS1=\[\e]0;\u@\h: \w\a\]${debian_chroot:+($debian_chroot)}\[\033[01;32m\]\u@\h\[\033[00m\]:\[\033[01;34m\]\w\[\033[00m\]\$ /usr/bin/cmake --install /home/ibrahim/ros2_ws/build/mycobot_bringup
[0.892s] -- Install configuration: ""
[0.893s] -- Up-to-date: /home/ibrahim/ros2_ws/install/mycobot_bringup/share/ament_index/resource_index/package_run_dependencies/mycobot_bringup
[0.893s] -- Up-to-date: /home/ibrahim/ros2_ws/install/mycobot_bringup/share/ament_index/resource_index/parent_prefix_path/mycobot_bringup
[0.893s] -- Up-to-date: /home/ibrahim/ros2_ws/install/mycobot_bringup/share/mycobot_bringup/environment/ament_prefix_path.sh
[0.893s] -- Up-to-date: /home/ibrahim/ros2_ws/install/mycobot_bringup/share/mycobot_bringup/environment/ament_prefix_path.dsv
[0.893s] -- Up-to-date: /home/ibrahim/ros2_ws/install/mycobot_bringup/share/mycobot_bringup/environment/path.sh
[0.893s] -- Up-to-date: /home/ibrahim/ros2_ws/install/mycobot_bringup/share/mycobot_bringup/environment/path.dsv
[0.894s] -- Up-to-date: /home/ibrahim/ros2_ws/install/mycobot_bringup/share/mycobot_bringup/local_setup.bash
[0.894s] -- Up-to-date: /home/ibrahim/ros2_ws/install/mycobot_bringup/share/mycobot_bringup/local_setup.sh
[0.894s] -- Up-to-date: /home/ibrahim/ros2_ws/install/mycobot_bringup/share/mycobot_bringup/local_setup.zsh
[0.895s] -- Up-to-date: /home/ibrahim/ros2_ws/install/mycobot_bringup/share/mycobot_bringup/local_setup.dsv
[0.895s] -- Installing: /home/ibrahim/ros2_ws/install/mycobot_bringup/share/mycobot_bringup/package.dsv
[0.895s] -- Up-to-date: /home/ibrahim/ros2_ws/install/mycobot_bringup/share/ament_index/resource_index/packages/mycobot_bringup
[0.896s] -- Up-to-date: /home/ibrahim/ros2_ws/install/mycobot_bringup/share/mycobot_bringup/cmake/mycobot_bringupConfig.cmake
[0.896s] -- Up-to-date: /home/ibrahim/ros2_ws/install/mycobot_bringup/share/mycobot_bringup/cmake/mycobot_bringupConfig-version.cmake
[0.897s] -- Installing: /home/ibrahim/ros2_ws/install/mycobot_bringup/share/mycobot_bringup/package.xml
[0.899s] Invoked command in '/home/ibrahim/ros2_ws/build/mycobot_bringup' returned '0': CMAKE_PREFIX_PATH=${CMAKE_PREFIX_PATH}:/home/ibrahim/ros2_ws/install/mycobot_description:/home/ibrahim/ros2_ws/install/arm_serial_bridge:/opt/ros/jazzy DEBUGINFOD_URLS=https://debuginfod.ubuntu.com PS1=\[\e]0;\u@\h: \w\a\]${debian_chroot:+($debian_chroot)}\[\033[01;32m\]\u@\h\[\033[00m\]:\[\033[01;34m\]\w\[\033[00m\]\$ /usr/bin/cmake --install /home/ibrahim/ros2_ws/build/mycobot_bringup
