[0.146s] Invoking command in '/home/ibrahim/ros2_ws/build/mycobot_bringup': CMAKE_PREFIX_PATH=${CMAKE_PREFIX_PATH}:/home/ibrahim/ros2_ws/install/arm_serial_bridge:/opt/ros/jazzy DEBUGINFOD_URLS=https://debuginfod.ubuntu.com /usr/bin/cmake --build /home/ibrahim/ros2_ws/build/mycobot_bringup -- -j4 -l4
[1.307s] Invoked command in '/home/ibrahim/ros2_ws/build/mycobot_bringup' returned '0': CMAKE_PREFIX_PATH=${CMAKE_PREFIX_PATH}:/home/ibrahim/ros2_ws/install/arm_serial_bridge:/opt/ros/jazzy DEBUGINFOD_URLS=https://debuginfod.ubuntu.com /usr/bin/cmake --build /home/ibrahim/ros2_ws/build/mycobot_bringup -- -j4 -l4
[1.398s] Invoking command in '/home/ibrahim/ros2_ws/build/mycobot_bringup': CMAKE_PREFIX_PATH=${CMAKE_PREFIX_PATH}:/home/ibrahim/ros2_ws/install/arm_serial_bridge:/opt/ros/jazzy DEBUGINFOD_URLS=https://debuginfod.ubuntu.com /usr/bin/cmake --install /home/ibrahim/ros2_ws/build/mycobot_bringup
[1.418s] -- Install configuration: ""
[1.420s] -- Up-to-date: /home/ibrahim/ros2_ws/install/mycobot_bringup/share/mycobot_bringup/scripts
[1.516s] -- Up-to-date: /home/ibrahim/ros2_ws/install/mycobot_bringup/share/mycobot_bringup/scripts/mycobot_280_gazebo_and_moveit.sh
[1.516s] -- Up-to-date: /home/ibrahim/ros2_ws/install/mycobot_bringup/share/mycobot_bringup/scripts/mycobot_280_mtc_demos.sh
[1.518s] -- Up-to-date: /home/ibrahim/ros2_ws/install/mycobot_bringup/share/mycobot_bringup/scripts/mycobot_280_gazebo.sh
[1.525s] -- Up-to-date: /home/ibrahim/ros2_ws/install/mycobot_bringup/share/ament_index/resource_index/package_run_dependencies/mycobot_bringup
[1.525s] -- Up-to-date: /home/ibrahim/ros2_ws/install/mycobot_bringup/share/ament_index/resource_index/parent_prefix_path/mycobot_bringup
[1.525s] -- Up-to-date: /home/ibrahim/ros2_ws/install/mycobot_bringup/share/mycobot_bringup/environment/ament_prefix_path.sh
[1.525s] -- Up-to-date: /home/ibrahim/ros2_ws/install/mycobot_bringup/share/mycobot_bringup/environment/ament_prefix_path.dsv
[1.525s] -- Up-to-date: /home/ibrahim/ros2_ws/install/mycobot_bringup/share/mycobot_bringup/environment/path.sh
[1.525s] -- Up-to-date: /home/ibrahim/ros2_ws/install/mycobot_bringup/share/mycobot_bringup/environment/path.dsv
[1.525s] -- Up-to-date: /home/ibrahim/ros2_ws/install/mycobot_bringup/share/mycobot_bringup/local_setup.bash
[1.526s] -- Up-to-date: /home/ibrahim/ros2_ws/install/mycobot_bringup/share/mycobot_bringup/local_setup.sh
[1.526s] -- Up-to-date: /home/ibrahim/ros2_ws/install/mycobot_bringup/share/mycobot_bringup/local_setup.zsh
[1.526s] -- Up-to-date: /home/ibrahim/ros2_ws/install/mycobot_bringup/share/mycobot_bringup/local_setup.dsv
[1.526s] -- Installing: /home/ibrahim/ros2_ws/install/mycobot_bringup/share/mycobot_bringup/package.dsv
[1.546s] -- Up-to-date: /home/ibrahim/ros2_ws/install/mycobot_bringup/share/ament_index/resource_index/packages/mycobot_bringup
[1.555s] -- Up-to-date: /home/ibrahim/ros2_ws/install/mycobot_bringup/share/mycobot_bringup/cmake/mycobot_bringupConfig.cmake
[1.555s] -- Up-to-date: /home/ibrahim/ros2_ws/install/mycobot_bringup/share/mycobot_bringup/cmake/mycobot_bringupConfig-version.cmake
[1.557s] -- Up-to-date: /home/ibrahim/ros2_ws/install/mycobot_bringup/share/mycobot_bringup/package.xml
[1.560s] Invoked command in '/home/ibrahim/ros2_ws/build/mycobot_bringup' returned '0': CMAKE_PREFIX_PATH=${CMAKE_PREFIX_PATH}:/home/ibrahim/ros2_ws/install/arm_serial_bridge:/opt/ros/jazzy DEBUGINFOD_URLS=https://debuginfod.ubuntu.com /usr/bin/cmake --install /home/ibrahim/ros2_ws/build/mycobot_bringup
