[0.090s] Invoking command in '/home/ibrahim/ros2_ws/build/mycobot_bringup': CMAKE_PREFIX_PATH=${CMAKE_PREFIX_PATH}:/home/ibrahim/ros2_ws/install/arm_serial_bridge:/opt/ros/jazzy DEBUGINFOD_URLS=https://debuginfod.ubuntu.com PS1=(ros2_env) \[\e]0;\u@\h: \w\a\]${debian_chroot:+($debian_chroot)}\[\033[01;32m\]\u@\h\[\033[00m\]:\[\033[01;34m\]\w\[\033[00m\]\$ VIRTUAL_ENV_PROMPT=(ros2_env) /home/ibrahim/ros2_env/bin/cmake --build /home/ibrahim/ros2_ws/build/mycobot_bringup -- -j4 -l4
[0.928s] -- Found ament_cmake: 2.5.5 (/opt/ros/jazzy/share/ament_cmake/cmake)
[1.279s] -- Found ament_lint_auto: 0.17.4 (/opt/ros/jazzy/share/ament_lint_auto/cmake)
[1.494s] -- Added test 'lint_cmake' to check CMake code style
[1.494s] -- Added test 'xmllint' to check XML markup files
[1.510s] -- Configuring done (0.6s)
[1.551s] -- Generating done (0.0s)
[1.570s] -- Build files have been written to: /home/ibrahim/ros2_ws/build/mycobot_bringup
[1.790s] Invoked command in '/home/ibrahim/ros2_ws/build/mycobot_bringup' returned '0': CMAKE_PREFIX_PATH=${CMAKE_PREFIX_PATH}:/home/ibrahim/ros2_ws/install/arm_serial_bridge:/opt/ros/jazzy DEBUGINFOD_URLS=https://debuginfod.ubuntu.com PS1=(ros2_env) \[\e]0;\u@\h: \w\a\]${debian_chroot:+($debian_chroot)}\[\033[01;32m\]\u@\h\[\033[00m\]:\[\033[01;34m\]\w\[\033[00m\]\$ VIRTUAL_ENV_PROMPT=(ros2_env) /home/ibrahim/ros2_env/bin/cmake --build /home/ibrahim/ros2_ws/build/mycobot_bringup -- -j4 -l4
[1.795s] Invoking command in '/home/ibrahim/ros2_ws/build/mycobot_bringup': CMAKE_PREFIX_PATH=${CMAKE_PREFIX_PATH}:/home/ibrahim/ros2_ws/install/arm_serial_bridge:/opt/ros/jazzy DEBUGINFOD_URLS=https://debuginfod.ubuntu.com PS1=(ros2_env) \[\e]0;\u@\h: \w\a\]${debian_chroot:+($debian_chroot)}\[\033[01;32m\]\u@\h\[\033[00m\]:\[\033[01;34m\]\w\[\033[00m\]\$ VIRTUAL_ENV_PROMPT=(ros2_env) /home/ibrahim/ros2_env/bin/cmake --install /home/ibrahim/ros2_ws/build/mycobot_bringup
[1.984s] -- Install configuration: ""
[1.985s] -- Up-to-date: /home/ibrahim/ros2_ws/install/mycobot_bringup/share/mycobot_bringup/scripts
[1.985s] -- Installing: /home/ibrahim/ros2_ws/install/mycobot_bringup/share/mycobot_bringup/scripts/mycobot_280_gazebo_and_moveit.sh
[1.989s] -- Installing: /home/ibrahim/ros2_ws/install/mycobot_bringup/share/mycobot_bringup/scripts/mycobot_280_mtc_demos.sh
[1.989s] -- Installing: /home/ibrahim/ros2_ws/install/mycobot_bringup/share/mycobot_bringup/scripts/mycobot_280_gazebo.sh
[1.989s] -- Up-to-date: /home/ibrahim/ros2_ws/install/mycobot_bringup/share/ament_index/resource_index/package_run_dependencies/mycobot_bringup
[1.989s] -- Up-to-date: /home/ibrahim/ros2_ws/install/mycobot_bringup/share/ament_index/resource_index/parent_prefix_path/mycobot_bringup
[1.989s] -- Up-to-date: /home/ibrahim/ros2_ws/install/mycobot_bringup/share/mycobot_bringup/environment/ament_prefix_path.sh
[1.989s] -- Up-to-date: /home/ibrahim/ros2_ws/install/mycobot_bringup/share/mycobot_bringup/environment/ament_prefix_path.dsv
[1.989s] -- Up-to-date: /home/ibrahim/ros2_ws/install/mycobot_bringup/share/mycobot_bringup/environment/path.sh
[1.989s] -- Up-to-date: /home/ibrahim/ros2_ws/install/mycobot_bringup/share/mycobot_bringup/environment/path.dsv
[1.990s] -- Up-to-date: /home/ibrahim/ros2_ws/install/mycobot_bringup/share/mycobot_bringup/local_setup.bash
[1.990s] -- Up-to-date: /home/ibrahim/ros2_ws/install/mycobot_bringup/share/mycobot_bringup/local_setup.sh
[1.990s] -- Up-to-date: /home/ibrahim/ros2_ws/install/mycobot_bringup/share/mycobot_bringup/local_setup.zsh
[1.990s] -- Up-to-date: /home/ibrahim/ros2_ws/install/mycobot_bringup/share/mycobot_bringup/local_setup.dsv
[1.990s] -- Installing: /home/ibrahim/ros2_ws/install/mycobot_bringup/share/mycobot_bringup/package.dsv
[1.992s] -- Up-to-date: /home/ibrahim/ros2_ws/install/mycobot_bringup/share/ament_index/resource_index/packages/mycobot_bringup
[1.992s] -- Up-to-date: /home/ibrahim/ros2_ws/install/mycobot_bringup/share/mycobot_bringup/cmake/mycobot_bringupConfig.cmake
[1.992s] -- Up-to-date: /home/ibrahim/ros2_ws/install/mycobot_bringup/share/mycobot_bringup/cmake/mycobot_bringupConfig-version.cmake
[1.993s] -- Installing: /home/ibrahim/ros2_ws/install/mycobot_bringup/share/mycobot_bringup/package.xml
[2.001s] Invoked command in '/home/ibrahim/ros2_ws/build/mycobot_bringup' returned '0': CMAKE_PREFIX_PATH=${CMAKE_PREFIX_PATH}:/home/ibrahim/ros2_ws/install/arm_serial_bridge:/opt/ros/jazzy DEBUGINFOD_URLS=https://debuginfod.ubuntu.com PS1=(ros2_env) \[\e]0;\u@\h: \w\a\]${debian_chroot:+($debian_chroot)}\[\033[01;32m\]\u@\h\[\033[00m\]:\[\033[01;34m\]\w\[\033[00m\]\$ VIRTUAL_ENV_PROMPT=(ros2_env) /home/ibrahim/ros2_env/bin/cmake --install /home/ibrahim/ros2_ws/build/mycobot_bringup
