[0.035s] Invoking command in '/home/ibrahim/ros2_ws/build/mycobot_moveit_demos': CMAKE_PREFIX_PATH=${CMAKE_PREFIX_PATH}:/home/ibrahim/ros2_ws/install/arm_serial_bridge:/opt/ros/jazzy DEBUGINFOD_URLS=https://debuginfod.ubuntu.com PS1=\[\e]0;\u@\h: \w\a\]${debian_chroot:+($debian_chroot)}\[\033[01;32m\]\u@\h\[\033[00m\]:\[\033[01;34m\]\w\[\033[00m\]\$ /usr/bin/cmake --build /home/ibrahim/ros2_ws/build/mycobot_moveit_demos -- -j4 -l4
[0.198s] -- Found ament_cmake: 2.5.5 (/opt/ros/jazzy/share/ament_cmake/cmake)
[0.599s] -- Found moveit_msgs: 2.6.0 (/opt/ros/jazzy/share/moveit_msgs/cmake)
[0.630s] -- Found rosidl_generator_c: 4.6.7 (/opt/ros/jazzy/share/rosidl_generator_c/cmake)
[0.640s] -- Found rosidl_generator_cpp: 4.6.7 (/opt/ros/jazzy/share/rosidl_generator_cpp/cmake)
[0.651s] -- Using all available rosidl_typesupport_c: rosidl_typesupport_fastrtps_c;rosidl_typesupport_introspection_c
[0.666s] -- Using all available rosidl_typesupport_cpp: rosidl_typesupport_fastrtps_cpp;rosidl_typesupport_introspection_cpp
[0.954s] -- Found moveit_ros_planning_interface: 2.12.4 (/opt/ros/jazzy/share/moveit_ros_planning_interface/cmake)
[0.959s] -- Found Boost: /usr/lib/x86_64-linux-gnu/cmake/Boost-1.83.0/BoostConfig.cmake (found version "1.83.0") found components: date_time filesystem program_options system thread 
[0.976s] -- Found Boost: /usr/lib/x86_64-linux-gnu/cmake/Boost-1.83.0/BoostConfig.cmake (found version "1.83.0") found components: chrono date_time filesystem iostreams program_options regex serialization system thread 
[1.013s] -- Found parameter_traits: 0.6.0 (/opt/ros/jazzy/share/parameter_traits/cmake)
[1.074s] -- Found rmw_implementation_cmake: 7.3.3 (/opt/ros/jazzy/share/rmw_implementation_cmake/cmake)
[1.079s] -- Found rmw_fastrtps_cpp: 8.4.3 (/opt/ros/jazzy/share/rmw_fastrtps_cpp/cmake)
[1.175s] -- Using RMW implementation 'rmw_fastrtps_cpp' as default
[1.240s] -- Found rclcpp_lifecycle: 28.1.16 (/opt/ros/jazzy/share/rclcpp_lifecycle/cmake)
[1.284s] -- Found Boost: /usr/lib/x86_64-linux-gnu/cmake/Boost-1.83.0/BoostConfig.cmake (found version "1.83.0") found components: filesystem 
[1.322s] -- Ensuring Eigen3 include directory is part of orocos-kdl CMake target
[1.466s] -- Found Boost: /usr/lib/x86_64-linux-gnu/cmake/Boost-1.83.0/BoostConfig.cmake (found version "1.83.0") found components: system filesystem date_time program_options thread chrono 
[1.517s] -- Found Boost: /usr/lib/x86_64-linux-gnu/cmake/Boost-1.83.0/BoostConfig.cmake (found version "1.83.0") found components: thread system filesystem regex date_time program_options 
[1.544s] -- Found Boost: /usr/lib/x86_64-linux-gnu/cmake/Boost-1.83.0/BoostConfig.cmake (found version "1.83.0") found components: system filesystem date_time program_options thread 
[1.601s] -- Found moveit_visual_tools: 4.1.2 (/opt/ros/jazzy/share/moveit_visual_tools/cmake)
[1.776s] -- Setting OGRE_DIR to: '/opt/ros/jazzy/share/rviz_ogre_vendor/cmake/../../../opt/rviz_ogre_vendor/lib/OGRE/cmake'
[1.777s] -- Found OGRE
[1.778s] --   static     : OFF
[1.778s] --   components : MeshLodGenerator;Overlay;Paging;Property;RTShaderSystem;Terrain;Volume
[1.778s] --   plugins    : Plugin_BSPSceneManager;Plugin_OctreeSceneManager;Plugin_PCZSceneManager;Plugin_ParticleFX;RenderSystem_GL;RenderSystem_GL3Plus;Codec_STBI
[1.778s] --   media      : /opt/ros/jazzy/opt/rviz_ogre_vendor/share/OGRE/Media
[1.779s] -- OGRE_LIBRARIES: OgreMeshLodGenerator;OgreOverlay;OgrePaging;OgreProperty;OgreRTShaderSystem;OgreTerrain;OgreVolume;OgreMain
[1.779s] -- OGRE_LIBRARY_DIRS: /opt/ros/jazzy/opt/rviz_ogre_vendor/lib
[1.779s] -- OGRE_PLUGINS: Plugin_BSPSceneManager;Plugin_OctreeSceneManager;Plugin_PCZSceneManager;Plugin_ParticleFX;RenderSystem_GL;RenderSystem_GL3Plus;Codec_STBI
[1.779s] -- OGRE_PLUGIN_DIR: /opt/ros/jazzy/opt/rviz_ogre_vendor/lib/OGRE
[1.779s] -- rviz_ogre_vendor::OgreOverlay for IMPORTED_LOCATION_RELEASE: /opt/ros/jazzy/opt/rviz_ogre_vendor/lib/libOgreOverlay.so
[1.779s] -- rviz_ogre_vendor::OgreOverlay for IMPORTED_LOCATION_DEBUG: /opt/ros/jazzy/opt/rviz_ogre_vendor/lib/libOgreOverlay.so
[1.779s] -- rviz_ogre_vendor::OgreMain for IMPORTED_LOCATION_RELEASE: /opt/ros/jazzy/opt/rviz_ogre_vendor/lib/libOgreMain.so
[1.779s] -- rviz_ogre_vendor::OgreMain for IMPORTED_LOCATION_DEBUG: /opt/ros/jazzy/opt/rviz_ogre_vendor/lib/libOgreMain.so
[1.958s] -- Setting yaml-cpp_DIR to: '/opt/ros/jazzy/share/yaml_cpp_vendor/cmake/../../../opt/yaml_cpp_vendor/share/cmake/yaml-cpp'
[2.321s] -- Found ament_lint_auto: 0.17.4 (/opt/ros/jazzy/share/ament_lint_auto/cmake)
[2.505s] -- Added test 'cppcheck' to perform static code analysis on C / C++ code
[2.506s] -- Configured cppcheck include dirs: $<BUILD_INTERFACE:/home/ibrahim/ros2_ws/src/mycobot_ros2/mycobot_moveit_demos/include>
[2.506s] -- Configured cppcheck exclude dirs and/or files: 
[2.507s] -- Added test 'lint_cmake' to check CMake code style
[2.508s] -- Added test 'uncrustify' to check C / C++ code style
[2.508s] -- Configured uncrustify additional arguments: 
[2.509s] -- Added test 'xmllint' to check XML markup files
[2.527s] -- Configuring done (2.4s)
[2.872s] -- Generating done (0.3s)
[2.896s] -- Build files have been written to: /home/ibrahim/ros2_ws/build/mycobot_moveit_demos
[3.035s] [ 25%] [32mBuilding CXX object CMakeFiles/hello_moveit.dir/src/hello_moveit.cpp.o[0m
[3.292s] [ 50%] [32mBuilding CXX object CMakeFiles/plan_around_objects.dir/src/plan_around_objects.cpp.o[0m
[40.490s] [ 75%] [32m[1mLinking CXX executable hello_moveit[0m
[43.319s] [ 75%] Built target hello_moveit
[56.998s] [100%] [32m[1mLinking CXX executable plan_around_objects[0m
[58.849s] [100%] Built target plan_around_objects
[58.915s] Invoked command in '/home/ibrahim/ros2_ws/build/mycobot_moveit_demos' returned '0': CMAKE_PREFIX_PATH=${CMAKE_PREFIX_PATH}:/home/ibrahim/ros2_ws/install/arm_serial_bridge:/opt/ros/jazzy DEBUGINFOD_URLS=https://debuginfod.ubuntu.com PS1=\[\e]0;\u@\h: \w\a\]${debian_chroot:+($debian_chroot)}\[\033[01;32m\]\u@\h\[\033[00m\]:\[\033[01;34m\]\w\[\033[00m\]\$ /usr/bin/cmake --build /home/ibrahim/ros2_ws/build/mycobot_moveit_demos -- -j4 -l4
[58.938s] Invoking command in '/home/ibrahim/ros2_ws/build/mycobot_moveit_demos': CMAKE_PREFIX_PATH=${CMAKE_PREFIX_PATH}:/home/ibrahim/ros2_ws/install/arm_serial_bridge:/opt/ros/jazzy DEBUGINFOD_URLS=https://debuginfod.ubuntu.com PS1=\[\e]0;\u@\h: \w\a\]${debian_chroot:+($debian_chroot)}\[\033[01;32m\]\u@\h\[\033[00m\]:\[\033[01;34m\]\w\[\033[00m\]\$ /usr/bin/cmake --install /home/ibrahim/ros2_ws/build/mycobot_moveit_demos
[58.972s] -- Install configuration: ""
[58.976s] -- Installing: /home/ibrahim/ros2_ws/install/mycobot_moveit_demos/lib/mycobot_moveit_demos/hello_moveit
[58.977s] -- Set non-toolchain portion of runtime path of "/home/ibrahim/ros2_ws/install/mycobot_moveit_demos/lib/mycobot_moveit_demos/hello_moveit" to ""
[58.979s] -- Installing: /home/ibrahim/ros2_ws/install/mycobot_moveit_demos/lib/mycobot_moveit_demos/plan_around_objects
[58.981s] -- Set non-toolchain portion of runtime path of "/home/ibrahim/ros2_ws/install/mycobot_moveit_demos/lib/mycobot_moveit_demos/plan_around_objects" to ""
[58.983s] -- Up-to-date: /home/ibrahim/ros2_ws/install/mycobot_moveit_demos/share/ament_index/resource_index/package_run_dependencies/mycobot_moveit_demos
[58.983s] -- Up-to-date: /home/ibrahim/ros2_ws/install/mycobot_moveit_demos/share/ament_index/resource_index/parent_prefix_path/mycobot_moveit_demos
[58.983s] -- Up-to-date: /home/ibrahim/ros2_ws/install/mycobot_moveit_demos/share/mycobot_moveit_demos/environment/ament_prefix_path.sh
[58.983s] -- Up-to-date: /home/ibrahim/ros2_ws/install/mycobot_moveit_demos/share/mycobot_moveit_demos/environment/ament_prefix_path.dsv
[58.983s] -- Up-to-date: /home/ibrahim/ros2_ws/install/mycobot_moveit_demos/share/mycobot_moveit_demos/environment/path.sh
[58.983s] -- Up-to-date: /home/ibrahim/ros2_ws/install/mycobot_moveit_demos/share/mycobot_moveit_demos/environment/path.dsv
[58.983s] -- Up-to-date: /home/ibrahim/ros2_ws/install/mycobot_moveit_demos/share/mycobot_moveit_demos/local_setup.bash
[58.983s] -- Up-to-date: /home/ibrahim/ros2_ws/install/mycobot_moveit_demos/share/mycobot_moveit_demos/local_setup.sh
[58.984s] -- Up-to-date: /home/ibrahim/ros2_ws/install/mycobot_moveit_demos/share/mycobot_moveit_demos/local_setup.zsh
[58.984s] -- Up-to-date: /home/ibrahim/ros2_ws/install/mycobot_moveit_demos/share/mycobot_moveit_demos/local_setup.dsv
[58.984s] -- Installing: /home/ibrahim/ros2_ws/install/mycobot_moveit_demos/share/mycobot_moveit_demos/package.dsv
[58.992s] -- Up-to-date: /home/ibrahim/ros2_ws/install/mycobot_moveit_demos/share/ament_index/resource_index/packages/mycobot_moveit_demos
[58.993s] -- Up-to-date: /home/ibrahim/ros2_ws/install/mycobot_moveit_demos/share/mycobot_moveit_demos/cmake/mycobot_moveit_demosConfig.cmake
[58.995s] -- Up-to-date: /home/ibrahim/ros2_ws/install/mycobot_moveit_demos/share/mycobot_moveit_demos/cmake/mycobot_moveit_demosConfig-version.cmake
[58.995s] -- Installing: /home/ibrahim/ros2_ws/install/mycobot_moveit_demos/share/mycobot_moveit_demos/package.xml
[59.014s] Invoked command in '/home/ibrahim/ros2_ws/build/mycobot_moveit_demos' returned '0': CMAKE_PREFIX_PATH=${CMAKE_PREFIX_PATH}:/home/ibrahim/ros2_ws/install/arm_serial_bridge:/opt/ros/jazzy DEBUGINFOD_URLS=https://debuginfod.ubuntu.com PS1=\[\e]0;\u@\h: \w\a\]${debian_chroot:+($debian_chroot)}\[\033[01;32m\]\u@\h\[\033[00m\]:\[\033[01;34m\]\w\[\033[00m\]\$ /usr/bin/cmake --install /home/ibrahim/ros2_ws/build/mycobot_moveit_demos
