[0.176s] Invoking command in '/home/ibrahim/ros2_ws/build/mycobot_description': CMAKE_PREFIX_PATH=${CMAKE_PREFIX_PATH}:/home/ibrahim/ros2_ws/install/arm_serial_bridge:/opt/ros/jazzy DEBUGINFOD_URLS=https://debuginfod.ubuntu.com PS1=\[\e]0;\u@\h: \w\a\]${debian_chroot:+($debian_chroot)}\[\033[01;32m\]\u@\h\[\033[00m\]:\[\033[01;34m\]\w\[\033[00m\]\$ /usr/bin/cmake --build /home/ibrahim/ros2_ws/build/mycobot_description -- -j4 -l4
[1.436s] -- Found ament_cmake: 2.5.5 (/opt/ros/jazzy/share/ament_cmake/cmake)
[2.311s] -- Found urdf_tutorial: 1.1.0 (/opt/ros/jazzy/share/urdf_tutorial/cmake)
[2.311s] -- Found ament_lint_auto: 0.17.4 (/opt/ros/jazzy/share/ament_lint_auto/cmake)
[2.644s] -- Added test 'flake8' to check Python code syntax and style conventions
[2.644s] -- Configured 'flake8' exclude dirs and/or files: 
[2.659s] -- Added test 'lint_cmake' to check CMake code style
[2.660s] -- Added test 'pep257' to check Python code against some of the docstring style conventions in PEP 257
[2.669s] -- Added test 'xmllint' to check XML markup files
[2.692s] -- Configuring done (1.5s)
[2.836s] -- Generating done (0.1s)
[2.852s] -- Build files have been written to: /home/ibrahim/ros2_ws/build/mycobot_description
[2.890s] Invoked command in '/home/ibrahim/ros2_ws/build/mycobot_description' returned '0': CMAKE_PREFIX_PATH=${CMAKE_PREFIX_PATH}:/home/ibrahim/ros2_ws/install/arm_serial_bridge:/opt/ros/jazzy DEBUGINFOD_URLS=https://debuginfod.ubuntu.com PS1=\[\e]0;\u@\h: \w\a\]${debian_chroot:+($debian_chroot)}\[\033[01;32m\]\u@\h\[\033[00m\]:\[\033[01;34m\]\w\[\033[00m\]\$ /usr/bin/cmake --build /home/ibrahim/ros2_ws/build/mycobot_description -- -j4 -l4
[2.904s] Invoking command in '/home/ibrahim/ros2_ws/build/mycobot_description': CMAKE_PREFIX_PATH=${CMAKE_PREFIX_PATH}:/home/ibrahim/ros2_ws/install/arm_serial_bridge:/opt/ros/jazzy DEBUGINFOD_URLS=https://debuginfod.ubuntu.com PS1=\[\e]0;\u@\h: \w\a\]${debian_chroot:+($debian_chroot)}\[\033[01;32m\]\u@\h\[\033[00m\]:\[\033[01;34m\]\w\[\033[00m\]\$ /usr/bin/cmake --install /home/ibrahim/ros2_ws/build/mycobot_description
[2.916s] -- Install configuration: ""
[2.916s] -- Up-to-date: /home/ibrahim/ros2_ws/install/mycobot_description/share/mycobot_description/launch
[2.920s] -- Installing: /home/ibrahim/ros2_ws/install/mycobot_description/share/mycobot_description/launch/robot_state_publisher.launch.py
[2.920s] -- Up-to-date: /home/ibrahim/ros2_ws/install/mycobot_description/share/mycobot_description/meshes
[2.931s] -- Up-to-date: /home/ibrahim/ros2_ws/install/mycobot_description/share/mycobot_description/meshes/g_shape_base_v2_0
[2.946s] -- Up-to-date: /home/ibrahim/ros2_ws/install/mycobot_description/share/mycobot_description/meshes/g_shape_base_v2_0/visual
[2.959s] -- Installing: /home/ibrahim/ros2_ws/install/mycobot_description/share/mycobot_description/meshes/g_shape_base_v2_0/visual/base_link.dae
[3.029s] -- Up-to-date: /home/ibrahim/ros2_ws/install/mycobot_description/share/mycobot_description/meshes/mycobot_280
[3.041s] -- Up-to-date: /home/ibrahim/ros2_ws/install/mycobot_description/share/mycobot_description/meshes/mycobot_280/visual
[3.044s] -- Installing: /home/ibrahim/ros2_ws/install/mycobot_description/share/mycobot_description/meshes/mycobot_280/visual/suit_env.dae
[3.100s] -- Installing: /home/ibrahim/ros2_ws/install/mycobot_description/share/mycobot_description/meshes/mycobot_280/visual/link1.dae
[3.167s] -- Installing: /home/ibrahim/ros2_ws/install/mycobot_description/share/mycobot_description/meshes/mycobot_280/visual/link4.png
[3.168s] -- Installing: /home/ibrahim/ros2_ws/install/mycobot_description/share/mycobot_description/meshes/mycobot_280/visual/link2.png
[3.169s] -- Installing: /home/ibrahim/ros2_ws/install/mycobot_description/share/mycobot_description/meshes/mycobot_280/visual/link5.dae
[3.204s] -- Installing: /home/ibrahim/ros2_ws/install/mycobot_description/share/mycobot_description/meshes/mycobot_280/visual/link1.png
[3.205s] -- Installing: /home/ibrahim/ros2_ws/install/mycobot_description/share/mycobot_description/meshes/mycobot_280/visual/link3.png
[3.205s] -- Installing: /home/ibrahim/ros2_ws/install/mycobot_description/share/mycobot_description/meshes/mycobot_280/visual/link7.png
[3.205s] -- Installing: /home/ibrahim/ros2_ws/install/mycobot_description/share/mycobot_description/meshes/mycobot_280/visual/link3.dae
[3.246s] -- Installing: /home/ibrahim/ros2_ws/install/mycobot_description/share/mycobot_description/meshes/mycobot_280/visual/link5.png
[3.246s] -- Installing: /home/ibrahim/ros2_ws/install/mycobot_description/share/mycobot_description/meshes/mycobot_280/visual/link6.png
[3.247s] -- Installing: /home/ibrahim/ros2_ws/install/mycobot_description/share/mycobot_description/meshes/mycobot_280/visual/link4.dae
[3.248s] -- Installing: /home/ibrahim/ros2_ws/install/mycobot_description/share/mycobot_description/meshes/mycobot_280/visual/link6.dae
[3.257s] -- Installing: /home/ibrahim/ros2_ws/install/mycobot_description/share/mycobot_description/meshes/mycobot_280/visual/link7.dae
[3.264s] -- Installing: /home/ibrahim/ros2_ws/install/mycobot_description/share/mycobot_description/meshes/mycobot_280/visual/link2.dae
[3.277s] -- Up-to-date: /home/ibrahim/ros2_ws/install/mycobot_description/share/mycobot_description/meshes/d435
[3.292s] -- Up-to-date: /home/ibrahim/ros2_ws/install/mycobot_description/share/mycobot_description/meshes/d435/visual
[3.302s] -- Installing: /home/ibrahim/ros2_ws/install/mycobot_description/share/mycobot_description/meshes/d435/visual/d435.stl
[3.457s] -- Up-to-date: /home/ibrahim/ros2_ws/install/mycobot_description/share/mycobot_description/meshes/adaptive_gripper
[3.459s] -- Up-to-date: /home/ibrahim/ros2_ws/install/mycobot_description/share/mycobot_description/meshes/adaptive_gripper/visual
[3.476s] -- Installing: /home/ibrahim/ros2_ws/install/mycobot_description/share/mycobot_description/meshes/adaptive_gripper/visual/gripper_left3.dae
[3.484s] -- Installing: /home/ibrahim/ros2_ws/install/mycobot_description/share/mycobot_description/meshes/adaptive_gripper/visual/gripper_right3.dae
[3.488s] -- Installing: /home/ibrahim/ros2_ws/install/mycobot_description/share/mycobot_description/meshes/adaptive_gripper/visual/gripper_right2.dae
[3.491s] -- Installing: /home/ibrahim/ros2_ws/install/mycobot_description/share/mycobot_description/meshes/adaptive_gripper/visual/gripper_base.dae
[3.525s] -- Installing: /home/ibrahim/ros2_ws/install/mycobot_description/share/mycobot_description/meshes/adaptive_gripper/visual/gripper_left1.dae
[3.526s] -- Installing: /home/ibrahim/ros2_ws/install/mycobot_description/share/mycobot_description/meshes/adaptive_gripper/visual/gripper_right1.dae
[3.528s] -- Installing: /home/ibrahim/ros2_ws/install/mycobot_description/share/mycobot_description/meshes/adaptive_gripper/visual/gripper_left2.dae
[3.532s] -- Up-to-date: /home/ibrahim/ros2_ws/install/mycobot_description/share/mycobot_description/urdf
[3.533s] -- Up-to-date: /home/ibrahim/ros2_ws/install/mycobot_description/share/mycobot_description/urdf/robots
[3.540s] -- Installing: /home/ibrahim/ros2_ws/install/mycobot_description/share/mycobot_description/urdf/robots/mycobot_280.urdf.xacro
[3.540s] -- Up-to-date: /home/ibrahim/ros2_ws/install/mycobot_description/share/mycobot_description/urdf/mech
[3.546s] -- Installing: /home/ibrahim/ros2_ws/install/mycobot_description/share/mycobot_description/urdf/mech/mycobot_280_arm.urdf.xacro
[3.546s] -- Installing: /home/ibrahim/ros2_ws/install/mycobot_description/share/mycobot_description/urdf/mech/g_shape_base_v2_0.urdf.xacro
[3.546s] -- Installing: /home/ibrahim/ros2_ws/install/mycobot_description/share/mycobot_description/urdf/mech/adaptive_gripper.urdf.xacro
[3.546s] -- Up-to-date: /home/ibrahim/ros2_ws/install/mycobot_description/share/mycobot_description/urdf/sensors
[3.547s] -- Installing: /home/ibrahim/ros2_ws/install/mycobot_description/share/mycobot_description/urdf/sensors/intel_rgbd_cam_d435.urdf.xacro
[3.550s] -- Installing: /home/ibrahim/ros2_ws/install/mycobot_description/share/mycobot_description/urdf/mycobot280_rviz.png
[3.550s] -- Up-to-date: /home/ibrahim/ros2_ws/install/mycobot_description/share/mycobot_description/urdf/control
[3.553s] -- Installing: /home/ibrahim/ros2_ws/install/mycobot_description/share/mycobot_description/urdf/control/mycobot_280_ros2_control.urdf.xacro
[3.553s] -- Up-to-date: /home/ibrahim/ros2_ws/install/mycobot_description/share/mycobot_description/rviz
[3.569s] -- Installing: /home/ibrahim/ros2_ws/install/mycobot_description/share/mycobot_description/rviz/mycobot_280_description.rviz
[3.570s] -- Up-to-date: /home/ibrahim/ros2_ws/install/mycobot_description/share/ament_index/resource_index/package_run_dependencies/mycobot_description
[3.586s] -- Up-to-date: /home/ibrahim/ros2_ws/install/mycobot_description/share/ament_index/resource_index/parent_prefix_path/mycobot_description
[3.586s] -- Up-to-date: /home/ibrahim/ros2_ws/install/mycobot_description/share/mycobot_description/environment/ament_prefix_path.sh
[3.586s] -- Up-to-date: /home/ibrahim/ros2_ws/install/mycobot_description/share/mycobot_description/environment/ament_prefix_path.dsv
[3.587s] -- Up-to-date: /home/ibrahim/ros2_ws/install/mycobot_description/share/mycobot_description/environment/path.sh
[3.587s] -- Up-to-date: /home/ibrahim/ros2_ws/install/mycobot_description/share/mycobot_description/environment/path.dsv
[3.587s] -- Up-to-date: /home/ibrahim/ros2_ws/install/mycobot_description/share/mycobot_description/local_setup.bash
[3.587s] -- Up-to-date: /home/ibrahim/ros2_ws/install/mycobot_description/share/mycobot_description/local_setup.sh
[3.587s] -- Up-to-date: /home/ibrahim/ros2_ws/install/mycobot_description/share/mycobot_description/local_setup.zsh
[3.587s] -- Up-to-date: /home/ibrahim/ros2_ws/install/mycobot_description/share/mycobot_description/local_setup.dsv
[3.588s] -- Installing: /home/ibrahim/ros2_ws/install/mycobot_description/share/mycobot_description/package.dsv
[3.597s] -- Up-to-date: /home/ibrahim/ros2_ws/install/mycobot_description/share/ament_index/resource_index/packages/mycobot_description
[3.600s] -- Up-to-date: /home/ibrahim/ros2_ws/install/mycobot_description/share/mycobot_description/cmake/mycobot_descriptionConfig.cmake
[3.600s] -- Up-to-date: /home/ibrahim/ros2_ws/install/mycobot_description/share/mycobot_description/cmake/mycobot_descriptionConfig-version.cmake
[3.600s] -- Installing: /home/ibrahim/ros2_ws/install/mycobot_description/share/mycobot_description/package.xml
