[0.167s] Invoking command in '/home/ibrahim/ros2_ws/build/mycobot_interfaces': CMAKE_PREFIX_PATH=${CMAKE_PREFIX_PATH}:/home/ibrahim/ros2_ws/install/arm_serial_bridge:/opt/ros/jazzy DEBUGINFOD_URLS=https://debuginfod.ubuntu.com /usr/bin/cmake --build /home/ibrahim/ros2_ws/build/mycobot_interfaces -- -j4 -l4
[0.401s] [  2%] Built target mycobot_interfaces__rosidl_generator_type_description
[0.424s] [  2%] Built target ament_cmake_python_copy_mycobot_interfaces
[0.506s] [  5%] Built target mycobot_interfaces__cpp
[0.538s] [ 20%] Built target mycobot_interfaces__rosidl_generator_c
[0.688s] [ 29%] Built target mycobot_interfaces__rosidl_typesupport_cpp
[0.688s] [ 38%] Built target mycobot_interfaces__rosidl_typesupport_fastrtps_c
[0.788s] [ 47%] Built target mycobot_interfaces__rosidl_typesupport_fastrtps_cpp
[0.797s] [ 55%] Built target mycobot_interfaces__rosidl_typesupport_introspection_c
[0.874s] [ 64%] Built target mycobot_interfaces__rosidl_typesupport_c
[0.941s] [ 73%] Built target mycobot_interfaces__rosidl_typesupport_introspection_cpp
[1.049s] [ 73%] Built target mycobot_interfaces
[1.126s] [ 76%] Built target mycobot_interfaces__py
[1.232s] [ 82%] Built target mycobot_interfaces__rosidl_generator_py
[1.239s] running egg_info
[1.280s] writing mycobot_interfaces.egg-info/PKG-INFO
[1.280s] writing dependency_links to mycobot_interfaces.egg-info/dependency_links.txt
[1.280s] writing top-level names to mycobot_interfaces.egg-info/top_level.txt
[1.281s] [ 88%] Built target mycobot_interfaces_s__rosidl_typesupport_introspection_c
[1.357s] [ 94%] Built target mycobot_interfaces_s__rosidl_typesupport_fastrtps_c
[1.479s] [100%] Built target mycobot_interfaces_s__rosidl_typesupport_c
[1.552s] reading manifest file 'mycobot_interfaces.egg-info/SOURCES.txt'
[1.552s] writing manifest file 'mycobot_interfaces.egg-info/SOURCES.txt'
[1.710s] [100%] Built target ament_cmake_python_build_mycobot_interfaces_egg
[1.792s] Invoked command in '/home/ibrahim/ros2_ws/build/mycobot_interfaces' returned '0': CMAKE_PREFIX_PATH=${CMAKE_PREFIX_PATH}:/home/ibrahim/ros2_ws/install/arm_serial_bridge:/opt/ros/jazzy DEBUGINFOD_URLS=https://debuginfod.ubuntu.com /usr/bin/cmake --build /home/ibrahim/ros2_ws/build/mycobot_interfaces -- -j4 -l4
[1.811s] Invoking command in '/home/ibrahim/ros2_ws/build/mycobot_interfaces': CMAKE_PREFIX_PATH=${CMAKE_PREFIX_PATH}:/home/ibrahim/ros2_ws/install/arm_serial_bridge:/opt/ros/jazzy DEBUGINFOD_URLS=https://debuginfod.ubuntu.com /usr/bin/cmake --install /home/ibrahim/ros2_ws/build/mycobot_interfaces
[1.868s] -- Install configuration: ""
[1.889s] -- Up-to-date: /home/ibrahim/ros2_ws/install/mycobot_interfaces/share/ament_index/resource_index/rosidl_interfaces/mycobot_interfaces
[1.890s] -- Up-to-date: /home/ibrahim/ros2_ws/install/mycobot_interfaces/share/mycobot_interfaces/srv/GetPlanningScene.json
[1.890s] -- Up-to-date: /home/ibrahim/ros2_ws/install/mycobot_interfaces/include/mycobot_interfaces/mycobot_interfaces
[1.894s] -- Up-to-date: /home/ibrahim/ros2_ws/install/mycobot_interfaces/include/mycobot_interfaces/mycobot_interfaces/srv
[1.894s] -- Up-to-date: /home/ibrahim/ros2_ws/install/mycobot_interfaces/include/mycobot_interfaces/mycobot_interfaces/srv/detail
[1.894s] -- Up-to-date: /home/ibrahim/ros2_ws/install/mycobot_interfaces/include/mycobot_interfaces/mycobot_interfaces/srv/detail/get_planning_scene__type_support.h
[1.894s] -- Up-to-date: /home/ibrahim/ros2_ws/install/mycobot_interfaces/include/mycobot_interfaces/mycobot_interfaces/srv/detail/get_planning_scene__type_support.c
[1.894s] -- Up-to-date: /home/ibrahim/ros2_ws/install/mycobot_interfaces/include/mycobot_interfaces/mycobot_interfaces/srv/detail/get_planning_scene__struct.h
[1.894s] -- Up-to-date: /home/ibrahim/ros2_ws/install/mycobot_interfaces/include/mycobot_interfaces/mycobot_interfaces/srv/detail/get_planning_scene__description.c
[1.895s] -- Up-to-date: /home/ibrahim/ros2_ws/install/mycobot_interfaces/include/mycobot_interfaces/mycobot_interfaces/srv/detail/get_planning_scene__functions.h
[1.895s] -- Up-to-date: /home/ibrahim/ros2_ws/install/mycobot_interfaces/include/mycobot_interfaces/mycobot_interfaces/srv/detail/get_planning_scene__functions.c
[1.895s] -- Up-to-date: /home/ibrahim/ros2_ws/install/mycobot_interfaces/include/mycobot_interfaces/mycobot_interfaces/srv/get_planning_scene.h
[1.897s] -- Up-to-date: /home/ibrahim/ros2_ws/install/mycobot_interfaces/include/mycobot_interfaces/mycobot_interfaces/msg
[1.898s] -- Up-to-date: /home/ibrahim/ros2_ws/install/mycobot_interfaces/include/mycobot_interfaces/mycobot_interfaces/msg/rosidl_generator_c__visibility_control.h
[1.898s] -- Up-to-date: /home/ibrahim/ros2_ws/install/mycobot_interfaces/share/mycobot_interfaces/environment/library_path.sh
[1.898s] -- Up-to-date: /home/ibrahim/ros2_ws/install/mycobot_interfaces/share/mycobot_interfaces/environment/library_path.dsv
[1.898s] -- Up-to-date: /home/ibrahim/ros2_ws/install/mycobot_interfaces/lib/libmycobot_interfaces__rosidl_generator_c.so
[1.898s] -- Up-to-date: /home/ibrahim/ros2_ws/install/mycobot_interfaces/include/mycobot_interfaces/mycobot_interfaces
[1.898s] -- Up-to-date: /home/ibrahim/ros2_ws/install/mycobot_interfaces/include/mycobot_interfaces/mycobot_interfaces/srv
[1.898s] -- Up-to-date: /home/ibrahim/ros2_ws/install/mycobot_interfaces/include/mycobot_interfaces/mycobot_interfaces/srv/detail
[1.899s] -- Up-to-date: /home/ibrahim/ros2_ws/install/mycobot_interfaces/include/mycobot_interfaces/mycobot_interfaces/srv/detail/get_planning_scene__rosidl_typesupport_fastrtps_c.h
[1.899s] -- Up-to-date: /home/ibrahim/ros2_ws/install/mycobot_interfaces/include/mycobot_interfaces/mycobot_interfaces/msg
[1.899s] -- Up-to-date: /home/ibrahim/ros2_ws/install/mycobot_interfaces/include/mycobot_interfaces/mycobot_interfaces/msg/rosidl_typesupport_fastrtps_c__visibility_control.h
[1.899s] -- Up-to-date: /home/ibrahim/ros2_ws/install/mycobot_interfaces/lib/libmycobot_interfaces__rosidl_typesupport_fastrtps_c.so
[1.899s] -- Up-to-date: /home/ibrahim/ros2_ws/install/mycobot_interfaces/include/mycobot_interfaces/mycobot_interfaces
[1.899s] -- Up-to-date: /home/ibrahim/ros2_ws/install/mycobot_interfaces/include/mycobot_interfaces/mycobot_interfaces/srv
[1.899s] -- Up-to-date: /home/ibrahim/ros2_ws/install/mycobot_interfaces/include/mycobot_interfaces/mycobot_interfaces/srv/detail
[1.899s] -- Up-to-date: /home/ibrahim/ros2_ws/install/mycobot_interfaces/include/mycobot_interfaces/mycobot_interfaces/srv/detail/get_planning_scene__struct.hpp
[1.899s] -- Up-to-date: /home/ibrahim/ros2_ws/install/mycobot_interfaces/include/mycobot_interfaces/mycobot_interfaces/srv/detail/get_planning_scene__builder.hpp
[1.899s] -- Up-to-date: /home/ibrahim/ros2_ws/install/mycobot_interfaces/include/mycobot_interfaces/mycobot_interfaces/srv/detail/get_planning_scene__type_support.hpp
[1.899s] -- Up-to-date: /home/ibrahim/ros2_ws/install/mycobot_interfaces/include/mycobot_interfaces/mycobot_interfaces/srv/detail/get_planning_scene__traits.hpp
[1.899s] -- Up-to-date: /home/ibrahim/ros2_ws/install/mycobot_interfaces/include/mycobot_interfaces/mycobot_interfaces/srv/get_planning_scene.hpp
[1.899s] -- Up-to-date: /home/ibrahim/ros2_ws/install/mycobot_interfaces/include/mycobot_interfaces/mycobot_interfaces/msg
[1.899s] -- Up-to-date: /home/ibrahim/ros2_ws/install/mycobot_interfaces/include/mycobot_interfaces/mycobot_interfaces/msg/rosidl_generator_cpp__visibility_control.hpp
[1.899s] -- Up-to-date: /home/ibrahim/ros2_ws/install/mycobot_interfaces/include/mycobot_interfaces/mycobot_interfaces
[1.900s] -- Up-to-date: /home/ibrahim/ros2_ws/install/mycobot_interfaces/include/mycobot_interfaces/mycobot_interfaces/srv
[1.900s] -- Up-to-date: /home/ibrahim/ros2_ws/install/mycobot_interfaces/include/mycobot_interfaces/mycobot_interfaces/srv/detail
[1.900s] -- Up-to-date: /home/ibrahim/ros2_ws/install/mycobot_interfaces/include/mycobot_interfaces/mycobot_interfaces/srv/detail/dds_fastrtps
[1.900s] -- Up-to-date: /home/ibrahim/ros2_ws/install/mycobot_interfaces/include/mycobot_interfaces/mycobot_interfaces/srv/detail/get_planning_scene__rosidl_typesupport_fastrtps_cpp.hpp
[1.900s] -- Up-to-date: /home/ibrahim/ros2_ws/install/mycobot_interfaces/include/mycobot_interfaces/mycobot_interfaces/msg
[1.900s] -- Up-to-date: /home/ibrahim/ros2_ws/install/mycobot_interfaces/include/mycobot_interfaces/mycobot_interfaces/msg/rosidl_typesupport_fastrtps_cpp__visibility_control.h
[1.900s] -- Up-to-date: /home/ibrahim/ros2_ws/install/mycobot_interfaces/lib/libmycobot_interfaces__rosidl_typesupport_fastrtps_cpp.so
[1.900s] -- Up-to-date: /home/ibrahim/ros2_ws/install/mycobot_interfaces/include/mycobot_interfaces/mycobot_interfaces
[1.900s] -- Up-to-date: /home/ibrahim/ros2_ws/install/mycobot_interfaces/include/mycobot_interfaces/mycobot_interfaces/srv
[1.900s] -- Up-to-date: /home/ibrahim/ros2_ws/install/mycobot_interfaces/include/mycobot_interfaces/mycobot_interfaces/srv/detail
[1.900s] -- Up-to-date: /home/ibrahim/ros2_ws/install/mycobot_interfaces/include/mycobot_interfaces/mycobot_interfaces/srv/detail/get_planning_scene__rosidl_typesupport_introspection_c.h
[1.900s] -- Up-to-date: /home/ibrahim/ros2_ws/install/mycobot_interfaces/include/mycobot_interfaces/mycobot_interfaces/srv/detail/get_planning_scene__type_support.c
[1.921s] -- Up-to-date: /home/ibrahim/ros2_ws/install/mycobot_interfaces/include/mycobot_interfaces/mycobot_interfaces/msg
[1.921s] -- Up-to-date: /home/ibrahim/ros2_ws/install/mycobot_interfaces/include/mycobot_interfaces/mycobot_interfaces/msg/rosidl_typesupport_introspection_c__visibility_control.h
[1.949s] -- Up-to-date: /home/ibrahim/ros2_ws/install/mycobot_interfaces/lib/libmycobot_interfaces__rosidl_typesupport_introspection_c.so
[1.949s] -- Up-to-date: /home/ibrahim/ros2_ws/install/mycobot_interfaces/lib/libmycobot_interfaces__rosidl_typesupport_c.so
[1.949s] -- Up-to-date: /home/ibrahim/ros2_ws/install/mycobot_interfaces/include/mycobot_interfaces/mycobot_interfaces
[1.950s] -- Up-to-date: /home/ibrahim/ros2_ws/install/mycobot_interfaces/include/mycobot_interfaces/mycobot_interfaces/srv
[1.950s] -- Up-to-date: /home/ibrahim/ros2_ws/install/mycobot_interfaces/include/mycobot_interfaces/mycobot_interfaces/srv/detail
[1.950s] -- Up-to-date: /home/ibrahim/ros2_ws/install/mycobot_interfaces/include/mycobot_interfaces/mycobot_interfaces/srv/detail/get_planning_scene__rosidl_typesupport_introspection_cpp.hpp
[1.951s] -- Up-to-date: /home/ibrahim/ros2_ws/install/mycobot_interfaces/include/mycobot_interfaces/mycobot_interfaces/srv/detail/get_planning_scene__type_support.cpp
[1.951s] -- Up-to-date: /home/ibrahim/ros2_ws/install/mycobot_interfaces/lib/libmycobot_interfaces__rosidl_typesupport_introspection_cpp.so
[1.951s] -- Up-to-date: /home/ibrahim/ros2_ws/install/mycobot_interfaces/lib/libmycobot_interfaces__rosidl_typesupport_cpp.so
[1.951s] -- Up-to-date: /home/ibrahim/ros2_ws/install/mycobot_interfaces/share/mycobot_interfaces/environment/pythonpath.sh
[1.951s] -- Up-to-date: /home/ibrahim/ros2_ws/install/mycobot_interfaces/share/mycobot_interfaces/environment/pythonpath.dsv
[1.951s] -- Up-to-date: /home/ibrahim/ros2_ws/install/mycobot_interfaces/lib/python3.12/site-packages/mycobot_interfaces-0.0.0-py3.12.egg-info
[1.951s] -- Installing: /home/ibrahim/ros2_ws/install/mycobot_interfaces/lib/python3.12/site-packages/mycobot_interfaces-0.0.0-py3.12.egg-info/dependency_links.txt
[1.951s] -- Installing: /home/ibrahim/ros2_ws/install/mycobot_interfaces/lib/python3.12/site-packages/mycobot_interfaces-0.0.0-py3.12.egg-info/SOURCES.txt
[1.952s] -- Installing: /home/ibrahim/ros2_ws/install/mycobot_interfaces/lib/python3.12/site-packages/mycobot_interfaces-0.0.0-py3.12.egg-info/PKG-INFO
[1.952s] -- Installing: /home/ibrahim/ros2_ws/install/mycobot_interfaces/lib/python3.12/site-packages/mycobot_interfaces-0.0.0-py3.12.egg-info/top_level.txt
[1.952s] -- Up-to-date: /home/ibrahim/ros2_ws/install/mycobot_interfaces/lib/python3.12/site-packages/mycobot_interfaces
[1.953s] -- Up-to-date: /home/ibrahim/ros2_ws/install/mycobot_interfaces/lib/python3.12/site-packages/mycobot_interfaces/_mycobot_interfaces_s.ep.rosidl_typesupport_fastrtps_c.c
[1.953s] -- Up-to-date: /home/ibrahim/ros2_ws/install/mycobot_interfaces/lib/python3.12/site-packages/mycobot_interfaces/srv
[1.953s] -- Up-to-date: /home/ibrahim/ros2_ws/install/mycobot_interfaces/lib/python3.12/site-packages/mycobot_interfaces/srv/_get_planning_scene.py
[1.954s] -- Up-to-date: /home/ibrahim/ros2_ws/install/mycobot_interfaces/lib/python3.12/site-packages/mycobot_interfaces/srv/_get_planning_scene_s.c
[1.954s] -- Up-to-date: /home/ibrahim/ros2_ws/install/mycobot_interfaces/lib/python3.12/site-packages/mycobot_interfaces/srv/__init__.py
[1.955s] -- Up-to-date: /home/ibrahim/ros2_ws/install/mycobot_interfaces/lib/python3.12/site-packages/mycobot_interfaces/mycobot_interfaces_s__rosidl_typesupport_introspection_c.so
[1.955s] -- Up-to-date: /home/ibrahim/ros2_ws/install/mycobot_interfaces/lib/python3.12/site-packages/mycobot_interfaces/_mycobot_interfaces_s.ep.rosidl_typesupport_introspection_c.c
[1.960s] -- Up-to-date: /home/ibrahim/ros2_ws/install/mycobot_interfaces/lib/python3.12/site-packages/mycobot_interfaces/mycobot_interfaces_s__rosidl_typesupport_c.so
[1.960s] -- Up-to-date: /home/ibrahim/ros2_ws/install/mycobot_interfaces/lib/python3.12/site-packages/mycobot_interfaces/__init__.py
[1.961s] -- Up-to-date: /home/ibrahim/ros2_ws/install/mycobot_interfaces/lib/python3.12/site-packages/mycobot_interfaces/_mycobot_interfaces_s.ep.rosidl_typesupport_c.c
[1.961s] -- Up-to-date: /home/ibrahim/ros2_ws/install/mycobot_interfaces/lib/python3.12/site-packages/mycobot_interfaces/mycobot_interfaces_s__rosidl_typesupport_fastrtps_c.so
[2.030s] Listing '/home/ibrahim/ros2_ws/install/mycobot_interfaces/lib/python3.12/site-packages/mycobot_interfaces'...
[2.037s] Listing '/home/ibrahim/ros2_ws/install/mycobot_interfaces/lib/python3.12/site-packages/mycobot_interfaces/srv'...
[2.055s] -- Up-to-date: /home/ibrahim/ros2_ws/install/mycobot_interfaces/lib/python3.12/site-packages/mycobot_interfaces/mycobot_interfaces_s__rosidl_typesupport_fastrtps_c.so
[2.057s] -- Up-to-date: /home/ibrahim/ros2_ws/install/mycobot_interfaces/lib/python3.12/site-packages/mycobot_interfaces/mycobot_interfaces_s__rosidl_typesupport_introspection_c.so
[2.058s] -- Up-to-date: /home/ibrahim/ros2_ws/install/mycobot_interfaces/lib/python3.12/site-packages/mycobot_interfaces/mycobot_interfaces_s__rosidl_typesupport_c.so
[2.058s] -- Up-to-date: /home/ibrahim/ros2_ws/install/mycobot_interfaces/lib/libmycobot_interfaces__rosidl_generator_py.so
[2.058s] -- Up-to-date: /home/ibrahim/ros2_ws/install/mycobot_interfaces/share/mycobot_interfaces/srv/GetPlanningScene.idl
[2.058s] -- Up-to-date: /home/ibrahim/ros2_ws/install/mycobot_interfaces/share/mycobot_interfaces/srv/GetPlanningScene.srv
[2.059s] -- Up-to-date: /home/ibrahim/ros2_ws/install/mycobot_interfaces/share/ament_index/resource_index/package_run_dependencies/mycobot_interfaces
[2.059s] -- Up-to-date: /home/ibrahim/ros2_ws/install/mycobot_interfaces/share/ament_index/resource_index/parent_prefix_path/mycobot_interfaces
[2.060s] -- Up-to-date: /home/ibrahim/ros2_ws/install/mycobot_interfaces/share/mycobot_interfaces/environment/ament_prefix_path.sh
[2.060s] -- Up-to-date: /home/ibrahim/ros2_ws/install/mycobot_interfaces/share/mycobot_interfaces/environment/ament_prefix_path.dsv
[2.060s] -- Up-to-date: /home/ibrahim/ros2_ws/install/mycobot_interfaces/share/mycobot_interfaces/environment/path.sh
[2.060s] -- Up-to-date: /home/ibrahim/ros2_ws/install/mycobot_interfaces/share/mycobot_interfaces/environment/path.dsv
[2.061s] -- Up-to-date: /home/ibrahim/ros2_ws/install/mycobot_interfaces/share/mycobot_interfaces/local_setup.bash
[2.061s] -- Up-to-date: /home/ibrahim/ros2_ws/install/mycobot_interfaces/share/mycobot_interfaces/local_setup.sh
[2.061s] -- Up-to-date: /home/ibrahim/ros2_ws/install/mycobot_interfaces/share/mycobot_interfaces/local_setup.zsh
[2.062s] -- Up-to-date: /home/ibrahim/ros2_ws/install/mycobot_interfaces/share/mycobot_interfaces/local_setup.dsv
[2.064s] -- Installing: /home/ibrahim/ros2_ws/install/mycobot_interfaces/share/mycobot_interfaces/package.dsv
[2.065s] -- Up-to-date: /home/ibrahim/ros2_ws/install/mycobot_interfaces/share/ament_index/resource_index/packages/mycobot_interfaces
[2.069s] -- Up-to-date: /home/ibrahim/ros2_ws/install/mycobot_interfaces/share/mycobot_interfaces/cmake/export_mycobot_interfaces__rosidl_generator_cExport.cmake
[2.069s] -- Up-to-date: /home/ibrahim/ros2_ws/install/mycobot_interfaces/share/mycobot_interfaces/cmake/export_mycobot_interfaces__rosidl_generator_cExport-noconfig.cmake
[2.074s] -- Up-to-date: /home/ibrahim/ros2_ws/install/mycobot_interfaces/share/mycobot_interfaces/cmake/export_mycobot_interfaces__rosidl_typesupport_fastrtps_cExport.cmake
[2.074s] -- Up-to-date: /home/ibrahim/ros2_ws/install/mycobot_interfaces/share/mycobot_interfaces/cmake/export_mycobot_interfaces__rosidl_typesupport_fastrtps_cExport-noconfig.cmake
[2.074s] -- Up-to-date: /home/ibrahim/ros2_ws/install/mycobot_interfaces/share/mycobot_interfaces/cmake/export_mycobot_interfaces__rosidl_generator_cppExport.cmake
[2.074s] -- Up-to-date: /home/ibrahim/ros2_ws/install/mycobot_interfaces/share/mycobot_interfaces/cmake/export_mycobot_interfaces__rosidl_typesupport_fastrtps_cppExport.cmake
[2.074s] -- Up-to-date: /home/ibrahim/ros2_ws/install/mycobot_interfaces/share/mycobot_interfaces/cmake/export_mycobot_interfaces__rosidl_typesupport_fastrtps_cppExport-noconfig.cmake
[2.074s] -- Up-to-date: /home/ibrahim/ros2_ws/install/mycobot_interfaces/share/mycobot_interfaces/cmake/mycobot_interfaces__rosidl_typesupport_introspection_cExport.cmake
[2.078s] -- Up-to-date: /home/ibrahim/ros2_ws/install/mycobot_interfaces/share/mycobot_interfaces/cmake/mycobot_interfaces__rosidl_typesupport_introspection_cExport-noconfig.cmake
[2.078s] -- Up-to-date: /home/ibrahim/ros2_ws/install/mycobot_interfaces/share/mycobot_interfaces/cmake/mycobot_interfaces__rosidl_typesupport_cExport.cmake
[2.079s] -- Up-to-date: /home/ibrahim/ros2_ws/install/mycobot_interfaces/share/mycobot_interfaces/cmake/mycobot_interfaces__rosidl_typesupport_cExport-noconfig.cmake
[2.079s] -- Up-to-date: /home/ibrahim/ros2_ws/install/mycobot_interfaces/share/mycobot_interfaces/cmake/mycobot_interfaces__rosidl_typesupport_introspection_cppExport.cmake
[2.080s] -- Up-to-date: /home/ibrahim/ros2_ws/install/mycobot_interfaces/share/mycobot_interfaces/cmake/mycobot_interfaces__rosidl_typesupport_introspection_cppExport-noconfig.cmake
[2.082s] -- Up-to-date: /home/ibrahim/ros2_ws/install/mycobot_interfaces/share/mycobot_interfaces/cmake/mycobot_interfaces__rosidl_typesupport_cppExport.cmake
[2.082s] -- Up-to-date: /home/ibrahim/ros2_ws/install/mycobot_interfaces/share/mycobot_interfaces/cmake/mycobot_interfaces__rosidl_typesupport_cppExport-noconfig.cmake
[2.083s] -- Up-to-date: /home/ibrahim/ros2_ws/install/mycobot_interfaces/share/mycobot_interfaces/cmake/export_mycobot_interfaces__rosidl_generator_pyExport.cmake
[2.083s] -- Up-to-date: /home/ibrahim/ros2_ws/install/mycobot_interfaces/share/mycobot_interfaces/cmake/export_mycobot_interfaces__rosidl_generator_pyExport-noconfig.cmake
[2.083s] -- Up-to-date: /home/ibrahim/ros2_ws/install/mycobot_interfaces/share/mycobot_interfaces/cmake/rosidl_cmake-extras.cmake
[2.083s] -- Up-to-date: /home/ibrahim/ros2_ws/install/mycobot_interfaces/share/mycobot_interfaces/cmake/ament_cmake_export_dependencies-extras.cmake
[2.083s] -- Up-to-date: /home/ibrahim/ros2_ws/install/mycobot_interfaces/share/mycobot_interfaces/cmake/ament_cmake_export_include_directories-extras.cmake
[2.083s] -- Up-to-date: /home/ibrahim/ros2_ws/install/mycobot_interfaces/share/mycobot_interfaces/cmake/ament_cmake_export_libraries-extras.cmake
[2.083s] -- Up-to-date: /home/ibrahim/ros2_ws/install/mycobot_interfaces/share/mycobot_interfaces/cmake/ament_cmake_export_targets-extras.cmake
[2.083s] -- Up-to-date: /home/ibrahim/ros2_ws/install/mycobot_interfaces/share/mycobot_interfaces/cmake/rosidl_cmake_export_typesupport_targets-extras.cmake
[2.084s] -- Up-to-date: /home/ibrahim/ros2_ws/install/mycobot_interfaces/share/mycobot_interfaces/cmake/rosidl_cmake_export_typesupport_libraries-extras.cmake
[2.084s] -- Up-to-date: /home/ibrahim/ros2_ws/install/mycobot_interfaces/share/mycobot_interfaces/cmake/mycobot_interfacesConfig.cmake
[2.084s] -- Up-to-date: /home/ibrahim/ros2_ws/install/mycobot_interfaces/share/mycobot_interfaces/cmake/mycobot_interfacesConfig-version.cmake
[2.084s] -- Up-to-date: /home/ibrahim/ros2_ws/install/mycobot_interfaces/share/mycobot_interfaces/package.xml
[2.145s] Invoked command in '/home/ibrahim/ros2_ws/build/mycobot_interfaces' returned '0': CMAKE_PREFIX_PATH=${CMAKE_PREFIX_PATH}:/home/ibrahim/ros2_ws/install/arm_serial_bridge:/opt/ros/jazzy DEBUGINFOD_URLS=https://debuginfod.ubuntu.com /usr/bin/cmake --install /home/ibrahim/ros2_ws/build/mycobot_interfaces
