Traceback (most recent call last):
  File "/home/ibrahim/ros2_env/bin/cmake", line 5, in <module>
    from cmake import cmake
  File "/home/ibrahim/ros2_env/lib/python3.12/site-packages/cmake/__init__.py", line 26, in <module>
    cmake_files = distribution("cmake").files
                  ^^^^^^^^^^^^^^^^^^^^^^^^^^^
  File "/usr/lib/python3.12/importlib/metadata/__init__.py", line 500, in files
    return skip_missing_files(
           ^^^^^^^^^^^^^^^^^^^
  File "/usr/lib/python3.12/importlib/metadata/_functools.py", line 102, in wrapper
    return func(param, *args, **kwargs)
           ^^^^^^^^^^^^^^^^^^^^^^^^^^^^
  File "/usr/lib/python3.12/importlib/metadata/__init__.py", line 498, in skip_missing_files
    return list(filter(lambda path: path.locate().exists(), package_paths))
           ^^^^^^^^^^^^^^^^^^^^^^^^^^^^^^^^^^^^^^^^^^^^^^^^^^^^^^^^^^^^^^^^
  File "/usr/lib/python3.12/importlib/metadata/__init__.py", line 498, in <lambda>
    return list(filter(lambda path: path.locate().exists(), package_paths))
                                    ^^^^^^^^^^^^^^^^^^^^^^
  File "/usr/lib/python3.12/pathlib.py", line 862, in exists
    self.stat(follow_symlinks=follow_symlinks)
  File "/usr/lib/python3.12/pathlib.py", line 842, in stat
    return os.stat(self, follow_symlinks=follow_symlinks)
           ^^^^^^^^^^^^^^^^^^^^^^^^^^^^^^^^^^^^^^^^^^^^^^
KeyboardInterrupt
