-- Found ament_cmake: 2.5.5 (/opt/ros/jazzy/share/ament_cmake/cmake)
-- Found generate_parameter_library: 0.6.0 (/opt/ros/jazzy/share/generate_parameter_library/cmake)
-- Found parameter_traits: 0.6.0 (/opt/ros/jazzy/share/parameter_traits/cmake)
-- Found rosidl_generator_c: 4.6.7 (/opt/ros/jazzy/share/rosidl_generator_c/cmake)
-- Found rosidl_generator_cpp: 4.6.7 (/opt/ros/jazzy/share/rosidl_generator_cpp/cmake)
-- Using all available rosidl_typesupport_c: rosidl_typesupport_fastrtps_c;rosidl_typesupport_introspection_c
-- Using all available rosidl_typesupport_cpp: rosidl_typesupport_fastrtps_cpp;rosidl_typesupport_introspection_cpp
-- Found rmw_implementation_cmake: 7.3.3 (/opt/ros/jazzy/share/rmw_implementation_cmake/cmake)
-- Found rmw_fastrtps_cpp: 8.4.3 (/opt/ros/jazzy/share/rmw_fastrtps_cpp/cmake)
-- Using RMW implementation 'rmw_fastrtps_cpp' as default
-- Found rclcpp_lifecycle: 28.1.16 (/opt/ros/jazzy/share/rclcpp_lifecycle/cmake)
-- Found moveit_common: 2.12.4 (/opt/ros/jazzy/share/moveit_common/cmake)
-- Found moveit_core: 2.12.4 (/opt/ros/jazzy/share/moveit_core/cmake)
-- Found Boost: /usr/lib/x86_64-linux-gnu/cmake/Boost-1.83.0/BoostConfig.cmake (found version "1.83.0") found components: chrono date_time filesystem iostreams program_options regex serialization system thread 
-- Found Boost: /usr/lib/x86_64-linux-gnu/cmake/Boost-1.83.0/BoostConfig.cmake (found version "1.83.0") found components: filesystem 
-- Ensuring Eigen3 include directory is part of orocos-kdl CMake target
-- Found moveit_ros_planning: 2.12.4 (/opt/ros/jazzy/share/moveit_ros_planning/cmake)
-- Found Boost: /usr/lib/x86_64-linux-gnu/cmake/Boost-1.83.0/BoostConfig.cmake (found version "1.83.0") found components: system filesystem date_time program_options thread chrono 
-- Found moveit_ros_planning_interface: 2.12.4 (/opt/ros/jazzy/share/moveit_ros_planning_interface/cmake)
-- Found Boost: /usr/lib/x86_64-linux-gnu/cmake/Boost-1.83.0/BoostConfig.cmake (found version "1.83.0") found components: date_time filesystem program_options system thread 
-- Found Boost: /usr/lib/x86_64-linux-gnu/cmake/Boost-1.83.0/BoostConfig.cmake (found version "1.83.0") found components: thread system filesystem regex date_time program_options 
-- Found Boost: /usr/lib/x86_64-linux-gnu/cmake/Boost-1.83.0/BoostConfig.cmake (found version "1.83.0") found components: system filesystem date_time program_options thread 
-- Found moveit_task_constructor_core: 0.1.4 (/opt/ros/jazzy/share/moveit_task_constructor_core/cmake)
-- Found ament_lint_auto: 0.17.4 (/opt/ros/jazzy/share/ament_lint_auto/cmake)
-- Added test 'cppcheck' to perform static code analysis on C / C++ code
-- Configured cppcheck include dirs: 
-- Configured cppcheck exclude dirs and/or files: 
-- Added test 'flake8' to check Python code syntax and style conventions
-- Configured 'flake8' exclude dirs and/or files: 
-- Added test 'lint_cmake' to check CMake code style
-- Added test 'pep257' to check Python code against some of the docstring style conventions in PEP 257
-- Added test 'uncrustify' to check C / C++ code style
-- Configured uncrustify additional arguments: 
-- Added test 'xmllint' to check XML markup files
-- Configuring done (2.0s)
-- Generating done (0.3s)
-- Build files have been written to: /home/ibrahim/ros2_ws/build/mycobot_mtc_demos
[  8%] [32mBuilding CXX object CMakeFiles/mycobot_mtc_demos_alternative_path_costs.dir/src/alternative_path_costs.cpp.o[0m
[ 16%] [32mBuilding CXX object CMakeFiles/mycobot_mtc_demos_cartesian.dir/src/cartesian.cpp.o[0m
[ 25%] [32mBuilding CXX object CMakeFiles/mycobot_mtc_demos_fallbacks_move_to.dir/src/fallbacks_move_to.cpp.o[0m
[ 33%] [34m[1mRunning `/opt/ros/jazzy/bin/generate_parameter_library_cpp /home/ibrahim/ros2_ws/build/mycobot_mtc_demos/include/mycobot_mtc_demos/ik_clearance_cost_parameters.hpp /home/ibrahim/ros2_ws/src/mycobot_ros2/mycobot_mtc_demos/src/ik_clearance_cost_parameters.yaml `[0m
[ 41%] [34m[1mCreating deprecated header file /home/ibrahim/ros2_ws/build/mycobot_mtc_demos/include/ik_clearance_cost_parameters.hpp[0m
[ 41%] Built target ik_clearance_cost_parameters
[ 50%] [32mBuilding CXX object CMakeFiles/mycobot_mtc_demos_modular.dir/src/modular.cpp.o[0m
[ 58%] [32m[1mLinking CXX executable alternative_path_costs[0m
[ 58%] Built target mycobot_mtc_demos_alternative_path_costs
[ 66%] [32mBuilding CXX object CMakeFiles/mycobot_mtc_demos_ik_clearance_cost.dir/src/ik_clearance_cost.cpp.o[0m
[ 75%] [32m[1mLinking CXX executable cartesian[0m
[ 83%] [32m[1mLinking CXX executable modular[0m
[ 83%] Built target mycobot_mtc_demos_cartesian
[ 83%] Built target mycobot_mtc_demos_modular
[ 91%] [32m[1mLinking CXX executable fallbacks_move_to[0m
[ 91%] Built target mycobot_mtc_demos_fallbacks_move_to
[100%] [32m[1mLinking CXX executable ik_clearance_cost[0m
[100%] Built target mycobot_mtc_demos_ik_clearance_cost
-- Install configuration: "Release"
-- Installing: /home/ibrahim/ros2_ws/install/mycobot_mtc_demos/lib/mycobot_mtc_demos/alternative_path_costs
-- Set non-toolchain portion of runtime path of "/home/ibrahim/ros2_ws/install/mycobot_mtc_demos/lib/mycobot_mtc_demos/alternative_path_costs" to ""
-- Installing: /home/ibrahim/ros2_ws/install/mycobot_mtc_demos/lib/mycobot_mtc_demos/cartesian
-- Set non-toolchain portion of runtime path of "/home/ibrahim/ros2_ws/install/mycobot_mtc_demos/lib/mycobot_mtc_demos/cartesian" to ""
-- Installing: /home/ibrahim/ros2_ws/install/mycobot_mtc_demos/lib/mycobot_mtc_demos/fallbacks_move_to
-- Set non-toolchain portion of runtime path of "/home/ibrahim/ros2_ws/install/mycobot_mtc_demos/lib/mycobot_mtc_demos/fallbacks_move_to" to ""
-- Up-to-date: /home/ibrahim/ros2_ws/install/mycobot_mtc_demos/include/mycobot_mtc_demos
-- Installing: /home/ibrahim/ros2_ws/install/mycobot_mtc_demos/include/mycobot_mtc_demos/ik_clearance_cost_parameters.hpp
-- Installing: /home/ibrahim/ros2_ws/install/mycobot_mtc_demos/lib/mycobot_mtc_demos/ik_clearance_cost
-- Set non-toolchain portion of runtime path of "/home/ibrahim/ros2_ws/install/mycobot_mtc_demos/lib/mycobot_mtc_demos/ik_clearance_cost" to ""
-- Installing: /home/ibrahim/ros2_ws/install/mycobot_mtc_demos/lib/mycobot_mtc_demos/modular
-- Set non-toolchain portion of runtime path of "/home/ibrahim/ros2_ws/install/mycobot_mtc_demos/lib/mycobot_mtc_demos/modular" to ""
-- Up-to-date: /home/ibrahim/ros2_ws/install/mycobot_mtc_demos/share/mycobot_mtc_demos/launch
-- Installing: /home/ibrahim/ros2_ws/install/mycobot_mtc_demos/share/mycobot_mtc_demos/launch/mtc_demos.launch.py
-- Up-to-date: /home/ibrahim/ros2_ws/install/mycobot_mtc_demos/share/mycobot_mtc_demos/rviz
-- Installing: /home/ibrahim/ros2_ws/install/mycobot_mtc_demos/share/mycobot_mtc_demos/rviz/mtc_demos.rviz
-- Up-to-date: /home/ibrahim/ros2_ws/install/mycobot_mtc_demos/share/ament_index/resource_index/package_run_dependencies/mycobot_mtc_demos
-- Up-to-date: /home/ibrahim/ros2_ws/install/mycobot_mtc_demos/share/ament_index/resource_index/parent_prefix_path/mycobot_mtc_demos
-- Up-to-date: /home/ibrahim/ros2_ws/install/mycobot_mtc_demos/share/mycobot_mtc_demos/environment/ament_prefix_path.sh
-- Up-to-date: /home/ibrahim/ros2_ws/install/mycobot_mtc_demos/share/mycobot_mtc_demos/environment/ament_prefix_path.dsv
-- Up-to-date: /home/ibrahim/ros2_ws/install/mycobot_mtc_demos/share/mycobot_mtc_demos/environment/path.sh
-- Up-to-date: /home/ibrahim/ros2_ws/install/mycobot_mtc_demos/share/mycobot_mtc_demos/environment/path.dsv
-- Up-to-date: /home/ibrahim/ros2_ws/install/mycobot_mtc_demos/share/mycobot_mtc_demos/local_setup.bash
-- Up-to-date: /home/ibrahim/ros2_ws/install/mycobot_mtc_demos/share/mycobot_mtc_demos/local_setup.sh
-- Up-to-date: /home/ibrahim/ros2_ws/install/mycobot_mtc_demos/share/mycobot_mtc_demos/local_setup.zsh
-- Up-to-date: /home/ibrahim/ros2_ws/install/mycobot_mtc_demos/share/mycobot_mtc_demos/local_setup.dsv
-- Installing: /home/ibrahim/ros2_ws/install/mycobot_mtc_demos/share/mycobot_mtc_demos/package.dsv
-- Up-to-date: /home/ibrahim/ros2_ws/install/mycobot_mtc_demos/share/ament_index/resource_index/packages/mycobot_mtc_demos
-- Up-to-date: /home/ibrahim/ros2_ws/install/mycobot_mtc_demos/share/mycobot_mtc_demos/cmake/mycobot_mtc_demosConfig.cmake
-- Up-to-date: /home/ibrahim/ros2_ws/install/mycobot_mtc_demos/share/mycobot_mtc_demos/cmake/mycobot_mtc_demosConfig-version.cmake
-- Installing: /home/ibrahim/ros2_ws/install/mycobot_mtc_demos/share/mycobot_mtc_demos/package.xml
