[0.033s] Invoking command in '/home/ibrahim/ros2_ws/build/mycobot_interfaces': CMAKE_PREFIX_PATH=${CMAKE_PREFIX_PATH}:/home/ibrahim/ros2_ws/install/arm_serial_bridge:/opt/ros/jazzy DEBUGINFOD_URLS=https://debuginfod.ubuntu.com PS1=\[\e]0;\u@\h: \w\a\]${debian_chroot:+($debian_chroot)}\[\033[01;32m\]\u@\h\[\033[00m\]:\[\033[01;34m\]\w\[\033[00m\]\$ /usr/bin/cmake --build /home/ibrahim/ros2_ws/build/mycobot_interfaces -- -j4 -l4
[0.487s] [  2%] Built target mycobot_interfaces__rosidl_generator_type_description
[0.618s] [  2%] Built target ament_cmake_python_copy_mycobot_interfaces
[0.645s] [ 17%] Built target mycobot_interfaces__rosidl_generator_c
[0.925s] running egg_info
[0.948s] writing mycobot_interfaces.egg-info/PKG-INFO
[0.949s] writing dependency_links to mycobot_interfaces.egg-info/dependency_links.txt
[0.950s] writing top-level names to mycobot_interfaces.egg-info/top_level.txt
[1.013s] reading manifest file 'mycobot_interfaces.egg-info/SOURCES.txt'
[1.022s] writing manifest file 'mycobot_interfaces.egg-info/SOURCES.txt'
[1.071s] [ 17%] Built target ament_cmake_python_build_mycobot_interfaces_egg
[1.122s] [ 26%] Built target mycobot_interfaces__rosidl_typesupport_introspection_c
[1.167s] [ 35%] Built target mycobot_interfaces__rosidl_typesupport_c
[1.210s] [ 44%] Built target mycobot_interfaces__rosidl_typesupport_fastrtps_c
[1.264s] [ 47%] Built target mycobot_interfaces__cpp
[1.307s] [ 55%] Built target mycobot_interfaces__rosidl_typesupport_cpp
[1.363s] [ 64%] Built target mycobot_interfaces__rosidl_typesupport_introspection_cpp
[1.406s] [ 73%] Built target mycobot_interfaces__rosidl_typesupport_fastrtps_cpp
[1.447s] [ 73%] Built target mycobot_interfaces
[1.486s] [ 76%] Built target mycobot_interfaces__py
[1.543s] [ 82%] Built target mycobot_interfaces__rosidl_generator_py
[1.591s] [ 88%] Built target mycobot_interfaces_s__rosidl_typesupport_fastrtps_c
[1.659s] [ 94%] Built target mycobot_interfaces_s__rosidl_typesupport_c
[1.722s] [100%] Built target mycobot_interfaces_s__rosidl_typesupport_introspection_c
[1.748s] Invoked command in '/home/ibrahim/ros2_ws/build/mycobot_interfaces' returned '0': CMAKE_PREFIX_PATH=${CMAKE_PREFIX_PATH}:/home/ibrahim/ros2_ws/install/arm_serial_bridge:/opt/ros/jazzy DEBUGINFOD_URLS=https://debuginfod.ubuntu.com PS1=\[\e]0;\u@\h: \w\a\]${debian_chroot:+($debian_chroot)}\[\033[01;32m\]\u@\h\[\033[00m\]:\[\033[01;34m\]\w\[\033[00m\]\$ /usr/bin/cmake --build /home/ibrahim/ros2_ws/build/mycobot_interfaces -- -j4 -l4
[1.748s] Invoking command in '/home/ibrahim/ros2_ws/build/mycobot_interfaces': CMAKE_PREFIX_PATH=${CMAKE_PREFIX_PATH}:/home/ibrahim/ros2_ws/install/arm_serial_bridge:/opt/ros/jazzy DEBUGINFOD_URLS=https://debuginfod.ubuntu.com PS1=\[\e]0;\u@\h: \w\a\]${debian_chroot:+($debian_chroot)}\[\033[01;32m\]\u@\h\[\033[00m\]:\[\033[01;34m\]\w\[\033[00m\]\$ /usr/bin/cmake --install /home/ibrahim/ros2_ws/build/mycobot_interfaces
[1.770s] -- Install configuration: ""
[1.770s] -- Up-to-date: /home/ibrahim/ros2_ws/install/mycobot_interfaces/share/ament_index/resource_index/rosidl_interfaces/mycobot_interfaces
[1.770s] -- Up-to-date: /home/ibrahim/ros2_ws/install/mycobot_interfaces/share/mycobot_interfaces/srv/GetPlanningScene.json
[1.770s] -- Up-to-date: /home/ibrahim/ros2_ws/install/mycobot_interfaces/include/mycobot_interfaces/mycobot_interfaces
[1.789s] -- Up-to-date: /home/ibrahim/ros2_ws/install/mycobot_interfaces/include/mycobot_interfaces/mycobot_interfaces/srv
[1.807s] -- Up-to-date: /home/ibrahim/ros2_ws/install/mycobot_interfaces/include/mycobot_interfaces/mycobot_interfaces/srv/detail
[1.807s] -- Up-to-date: /home/ibrahim/ros2_ws/install/mycobot_interfaces/include/mycobot_interfaces/mycobot_interfaces/srv/detail/get_planning_scene__type_support.h
[1.808s] -- Up-to-date: /home/ibrahim/ros2_ws/install/mycobot_interfaces/include/mycobot_interfaces/mycobot_interfaces/srv/detail/get_planning_scene__type_support.c
[1.808s] -- Up-to-date: /home/ibrahim/ros2_ws/install/mycobot_interfaces/include/mycobot_interfaces/mycobot_interfaces/srv/detail/get_planning_scene__struct.h
[1.808s] -- Up-to-date: /home/ibrahim/ros2_ws/install/mycobot_interfaces/include/mycobot_interfaces/mycobot_interfaces/srv/detail/get_planning_scene__description.c
[1.809s] -- Up-to-date: /home/ibrahim/ros2_ws/install/mycobot_interfaces/include/mycobot_interfaces/mycobot_interfaces/srv/detail/get_planning_scene__functions.h
[1.809s] -- Up-to-date: /home/ibrahim/ros2_ws/install/mycobot_interfaces/include/mycobot_interfaces/mycobot_interfaces/srv/detail/get_planning_scene__functions.c
[1.809s] -- Up-to-date: /home/ibrahim/ros2_ws/install/mycobot_interfaces/include/mycobot_interfaces/mycobot_interfaces/srv/get_planning_scene.h
[1.809s] -- Up-to-date: /home/ibrahim/ros2_ws/install/mycobot_interfaces/include/mycobot_interfaces/mycobot_interfaces/msg
[1.811s] -- Up-to-date: /home/ibrahim/ros2_ws/install/mycobot_interfaces/include/mycobot_interfaces/mycobot_interfaces/msg/rosidl_generator_c__visibility_control.h
[1.811s] -- Up-to-date: /home/ibrahim/ros2_ws/install/mycobot_interfaces/share/mycobot_interfaces/environment/library_path.sh
[1.811s] -- Up-to-date: /home/ibrahim/ros2_ws/install/mycobot_interfaces/share/mycobot_interfaces/environment/library_path.dsv
[1.811s] -- Up-to-date: /home/ibrahim/ros2_ws/install/mycobot_interfaces/lib/libmycobot_interfaces__rosidl_generator_c.so
[1.811s] -- Up-to-date: /home/ibrahim/ros2_ws/install/mycobot_interfaces/include/mycobot_interfaces/mycobot_interfaces
[1.811s] -- Up-to-date: /home/ibrahim/ros2_ws/install/mycobot_interfaces/include/mycobot_interfaces/mycobot_interfaces/srv
[1.812s] -- Up-to-date: /home/ibrahim/ros2_ws/install/mycobot_interfaces/include/mycobot_interfaces/mycobot_interfaces/srv/detail
[1.812s] -- Up-to-date: /home/ibrahim/ros2_ws/install/mycobot_interfaces/include/mycobot_interfaces/mycobot_interfaces/srv/detail/get_planning_scene__rosidl_typesupport_fastrtps_c.h
[1.814s] -- Up-to-date: /home/ibrahim/ros2_ws/install/mycobot_interfaces/include/mycobot_interfaces/mycobot_interfaces/msg
[1.814s] -- Up-to-date: /home/ibrahim/ros2_ws/install/mycobot_interfaces/include/mycobot_interfaces/mycobot_interfaces/msg/rosidl_typesupport_fastrtps_c__visibility_control.h
[1.814s] -- Up-to-date: /home/ibrahim/ros2_ws/install/mycobot_interfaces/lib/libmycobot_interfaces__rosidl_typesupport_fastrtps_c.so
[1.815s] -- Up-to-date: /home/ibrahim/ros2_ws/install/mycobot_interfaces/include/mycobot_interfaces/mycobot_interfaces
[1.815s] -- Up-to-date: /home/ibrahim/ros2_ws/install/mycobot_interfaces/include/mycobot_interfaces/mycobot_interfaces/srv
[1.815s] -- Up-to-date: /home/ibrahim/ros2_ws/install/mycobot_interfaces/include/mycobot_interfaces/mycobot_interfaces/srv/detail
[1.815s] -- Up-to-date: /home/ibrahim/ros2_ws/install/mycobot_interfaces/include/mycobot_interfaces/mycobot_interfaces/srv/detail/get_planning_scene__struct.hpp
[1.815s] -- Up-to-date: /home/ibrahim/ros2_ws/install/mycobot_interfaces/include/mycobot_interfaces/mycobot_interfaces/srv/detail/get_planning_scene__builder.hpp
[1.815s] -- Up-to-date: /home/ibrahim/ros2_ws/install/mycobot_interfaces/include/mycobot_interfaces/mycobot_interfaces/srv/detail/get_planning_scene__type_support.hpp
[1.815s] -- Up-to-date: /home/ibrahim/ros2_ws/install/mycobot_interfaces/include/mycobot_interfaces/mycobot_interfaces/srv/detail/get_planning_scene__traits.hpp
[1.816s] -- Up-to-date: /home/ibrahim/ros2_ws/install/mycobot_interfaces/include/mycobot_interfaces/mycobot_interfaces/srv/get_planning_scene.hpp
[1.816s] -- Up-to-date: /home/ibrahim/ros2_ws/install/mycobot_interfaces/include/mycobot_interfaces/mycobot_interfaces/msg
[1.827s] -- Up-to-date: /home/ibrahim/ros2_ws/install/mycobot_interfaces/include/mycobot_interfaces/mycobot_interfaces/msg/rosidl_generator_cpp__visibility_control.hpp
[1.828s] -- Up-to-date: /home/ibrahim/ros2_ws/install/mycobot_interfaces/include/mycobot_interfaces/mycobot_interfaces
[1.828s] -- Up-to-date: /home/ibrahim/ros2_ws/install/mycobot_interfaces/include/mycobot_interfaces/mycobot_interfaces/srv
[1.828s] -- Up-to-date: /home/ibrahim/ros2_ws/install/mycobot_interfaces/include/mycobot_interfaces/mycobot_interfaces/srv/detail
[1.828s] -- Up-to-date: /home/ibrahim/ros2_ws/install/mycobot_interfaces/include/mycobot_interfaces/mycobot_interfaces/srv/detail/dds_fastrtps
[1.828s] -- Up-to-date: /home/ibrahim/ros2_ws/install/mycobot_interfaces/include/mycobot_interfaces/mycobot_interfaces/srv/detail/get_planning_scene__rosidl_typesupport_fastrtps_cpp.hpp
[1.828s] -- Up-to-date: /home/ibrahim/ros2_ws/install/mycobot_interfaces/include/mycobot_interfaces/mycobot_interfaces/msg
[1.849s] -- Up-to-date: /home/ibrahim/ros2_ws/install/mycobot_interfaces/include/mycobot_interfaces/mycobot_interfaces/msg/rosidl_typesupport_fastrtps_cpp__visibility_control.h
[1.850s] -- Up-to-date: /home/ibrahim/ros2_ws/install/mycobot_interfaces/lib/libmycobot_interfaces__rosidl_typesupport_fastrtps_cpp.so
[1.850s] -- Up-to-date: /home/ibrahim/ros2_ws/install/mycobot_interfaces/include/mycobot_interfaces/mycobot_interfaces
[1.852s] -- Up-to-date: /home/ibrahim/ros2_ws/install/mycobot_interfaces/include/mycobot_interfaces/mycobot_interfaces/srv
[1.852s] -- Up-to-date: /home/ibrahim/ros2_ws/install/mycobot_interfaces/include/mycobot_interfaces/mycobot_interfaces/srv/detail
[1.853s] -- Up-to-date: /home/ibrahim/ros2_ws/install/mycobot_interfaces/include/mycobot_interfaces/mycobot_interfaces/srv/detail/get_planning_scene__rosidl_typesupport_introspection_c.h
[1.853s] -- Up-to-date: /home/ibrahim/ros2_ws/install/mycobot_interfaces/include/mycobot_interfaces/mycobot_interfaces/srv/detail/get_planning_scene__type_support.c
[1.853s] -- Up-to-date: /home/ibrahim/ros2_ws/install/mycobot_interfaces/include/mycobot_interfaces/mycobot_interfaces/msg
[1.866s] -- Up-to-date: /home/ibrahim/ros2_ws/install/mycobot_interfaces/include/mycobot_interfaces/mycobot_interfaces/msg/rosidl_typesupport_introspection_c__visibility_control.h
[1.867s] -- Up-to-date: /home/ibrahim/ros2_ws/install/mycobot_interfaces/lib/libmycobot_interfaces__rosidl_typesupport_introspection_c.so
[1.868s] -- Up-to-date: /home/ibrahim/ros2_ws/install/mycobot_interfaces/lib/libmycobot_interfaces__rosidl_typesupport_c.so
[1.868s] -- Up-to-date: /home/ibrahim/ros2_ws/install/mycobot_interfaces/include/mycobot_interfaces/mycobot_interfaces
[1.895s] -- Up-to-date: /home/ibrahim/ros2_ws/install/mycobot_interfaces/include/mycobot_interfaces/mycobot_interfaces/srv
[1.931s] -- Up-to-date: /home/ibrahim/ros2_ws/install/mycobot_interfaces/include/mycobot_interfaces/mycobot_interfaces/srv/detail
[1.943s] -- Up-to-date: /home/ibrahim/ros2_ws/install/mycobot_interfaces/include/mycobot_interfaces/mycobot_interfaces/srv/detail/get_planning_scene__rosidl_typesupport_introspection_cpp.hpp
[1.943s] -- Up-to-date: /home/ibrahim/ros2_ws/install/mycobot_interfaces/include/mycobot_interfaces/mycobot_interfaces/srv/detail/get_planning_scene__type_support.cpp
[1.943s] -- Up-to-date: /home/ibrahim/ros2_ws/install/mycobot_interfaces/lib/libmycobot_interfaces__rosidl_typesupport_introspection_cpp.so
[1.944s] -- Up-to-date: /home/ibrahim/ros2_ws/install/mycobot_interfaces/lib/libmycobot_interfaces__rosidl_typesupport_cpp.so
[1.949s] -- Up-to-date: /home/ibrahim/ros2_ws/install/mycobot_interfaces/share/mycobot_interfaces/environment/pythonpath.sh
[1.949s] -- Up-to-date: /home/ibrahim/ros2_ws/install/mycobot_interfaces/share/mycobot_interfaces/environment/pythonpath.dsv
[1.949s] -- Up-to-date: /home/ibrahim/ros2_ws/install/mycobot_interfaces/lib/python3.12/site-packages/mycobot_interfaces-0.0.0-py3.12.egg-info
[1.950s] -- Installing: /home/ibrahim/ros2_ws/install/mycobot_interfaces/lib/python3.12/site-packages/mycobot_interfaces-0.0.0-py3.12.egg-info/dependency_links.txt
[1.950s] -- Installing: /home/ibrahim/ros2_ws/install/mycobot_interfaces/lib/python3.12/site-packages/mycobot_interfaces-0.0.0-py3.12.egg-info/SOURCES.txt
[1.950s] -- Installing: /home/ibrahim/ros2_ws/install/mycobot_interfaces/lib/python3.12/site-packages/mycobot_interfaces-0.0.0-py3.12.egg-info/PKG-INFO
[1.950s] -- Installing: /home/ibrahim/ros2_ws/install/mycobot_interfaces/lib/python3.12/site-packages/mycobot_interfaces-0.0.0-py3.12.egg-info/top_level.txt
[1.950s] -- Up-to-date: /home/ibrahim/ros2_ws/install/mycobot_interfaces/lib/python3.12/site-packages/mycobot_interfaces
[1.950s] -- Up-to-date: /home/ibrahim/ros2_ws/install/mycobot_interfaces/lib/python3.12/site-packages/mycobot_interfaces/_mycobot_interfaces_s.ep.rosidl_typesupport_fastrtps_c.c
[1.950s] -- Up-to-date: /home/ibrahim/ros2_ws/install/mycobot_interfaces/lib/python3.12/site-packages/mycobot_interfaces/srv
[1.950s] -- Up-to-date: /home/ibrahim/ros2_ws/install/mycobot_interfaces/lib/python3.12/site-packages/mycobot_interfaces/srv/_get_planning_scene.py
[1.950s] -- Up-to-date: /home/ibrahim/ros2_ws/install/mycobot_interfaces/lib/python3.12/site-packages/mycobot_interfaces/srv/_get_planning_scene_s.c
[1.950s] -- Up-to-date: /home/ibrahim/ros2_ws/install/mycobot_interfaces/lib/python3.12/site-packages/mycobot_interfaces/srv/__init__.py
[1.950s] -- Up-to-date: /home/ibrahim/ros2_ws/install/mycobot_interfaces/lib/python3.12/site-packages/mycobot_interfaces/mycobot_interfaces_s__rosidl_typesupport_introspection_c.so
[1.950s] -- Up-to-date: /home/ibrahim/ros2_ws/install/mycobot_interfaces/lib/python3.12/site-packages/mycobot_interfaces/_mycobot_interfaces_s.ep.rosidl_typesupport_introspection_c.c
[1.950s] -- Up-to-date: /home/ibrahim/ros2_ws/install/mycobot_interfaces/lib/python3.12/site-packages/mycobot_interfaces/mycobot_interfaces_s__rosidl_typesupport_c.so
[1.950s] -- Up-to-date: /home/ibrahim/ros2_ws/install/mycobot_interfaces/lib/python3.12/site-packages/mycobot_interfaces/__init__.py
[1.950s] -- Up-to-date: /home/ibrahim/ros2_ws/install/mycobot_interfaces/lib/python3.12/site-packages/mycobot_interfaces/_mycobot_interfaces_s.ep.rosidl_typesupport_c.c
[1.950s] -- Up-to-date: /home/ibrahim/ros2_ws/install/mycobot_interfaces/lib/python3.12/site-packages/mycobot_interfaces/mycobot_interfaces_s__rosidl_typesupport_fastrtps_c.so
[2.017s] Listing '/home/ibrahim/ros2_ws/install/mycobot_interfaces/lib/python3.12/site-packages/mycobot_interfaces'...
[2.017s] Listing '/home/ibrahim/ros2_ws/install/mycobot_interfaces/lib/python3.12/site-packages/mycobot_interfaces/srv'...
[2.025s] -- Up-to-date: /home/ibrahim/ros2_ws/install/mycobot_interfaces/lib/python3.12/site-packages/mycobot_interfaces/mycobot_interfaces_s__rosidl_typesupport_fastrtps_c.so
[2.025s] -- Up-to-date: /home/ibrahim/ros2_ws/install/mycobot_interfaces/lib/python3.12/site-packages/mycobot_interfaces/mycobot_interfaces_s__rosidl_typesupport_introspection_c.so
[2.025s] -- Up-to-date: /home/ibrahim/ros2_ws/install/mycobot_interfaces/lib/python3.12/site-packages/mycobot_interfaces/mycobot_interfaces_s__rosidl_typesupport_c.so
[2.025s] -- Up-to-date: /home/ibrahim/ros2_ws/install/mycobot_interfaces/lib/libmycobot_interfaces__rosidl_generator_py.so
[2.026s] -- Up-to-date: /home/ibrahim/ros2_ws/install/mycobot_interfaces/share/mycobot_interfaces/srv/GetPlanningScene.idl
[2.026s] -- Up-to-date: /home/ibrahim/ros2_ws/install/mycobot_interfaces/share/mycobot_interfaces/srv/GetPlanningScene.srv
[2.026s] -- Up-to-date: /home/ibrahim/ros2_ws/install/mycobot_interfaces/share/ament_index/resource_index/package_run_dependencies/mycobot_interfaces
[2.026s] -- Up-to-date: /home/ibrahim/ros2_ws/install/mycobot_interfaces/share/ament_index/resource_index/parent_prefix_path/mycobot_interfaces
[2.026s] -- Up-to-date: /home/ibrahim/ros2_ws/install/mycobot_interfaces/share/mycobot_interfaces/environment/ament_prefix_path.sh
[2.027s] -- Up-to-date: /home/ibrahim/ros2_ws/install/mycobot_interfaces/share/mycobot_interfaces/environment/ament_prefix_path.dsv
[2.027s] -- Up-to-date: /home/ibrahim/ros2_ws/install/mycobot_interfaces/share/mycobot_interfaces/environment/path.sh
[2.027s] -- Up-to-date: /home/ibrahim/ros2_ws/install/mycobot_interfaces/share/mycobot_interfaces/environment/path.dsv
[2.027s] -- Up-to-date: /home/ibrahim/ros2_ws/install/mycobot_interfaces/share/mycobot_interfaces/local_setup.bash
[2.027s] -- Up-to-date: /home/ibrahim/ros2_ws/install/mycobot_interfaces/share/mycobot_interfaces/local_setup.sh
[2.027s] -- Up-to-date: /home/ibrahim/ros2_ws/install/mycobot_interfaces/share/mycobot_interfaces/local_setup.zsh
[2.027s] -- Up-to-date: /home/ibrahim/ros2_ws/install/mycobot_interfaces/share/mycobot_interfaces/local_setup.dsv
[2.027s] -- Installing: /home/ibrahim/ros2_ws/install/mycobot_interfaces/share/mycobot_interfaces/package.dsv
[2.027s] -- Up-to-date: /home/ibrahim/ros2_ws/install/mycobot_interfaces/share/ament_index/resource_index/packages/mycobot_interfaces
[2.054s] -- Up-to-date: /home/ibrahim/ros2_ws/install/mycobot_interfaces/share/mycobot_interfaces/cmake/export_mycobot_interfaces__rosidl_generator_cExport.cmake
[2.055s] -- Up-to-date: /home/ibrahim/ros2_ws/install/mycobot_interfaces/share/mycobot_interfaces/cmake/export_mycobot_interfaces__rosidl_generator_cExport-noconfig.cmake
[2.086s] -- Up-to-date: /home/ibrahim/ros2_ws/install/mycobot_interfaces/share/mycobot_interfaces/cmake/export_mycobot_interfaces__rosidl_typesupport_fastrtps_cExport.cmake
[2.086s] -- Up-to-date: /home/ibrahim/ros2_ws/install/mycobot_interfaces/share/mycobot_interfaces/cmake/export_mycobot_interfaces__rosidl_typesupport_fastrtps_cExport-noconfig.cmake
[2.098s] -- Up-to-date: /home/ibrahim/ros2_ws/install/mycobot_interfaces/share/mycobot_interfaces/cmake/export_mycobot_interfaces__rosidl_generator_cppExport.cmake
[2.118s] -- Up-to-date: /home/ibrahim/ros2_ws/install/mycobot_interfaces/share/mycobot_interfaces/cmake/export_mycobot_interfaces__rosidl_typesupport_fastrtps_cppExport.cmake
[2.118s] -- Up-to-date: /home/ibrahim/ros2_ws/install/mycobot_interfaces/share/mycobot_interfaces/cmake/export_mycobot_interfaces__rosidl_typesupport_fastrtps_cppExport-noconfig.cmake
[2.127s] -- Up-to-date: /home/ibrahim/ros2_ws/install/mycobot_interfaces/share/mycobot_interfaces/cmake/mycobot_interfaces__rosidl_typesupport_introspection_cExport.cmake
[2.131s] -- Up-to-date: /home/ibrahim/ros2_ws/install/mycobot_interfaces/share/mycobot_interfaces/cmake/mycobot_interfaces__rosidl_typesupport_introspection_cExport-noconfig.cmake
[2.140s] -- Up-to-date: /home/ibrahim/ros2_ws/install/mycobot_interfaces/share/mycobot_interfaces/cmake/mycobot_interfaces__rosidl_typesupport_cExport.cmake
[2.141s] -- Up-to-date: /home/ibrahim/ros2_ws/install/mycobot_interfaces/share/mycobot_interfaces/cmake/mycobot_interfaces__rosidl_typesupport_cExport-noconfig.cmake
[2.149s] -- Up-to-date: /home/ibrahim/ros2_ws/install/mycobot_interfaces/share/mycobot_interfaces/cmake/mycobot_interfaces__rosidl_typesupport_introspection_cppExport.cmake
[2.149s] -- Up-to-date: /home/ibrahim/ros2_ws/install/mycobot_interfaces/share/mycobot_interfaces/cmake/mycobot_interfaces__rosidl_typesupport_introspection_cppExport-noconfig.cmake
[2.172s] -- Up-to-date: /home/ibrahim/ros2_ws/install/mycobot_interfaces/share/mycobot_interfaces/cmake/mycobot_interfaces__rosidl_typesupport_cppExport.cmake
[2.173s] -- Up-to-date: /home/ibrahim/ros2_ws/install/mycobot_interfaces/share/mycobot_interfaces/cmake/mycobot_interfaces__rosidl_typesupport_cppExport-noconfig.cmake
[2.174s] -- Up-to-date: /home/ibrahim/ros2_ws/install/mycobot_interfaces/share/mycobot_interfaces/cmake/export_mycobot_interfaces__rosidl_generator_pyExport.cmake
[2.174s] -- Up-to-date: /home/ibrahim/ros2_ws/install/mycobot_interfaces/share/mycobot_interfaces/cmake/export_mycobot_interfaces__rosidl_generator_pyExport-noconfig.cmake
[2.174s] -- Up-to-date: /home/ibrahim/ros2_ws/install/mycobot_interfaces/share/mycobot_interfaces/cmake/rosidl_cmake-extras.cmake
[2.174s] -- Up-to-date: /home/ibrahim/ros2_ws/install/mycobot_interfaces/share/mycobot_interfaces/cmake/ament_cmake_export_dependencies-extras.cmake
[2.174s] -- Up-to-date: /home/ibrahim/ros2_ws/install/mycobot_interfaces/share/mycobot_interfaces/cmake/ament_cmake_export_include_directories-extras.cmake
[2.175s] -- Up-to-date: /home/ibrahim/ros2_ws/install/mycobot_interfaces/share/mycobot_interfaces/cmake/ament_cmake_export_libraries-extras.cmake
[2.175s] -- Up-to-date: /home/ibrahim/ros2_ws/install/mycobot_interfaces/share/mycobot_interfaces/cmake/ament_cmake_export_targets-extras.cmake
[2.175s] -- Up-to-date: /home/ibrahim/ros2_ws/install/mycobot_interfaces/share/mycobot_interfaces/cmake/rosidl_cmake_export_typesupport_targets-extras.cmake
[2.175s] -- Up-to-date: /home/ibrahim/ros2_ws/install/mycobot_interfaces/share/mycobot_interfaces/cmake/rosidl_cmake_export_typesupport_libraries-extras.cmake
[2.175s] -- Up-to-date: /home/ibrahim/ros2_ws/install/mycobot_interfaces/share/mycobot_interfaces/cmake/mycobot_interfacesConfig.cmake
[2.175s] -- Up-to-date: /home/ibrahim/ros2_ws/install/mycobot_interfaces/share/mycobot_interfaces/cmake/mycobot_interfacesConfig-version.cmake
[2.176s] -- Up-to-date: /home/ibrahim/ros2_ws/install/mycobot_interfaces/share/mycobot_interfaces/package.xml
[2.178s] Invoked command in '/home/ibrahim/ros2_ws/build/mycobot_interfaces' returned '0': CMAKE_PREFIX_PATH=${CMAKE_PREFIX_PATH}:/home/ibrahim/ros2_ws/install/arm_serial_bridge:/opt/ros/jazzy DEBUGINFOD_URLS=https://debuginfod.ubuntu.com PS1=\[\e]0;\u@\h: \w\a\]${debian_chroot:+($debian_chroot)}\[\033[01;32m\]\u@\h\[\033[00m\]:\[\033[01;34m\]\w\[\033[00m\]\$ /usr/bin/cmake --install /home/ibrahim/ros2_ws/build/mycobot_interfaces
