[0.075s] Invoking command in '/home/ibrahim/ros2_ws/build/mycobot_moveit_config': CMAKE_PREFIX_PATH=${CMAKE_PREFIX_PATH}:/home/ibrahim/ros2_ws/install/arm_serial_bridge:/opt/ros/jazzy DEBUGINFOD_URLS=https://debuginfod.ubuntu.com PS1=\[\e]0;\u@\h: \w\a\]${debian_chroot:+($debian_chroot)}\[\033[01;32m\]\u@\h\[\033[00m\]:\[\033[01;34m\]\w\[\033[00m\]\$ /usr/bin/cmake --build /home/ibrahim/ros2_ws/build/mycobot_moveit_config -- -j4 -l4
[0.435s] Invoked command in '/home/ibrahim/ros2_ws/build/mycobot_moveit_config' returned '0': CMAKE_PREFIX_PATH=${CMAKE_PREFIX_PATH}:/home/ibrahim/ros2_ws/install/arm_serial_bridge:/opt/ros/jazzy DEBUGINFOD_URLS=https://debuginfod.ubuntu.com PS1=\[\e]0;\u@\h: \w\a\]${debian_chroot:+($debian_chroot)}\[\033[01;32m\]\u@\h\[\033[00m\]:\[\033[01;34m\]\w\[\033[00m\]\$ /usr/bin/cmake --build /home/ibrahim/ros2_ws/build/mycobot_moveit_config -- -j4 -l4
[0.435s] Invoking command in '/home/ibrahim/ros2_ws/build/mycobot_moveit_config': CMAKE_PREFIX_PATH=${CMAKE_PREFIX_PATH}:/home/ibrahim/ros2_ws/install/arm_serial_bridge:/opt/ros/jazzy DEBUGINFOD_URLS=https://debuginfod.ubuntu.com PS1=\[\e]0;\u@\h: \w\a\]${debian_chroot:+($debian_chroot)}\[\033[01;32m\]\u@\h\[\033[00m\]:\[\033[01;34m\]\w\[\033[00m\]\$ /usr/bin/cmake --install /home/ibrahim/ros2_ws/build/mycobot_moveit_config
[0.459s] -- Install configuration: ""
[0.459s] -- Up-to-date: /home/ibrahim/ros2_ws/install/mycobot_moveit_config/share/mycobot_moveit_config/config
[0.459s] -- Up-to-date: /home/ibrahim/ros2_ws/install/mycobot_moveit_config/share/mycobot_moveit_config/config/mycobot_280
[0.459s] -- Up-to-date: /home/ibrahim/ros2_ws/install/mycobot_moveit_config/share/mycobot_moveit_config/config/mycobot_280/ros2_controllers.yaml
[0.460s] -- Up-to-date: /home/ibrahim/ros2_ws/install/mycobot_moveit_config/share/mycobot_moveit_config/config/mycobot_280/mycobot_280.srdf
[0.460s] -- Up-to-date: /home/ibrahim/ros2_ws/install/mycobot_moveit_config/share/mycobot_moveit_config/config/mycobot_280/pilz_cartesian_limits.yaml
[0.460s] -- Up-to-date: /home/ibrahim/ros2_ws/install/mycobot_moveit_config/share/mycobot_moveit_config/config/mycobot_280/moveit_controllers.yaml
[0.460s] -- Up-to-date: /home/ibrahim/ros2_ws/install/mycobot_moveit_config/share/mycobot_moveit_config/config/mycobot_280/initial_positions.yaml
[0.460s] -- Up-to-date: /home/ibrahim/ros2_ws/install/mycobot_moveit_config/share/mycobot_moveit_config/config/mycobot_280/joint_limits.yaml
[0.460s] -- Up-to-date: /home/ibrahim/ros2_ws/install/mycobot_moveit_config/share/mycobot_moveit_config/config/mycobot_280/ros2_controllers_template.yaml
[0.460s] -- Up-to-date: /home/ibrahim/ros2_ws/install/mycobot_moveit_config/share/mycobot_moveit_config/config/mycobot_280/kinematics.yaml
[0.460s] -- Up-to-date: /home/ibrahim/ros2_ws/install/mycobot_moveit_config/share/mycobot_moveit_config/config/stomp_planning.yaml
[0.460s] -- Up-to-date: /home/ibrahim/ros2_ws/install/mycobot_moveit_config/share/mycobot_moveit_config/config/ompl_planning.yaml
[0.460s] -- Up-to-date: /home/ibrahim/ros2_ws/install/mycobot_moveit_config/share/mycobot_moveit_config/config/pilz_industrial_motion_planner_planning.yaml
[0.460s] -- Up-to-date: /home/ibrahim/ros2_ws/install/mycobot_moveit_config/share/mycobot_moveit_config/launch
[0.461s] -- Up-to-date: /home/ibrahim/ros2_ws/install/mycobot_moveit_config/share/mycobot_moveit_config/launch/move_group.launch.py
[0.461s] -- Up-to-date: /home/ibrahim/ros2_ws/install/mycobot_moveit_config/share/mycobot_moveit_config/launch/load_ros2_controllers.launch.py
[0.461s] -- Up-to-date: /home/ibrahim/ros2_ws/install/mycobot_moveit_config/share/mycobot_moveit_config/rviz
[0.461s] -- Up-to-date: /home/ibrahim/ros2_ws/install/mycobot_moveit_config/share/mycobot_moveit_config/rviz/move_group.rviz
[0.462s] -- Up-to-date: /home/ibrahim/ros2_ws/install/mycobot_moveit_config/share/mycobot_moveit_config/.setup_assistant
[0.462s] -- Up-to-date: /home/ibrahim/ros2_ws/install/mycobot_moveit_config/share/ament_index/resource_index/package_run_dependencies/mycobot_moveit_config
[0.462s] -- Up-to-date: /home/ibrahim/ros2_ws/install/mycobot_moveit_config/share/ament_index/resource_index/parent_prefix_path/mycobot_moveit_config
[0.462s] -- Up-to-date: /home/ibrahim/ros2_ws/install/mycobot_moveit_config/share/mycobot_moveit_config/environment/ament_prefix_path.sh
[0.462s] -- Up-to-date: /home/ibrahim/ros2_ws/install/mycobot_moveit_config/share/mycobot_moveit_config/environment/ament_prefix_path.dsv
[0.462s] -- Up-to-date: /home/ibrahim/ros2_ws/install/mycobot_moveit_config/share/mycobot_moveit_config/environment/path.sh
[0.463s] -- Up-to-date: /home/ibrahim/ros2_ws/install/mycobot_moveit_config/share/mycobot_moveit_config/environment/path.dsv
[0.463s] -- Up-to-date: /home/ibrahim/ros2_ws/install/mycobot_moveit_config/share/mycobot_moveit_config/local_setup.bash
[0.463s] -- Up-to-date: /home/ibrahim/ros2_ws/install/mycobot_moveit_config/share/mycobot_moveit_config/local_setup.sh
[0.463s] -- Up-to-date: /home/ibrahim/ros2_ws/install/mycobot_moveit_config/share/mycobot_moveit_config/local_setup.zsh
[0.463s] -- Up-to-date: /home/ibrahim/ros2_ws/install/mycobot_moveit_config/share/mycobot_moveit_config/local_setup.dsv
[0.463s] -- Installing: /home/ibrahim/ros2_ws/install/mycobot_moveit_config/share/mycobot_moveit_config/package.dsv
[0.463s] -- Up-to-date: /home/ibrahim/ros2_ws/install/mycobot_moveit_config/share/ament_index/resource_index/packages/mycobot_moveit_config
[0.463s] -- Up-to-date: /home/ibrahim/ros2_ws/install/mycobot_moveit_config/share/mycobot_moveit_config/cmake/mycobot_moveit_configConfig.cmake
[0.464s] -- Up-to-date: /home/ibrahim/ros2_ws/install/mycobot_moveit_config/share/mycobot_moveit_config/cmake/mycobot_moveit_configConfig-version.cmake
[0.464s] -- Up-to-date: /home/ibrahim/ros2_ws/install/mycobot_moveit_config/share/mycobot_moveit_config/package.xml
[0.468s] Invoked command in '/home/ibrahim/ros2_ws/build/mycobot_moveit_config' returned '0': CMAKE_PREFIX_PATH=${CMAKE_PREFIX_PATH}:/home/ibrahim/ros2_ws/install/arm_serial_bridge:/opt/ros/jazzy DEBUGINFOD_URLS=https://debuginfod.ubuntu.com PS1=\[\e]0;\u@\h: \w\a\]${debian_chroot:+($debian_chroot)}\[\033[01;32m\]\u@\h\[\033[00m\]:\[\033[01;34m\]\w\[\033[00m\]\$ /usr/bin/cmake --install /home/ibrahim/ros2_ws/build/mycobot_moveit_config
