[0.029s] Invoking command in '/home/ibrahim/ros2_ws/build/mycobot_mtc_demos': CMAKE_PREFIX_PATH=${CMAKE_PREFIX_PATH}:/home/ibrahim/ros2_ws/install/arm_serial_bridge:/opt/ros/jazzy DEBUGINFOD_URLS=https://debuginfod.ubuntu.com PS1=\[\e]0;\u@\h: \w\a\]${debian_chroot:+($debian_chroot)}\[\033[01;32m\]\u@\h\[\033[00m\]:\[\033[01;34m\]\w\[\033[00m\]\$ /usr/bin/cmake --build /home/ibrahim/ros2_ws/build/mycobot_mtc_demos -- -j4 -l4
[0.193s] [ 16%] Built target mycobot_mtc_demos_alternative_path_costs
[0.243s] [ 33%] Built target ik_clearance_cost_parameters
[0.293s] [ 50%] Built target mycobot_mtc_demos_modular
[0.361s] [ 66%] Built target mycobot_mtc_demos_ik_clearance_cost
[0.434s] [ 75%] [32mBuilding CXX object CMakeFiles/mycobot_mtc_demos_fallbacks_move_to.dir/src/fallbacks_move_to.cpp.o[0m
[6.909s] [01m[K/home/ibrahim/ros2_ws/src/mycobot_ros2/mycobot_mtc_demos/src/fallbacks_move_to.cpp:[m[K In function ‘[01m[Kint[01;32m[K main[m[K(int, char**)[m[K’:
[6.910s] [01m[K/home/ibrahim/ros2_ws/src/mycobot_ros2/mycobot_mtc_demos/src/fallbacks_move_to.cpp:92:63:[m[K [01;31m[Kerror: [m[Kno matching function for call to ‘[01m[Kmoveit::core::CartesianPrecision::CartesianPrecision(double)[m[K’
[6.910s]    92 |   cartesian->setPrecision(moveit::core::CartesianPrecision(2.0[01;31m[K)[m[K);
[6.910s]       |                                                               [01;31m[K^[m[K
[6.910s] In file included from [01m[K/opt/ros/jazzy/include/moveit/task_constructor/solvers/cartesian_path.h:42[m[K,
[6.910s]                  from [01m[K/home/ibrahim/ros2_ws/src/mycobot_ros2/mycobot_mtc_demos/src/fallbacks_move_to.cpp:23[m[K:
[6.910s] [01m[K/opt/ros/jazzy/include/moveit_core/moveit/robot_state/cartesian_interpolator.hpp:48:8:[m[K [01;36m[Knote: [m[Kcandidate: ‘[01m[Kconstexpr moveit::core::CartesianPrecision::[01;32m[KCartesianPrecision[m[K()[m[K’
[6.910s]    48 | struct [01;36m[KCartesianPrecision[m[K
[6.910s]       |        [01;36m[K^~~~~~~~~~~~~~~~~~[m[K
[6.910s] [01m[K/opt/ros/jazzy/include/moveit_core/moveit/robot_state/cartesian_interpolator.hpp:48:8:[m[K [01;36m[Knote: [m[K  candidate expects 0 arguments, 1 provided
[6.910s] [01m[K/opt/ros/jazzy/include/moveit_core/moveit/robot_state/cartesian_interpolator.hpp:48:8:[m[K [01;36m[Knote: [m[Kcandidate: ‘[01m[Kconstexpr moveit::core::CartesianPrecision::[01;32m[KCartesianPrecision[m[K(const moveit::core::CartesianPrecision&)[m[K’
[6.910s] [01m[K/opt/ros/jazzy/include/moveit_core/moveit/robot_state/cartesian_interpolator.hpp:48:8:[m[K [01;36m[Knote: [m[K  no known conversion for argument 1 from ‘[01m[Kdouble[m[K’ to ‘[01m[Kconst moveit::core::CartesianPrecision&[m[K’
[6.910s] [01m[K/opt/ros/jazzy/include/moveit_core/moveit/robot_state/cartesian_interpolator.hpp:48:8:[m[K [01;36m[Knote: [m[Kcandidate: ‘[01m[Kconstexpr moveit::core::CartesianPrecision::[01;32m[KCartesianPrecision[m[K(moveit::core::CartesianPrecision&&)[m[K’
[6.910s] [01m[K/opt/ros/jazzy/include/moveit_core/moveit/robot_state/cartesian_interpolator.hpp:48:8:[m[K [01;36m[Knote: [m[K  no known conversion for argument 1 from ‘[01m[Kdouble[m[K’ to ‘[01m[Kmoveit::core::CartesianPrecision&&[m[K’
[11.009s] gmake[2]: *** [CMakeFiles/mycobot_mtc_demos_fallbacks_move_to.dir/build.make:76: CMakeFiles/mycobot_mtc_demos_fallbacks_move_to.dir/src/fallbacks_move_to.cpp.o] Error 1
[11.011s] gmake[1]: *** [CMakeFiles/Makefile2:199: CMakeFiles/mycobot_mtc_demos_fallbacks_move_to.dir/all] Error 2
[11.011s] gmake: *** [Makefile:146: all] Error 2
[11.015s] Invoked command in '/home/ibrahim/ros2_ws/build/mycobot_mtc_demos' returned '2': CMAKE_PREFIX_PATH=${CMAKE_PREFIX_PATH}:/home/ibrahim/ros2_ws/install/arm_serial_bridge:/opt/ros/jazzy DEBUGINFOD_URLS=https://debuginfod.ubuntu.com PS1=\[\e]0;\u@\h: \w\a\]${debian_chroot:+($debian_chroot)}\[\033[01;32m\]\u@\h\[\033[00m\]:\[\033[01;34m\]\w\[\033[00m\]\$ /usr/bin/cmake --build /home/ibrahim/ros2_ws/build/mycobot_mtc_demos -- -j4 -l4
