[0.024s] Invoking command in '/home/ibrahim/ros2_ws/build/mycobot_mtc_demos': CMAKE_PREFIX_PATH=${CMAKE_PREFIX_PATH}:/home/ibrahim/ros2_ws/install/arm_serial_bridge:/opt/ros/jazzy DEBUGINFOD_URLS=https://debuginfod.ubuntu.com PS1=\[\e]0;\u@\h: \w\a\]${debian_chroot:+($debian_chroot)}\[\033[01;32m\]\u@\h\[\033[00m\]:\[\033[01;34m\]\w\[\033[00m\]\$ /usr/bin/cmake /home/ibrahim/ros2_ws/src/mycobot_ros2/mycobot_mtc_demos -DCMAKE_INSTALL_PREFIX=/home/ibrahim/ros2_ws/install/mycobot_mtc_demos
[0.189s] -- The C compiler identification is GNU 13.3.0
[0.348s] -- The CXX compiler identification is GNU 13.3.0
[0.397s] -- Detecting C compiler ABI info
[0.657s] -- Detecting C compiler ABI info - done
[0.667s] -- Check for working C compiler: /usr/bin/cc - skipped
[0.667s] -- Detecting C compile features
[0.668s] -- Detecting C compile features - done
[0.689s] -- Detecting CXX compiler ABI info
[0.882s] -- Detecting CXX compiler ABI info - done
[0.894s] -- Check for working CXX compiler: /usr/bin/c++ - skipped
[0.894s] -- Detecting CXX compile features
[0.895s] -- Detecting CXX compile features - done
[0.899s] -- Found ament_cmake: 2.5.5 (/opt/ros/jazzy/share/ament_cmake/cmake)
[1.231s] -- Found Python3: /usr/bin/python3 (found version "3.12.3") found components: Interpreter 
[1.430s] -- Found generate_parameter_library: 0.6.0 (/opt/ros/jazzy/share/generate_parameter_library/cmake)
[1.441s] -- Found parameter_traits: 0.6.0 (/opt/ros/jazzy/share/parameter_traits/cmake)
[1.539s] -- Found rosidl_generator_c: 4.6.7 (/opt/ros/jazzy/share/rosidl_generator_c/cmake)
[1.577s] -- Found rosidl_generator_cpp: 4.6.7 (/opt/ros/jazzy/share/rosidl_generator_cpp/cmake)
[1.622s] -- Using all available rosidl_typesupport_c: rosidl_typesupport_fastrtps_c;rosidl_typesupport_introspection_c
[1.681s] -- Using all available rosidl_typesupport_cpp: rosidl_typesupport_fastrtps_cpp;rosidl_typesupport_introspection_cpp
[1.884s] -- Found rmw_implementation_cmake: 7.3.3 (/opt/ros/jazzy/share/rmw_implementation_cmake/cmake)
[1.888s] -- Found rmw_fastrtps_cpp: 8.4.3 (/opt/ros/jazzy/share/rmw_fastrtps_cpp/cmake)
[2.300s] -- Found OpenSSL: /usr/lib/x86_64-linux-gnu/libcrypto.so (found version "3.0.13")  
[2.301s] -- Found FastRTPS: /opt/ros/jazzy/include (Required is at least version "2.13") 
[2.301s] -- Using RMW implementation 'rmw_fastrtps_cpp' as default
[2.558s] -- Found rclcpp_lifecycle: 28.1.16 (/opt/ros/jazzy/share/rclcpp_lifecycle/cmake)
[2.615s] -- Found moveit_common: 2.12.4 (/opt/ros/jazzy/share/moveit_common/cmake)
[2.882s] -- Found moveit_core: 2.12.4 (/opt/ros/jazzy/share/moveit_core/cmake)
[3.319s] -- Found Boost: /usr/lib/x86_64-linux-gnu/cmake/Boost-1.83.0/BoostConfig.cmake (found version "1.83.0") found components: chrono date_time filesystem iostreams program_options regex serialization system thread 
[3.431s] -- Found Boost: /usr/lib/x86_64-linux-gnu/cmake/Boost-1.83.0/BoostConfig.cmake (found version "1.83.0") found components: filesystem 
[3.616s] -- Found Eigen3: TRUE (found version "3.4.0") 
[3.616s] -- Ensuring Eigen3 include directory is part of orocos-kdl CMake target
[4.062s] -- Found moveit_ros_planning: 2.12.4 (/opt/ros/jazzy/share/moveit_ros_planning/cmake)
[4.069s] -- Found Boost: /usr/lib/x86_64-linux-gnu/cmake/Boost-1.83.0/BoostConfig.cmake (found version "1.83.0") found components: system filesystem date_time program_options thread chrono 
[4.119s] -- Found moveit_ros_planning_interface: 2.12.4 (/opt/ros/jazzy/share/moveit_ros_planning_interface/cmake)
[4.126s] -- Found Boost: /usr/lib/x86_64-linux-gnu/cmake/Boost-1.83.0/BoostConfig.cmake (found version "1.83.0") found components: date_time filesystem program_options system thread 
[4.143s] -- Found Boost: /usr/lib/x86_64-linux-gnu/cmake/Boost-1.83.0/BoostConfig.cmake (found version "1.83.0") found components: thread system filesystem regex date_time program_options 
[4.174s] -- Found Boost: /usr/lib/x86_64-linux-gnu/cmake/Boost-1.83.0/BoostConfig.cmake (found version "1.83.0") found components: system filesystem date_time program_options thread 
[4.336s] -- Found moveit_task_constructor_core: 0.1.4 (/opt/ros/jazzy/share/moveit_task_constructor_core/cmake)
[5.113s] -- Found ament_lint_auto: 0.17.4 (/opt/ros/jazzy/share/ament_lint_auto/cmake)
[5.146s] -- Added test 'cppcheck' to perform static code analysis on C / C++ code
[5.147s] -- Configured cppcheck include dirs: 
[5.147s] -- Configured cppcheck exclude dirs and/or files: 
[5.148s] -- Added test 'flake8' to check Python code syntax and style conventions
[5.148s] -- Configured 'flake8' exclude dirs and/or files: 
[5.150s] -- Added test 'lint_cmake' to check CMake code style
[5.151s] -- Added test 'pep257' to check Python code against some of the docstring style conventions in PEP 257
[5.153s] -- Added test 'uncrustify' to check C / C++ code style
[5.153s] -- Configured uncrustify additional arguments: 
[5.154s] -- Added test 'xmllint' to check XML markup files
[5.157s] -- Configuring done (5.1s)
[5.277s] -- Generating done (0.1s)
[5.314s] -- Build files have been written to: /home/ibrahim/ros2_ws/build/mycobot_mtc_demos
[5.337s] Invoked command in '/home/ibrahim/ros2_ws/build/mycobot_mtc_demos' returned '0': CMAKE_PREFIX_PATH=${CMAKE_PREFIX_PATH}:/home/ibrahim/ros2_ws/install/arm_serial_bridge:/opt/ros/jazzy DEBUGINFOD_URLS=https://debuginfod.ubuntu.com PS1=\[\e]0;\u@\h: \w\a\]${debian_chroot:+($debian_chroot)}\[\033[01;32m\]\u@\h\[\033[00m\]:\[\033[01;34m\]\w\[\033[00m\]\$ /usr/bin/cmake /home/ibrahim/ros2_ws/src/mycobot_ros2/mycobot_mtc_demos -DCMAKE_INSTALL_PREFIX=/home/ibrahim/ros2_ws/install/mycobot_mtc_demos
[5.337s] Invoking command in '/home/ibrahim/ros2_ws/build/mycobot_mtc_demos': CMAKE_PREFIX_PATH=${CMAKE_PREFIX_PATH}:/home/ibrahim/ros2_ws/install/arm_serial_bridge:/opt/ros/jazzy DEBUGINFOD_URLS=https://debuginfod.ubuntu.com PS1=\[\e]0;\u@\h: \w\a\]${debian_chroot:+($debian_chroot)}\[\033[01;32m\]\u@\h\[\033[00m\]:\[\033[01;34m\]\w\[\033[00m\]\$ /usr/bin/cmake --build /home/ibrahim/ros2_ws/build/mycobot_mtc_demos -- -j4 -l4
[5.633s] [  8%] [32mBuilding CXX object CMakeFiles/mycobot_mtc_demos_alternative_path_costs.dir/src/alternative_path_costs.cpp.o[0m
[5.702s] [ 16%] [32mBuilding CXX object CMakeFiles/mycobot_mtc_demos_fallbacks_move_to.dir/src/fallbacks_move_to.cpp.o[0m
[5.702s] [ 25%] [32mBuilding CXX object CMakeFiles/mycobot_mtc_demos_cartesian.dir/src/cartesian.cpp.o[0m
[5.708s] [ 33%] [34m[1mRunning `/opt/ros/jazzy/bin/generate_parameter_library_cpp /home/ibrahim/ros2_ws/build/mycobot_mtc_demos/include/mycobot_mtc_demos/ik_clearance_cost_parameters.hpp /home/ibrahim/ros2_ws/src/mycobot_ros2/mycobot_mtc_demos/src/ik_clearance_cost_parameters.yaml `[0m
[11.743s] [ 41%] [34m[1mCreating deprecated header file /home/ibrahim/ros2_ws/build/mycobot_mtc_demos/include/ik_clearance_cost_parameters.hpp[0m
[11.838s] [ 41%] Built target ik_clearance_cost_parameters
[11.922s] [ 50%] [32mBuilding CXX object CMakeFiles/mycobot_mtc_demos_modular.dir/src/modular.cpp.o[0m
[23.639s] In file included from [01m[K/home/ibrahim/ros2_ws/src/mycobot_ros2/mycobot_mtc_demos/src/fallbacks_move_to.cpp:23[m[K:
[23.639s] /opt/ros/jazzy/include/moveit/task_constructor/solvers/cartesian_path.h: In instantiation of ‘[01m[Kvoid moveit::task_constructor::solvers::CartesianPath::[01;32m[KsetJumpThreshold[m[K(double) [35m[K[with T = float][m[K[m[K’:
[23.639s] [01m[K/home/ibrahim/ros2_ws/src/mycobot_ros2/mycobot_mtc_demos/src/fallbacks_move_to.cpp:92:30:[m[K   required from here
[23.640s] [01m[K/opt/ros/jazzy/include/moveit/task_constructor/solvers/cartesian_path.h:64:52:[m[K [01;31m[Kerror: [m[Kstatic assertion failed: setJumpThreshold() is deprecated. Replace with setPrecision.
[23.640s]    64 |                 static_assert(std::is_integral<T>::[01;31m[Kvalue[m[K, "setJumpThreshold() is deprecated. Replace with setPrecision.");
[23.640s]       |                                                    [01;31m[K^~~~~[m[K
[23.640s] [01m[K/opt/ros/jazzy/include/moveit/task_constructor/solvers/cartesian_path.h:64:52:[m[K [01;36m[Knote: [m[K‘[01m[Kstd::integral_constant<bool, false>::value[m[K’ evaluates to false
[30.835s] [ 58%] [32m[1mLinking CXX executable cartesian[0m
[31.029s] gmake[2]: *** [CMakeFiles/mycobot_mtc_demos_fallbacks_move_to.dir/build.make:76: CMakeFiles/mycobot_mtc_demos_fallbacks_move_to.dir/src/fallbacks_move_to.cpp.o] Error 1
[31.029s] gmake[1]: *** [CMakeFiles/Makefile2:199: CMakeFiles/mycobot_mtc_demos_fallbacks_move_to.dir/all] Error 2
[31.030s] gmake[1]: *** Waiting for unfinished jobs....
[33.061s] [ 66%] [32m[1mLinking CXX executable alternative_path_costs[0m
[36.015s] [ 66%] Built target mycobot_mtc_demos_cartesian
[36.127s] [ 66%] Built target mycobot_mtc_demos_alternative_path_costs
[36.579s] [ 75%] [32m[1mLinking CXX executable modular[0m
[37.035s] [ 75%] Built target mycobot_mtc_demos_modular
[37.038s] gmake: *** [Makefile:146: all] Error 2
[37.041s] Invoked command in '/home/ibrahim/ros2_ws/build/mycobot_mtc_demos' returned '2': CMAKE_PREFIX_PATH=${CMAKE_PREFIX_PATH}:/home/ibrahim/ros2_ws/install/arm_serial_bridge:/opt/ros/jazzy DEBUGINFOD_URLS=https://debuginfod.ubuntu.com PS1=\[\e]0;\u@\h: \w\a\]${debian_chroot:+($debian_chroot)}\[\033[01;32m\]\u@\h\[\033[00m\]:\[\033[01;34m\]\w\[\033[00m\]\$ /usr/bin/cmake --build /home/ibrahim/ros2_ws/build/mycobot_mtc_demos -- -j4 -l4
