[12.949s] Invoking command in '/home/ibrahim/ros2_ws/src/arm_serial_bridge': DEBUGINFOD_URLS=https://debuginfod.ubuntu.com PYTHONPATH=/home/ibrahim/ros2_ws/build/arm_serial_bridge/prefix_override:/usr/lib/python3/dist-packages/colcon_core/task/python/colcon_distutils_commands:/home/ibrahim/ros2_ws/install/arm_serial_bridge/lib/python3.12/site-packages:${PYTHONPATH} /usr/bin/python3 -W ignore:setup.py install is deprecated -W ignore:easy_install command is deprecated setup.py egg_info --egg-base ../../build/arm_serial_bridge build --build-base /home/ibrahim/ros2_ws/build/arm_serial_bridge/build install --record /home/ibrahim/ros2_ws/build/arm_serial_bridge/install.log --single-version-externally-managed
[13.226s] running egg_info
[13.261s] writing ../../build/arm_serial_bridge/arm_serial_bridge.egg-info/PKG-INFO
[13.291s] writing dependency_links to ../../build/arm_serial_bridge/arm_serial_bridge.egg-info/dependency_links.txt
[13.291s] writing entry points to ../../build/arm_serial_bridge/arm_serial_bridge.egg-info/entry_points.txt
[13.291s] writing requirements to ../../build/arm_serial_bridge/arm_serial_bridge.egg-info/requires.txt
[13.291s] writing top-level names to ../../build/arm_serial_bridge/arm_serial_bridge.egg-info/top_level.txt
[13.396s] reading manifest file '../../build/arm_serial_bridge/arm_serial_bridge.egg-info/SOURCES.txt'
[13.415s] writing manifest file '../../build/arm_serial_bridge/arm_serial_bridge.egg-info/SOURCES.txt'
[13.415s] running build
[13.415s] running build_py
[13.463s] copying arm_serial_bridge/moveit_with_serial.py -> /home/ibrahim/ros2_ws/build/arm_serial_bridge/build/lib/arm_serial_bridge
[13.464s] running install
[13.485s] running install_lib
[13.534s] copying /home/ibrahim/ros2_ws/build/arm_serial_bridge/build/lib/arm_serial_bridge/moveit_with_serial.py -> /home/ibrahim/ros2_ws/install/arm_serial_bridge/lib/python3.12/site-packages/arm_serial_bridge
[13.557s] byte-compiling /home/ibrahim/ros2_ws/install/arm_serial_bridge/lib/python3.12/site-packages/arm_serial_bridge/moveit_with_serial.py to moveit_with_serial.cpython-312.pyc
[13.557s] running install_egg_info
[13.588s] removing '/home/ibrahim/ros2_ws/install/arm_serial_bridge/lib/python3.12/site-packages/arm_serial_bridge-0.0.0-py3.12.egg-info' (and everything under it)
[13.589s] Copying ../../build/arm_serial_bridge/arm_serial_bridge.egg-info to /home/ibrahim/ros2_ws/install/arm_serial_bridge/lib/python3.12/site-packages/arm_serial_bridge-0.0.0-py3.12.egg-info
[13.629s] running install_scripts
[13.805s] Installing joint_to_serial script to /home/ibrahim/ros2_ws/install/arm_serial_bridge/lib/arm_serial_bridge
[13.847s] Installing moveit_with_serial script to /home/ibrahim/ros2_ws/install/arm_serial_bridge/lib/arm_serial_bridge
[13.848s] writing list of installed files to '/home/ibrahim/ros2_ws/build/arm_serial_bridge/install.log'
[13.889s] Invoked command in '/home/ibrahim/ros2_ws/src/arm_serial_bridge' returned '0': DEBUGINFOD_URLS=https://debuginfod.ubuntu.com PYTHONPATH=/home/ibrahim/ros2_ws/build/arm_serial_bridge/prefix_override:/usr/lib/python3/dist-packages/colcon_core/task/python/colcon_distutils_commands:/home/ibrahim/ros2_ws/install/arm_serial_bridge/lib/python3.12/site-packages:${PYTHONPATH} /usr/bin/python3 -W ignore:setup.py install is deprecated -W ignore:easy_install command is deprecated setup.py egg_info --egg-base ../../build/arm_serial_bridge build --build-base /home/ibrahim/ros2_ws/build/arm_serial_bridge/build install --record /home/ibrahim/ros2_ws/build/arm_serial_bridge/install.log --single-version-externally-managed
