[0.095s] Invoking command in '/home/ibrahim/ros2_ws/build/mycobot_mtc_pick_place_demo': CMAKE_PREFIX_PATH=/home/ibrahim/ros2_ws/install/mycobot_interfaces:/home/ibrahim/ros2_ws/install/mycobot_ros2:/home/ibrahim/ros2_ws/install/mycobot_system_tests:/home/ibrahim/ros2_ws/install/mycobot_mtc_pick_place_demo:/home/ibrahim/ros2_ws/install/mycobot_mtc_demos:/home/ibrahim/ros2_ws/install/mycobot_moveit_demos:/home/ibrahim/ros2_ws/install/mycobot_moveit_config:/home/ibrahim/ros2_ws/install/mycobot_gazebo:/home/ibrahim/ros2_ws/install/mycobot_description:/home/ibrahim/ros2_ws/install/mycobot_bringup:/opt/ros/jazzy/opt/gz_sim_vendor:/opt/ros/jazzy/opt/gz_sensors_vendor:/opt/ros/jazzy/opt/gz_physics_vendor:/opt/ros/jazzy/opt/sdformat_vendor:/opt/ros/jazzy/opt/gz_gui_vendor:/opt/ros/jazzy/opt/gz_transport_vendor:/opt/ros/jazzy/opt/gz_rendering_vendor:/opt/ros/jazzy/opt/gz_plugin_vendor:/opt/ros/jazzy/opt/gz_fuel_tools_vendor:/opt/ros/jazzy/opt/gz_msgs_vendor:/opt/ros/jazzy/opt/gz_common_vendor:/opt/ros/jazzy/opt/gz_math_vendor:/opt/ros/jazzy/opt/gz_utils_vendor:/opt/ros/jazzy/opt/gz_tools_vendor:/opt/ros/jazzy/opt/gz_ogre_next_vendor:/opt/ros/jazzy/opt/gz_dartsim_vendor:/opt/ros/jazzy/opt/gz_cmake_vendor:/home/ibrahim/ros2_ws/install/arm_serial_bridge:/opt/ros/jazzy DEBUGINFOD_URLS=https://debuginfod.ubuntu.com LD_LIBRARY_PATH=/home/ibrahim/ros2_ws/install/mycobot_interfaces/lib:/home/ibrahim/ros2_ws/install/mycobot_mtc_pick_place_demo/lib:/opt/ros/jazzy/opt/gz_sim_vendor/lib:/opt/ros/jazzy/opt/gz_sensors_vendor/lib:/opt/ros/jazzy/opt/gz_physics_vendor/lib:/opt/ros/jazzy/opt/sdformat_vendor/lib:/opt/ros/jazzy/opt/rviz_ogre_vendor/lib:/opt/ros/jazzy/lib/x86_64-linux-gnu:/opt/ros/jazzy/opt/gz_gui_vendor/lib:/opt/ros/jazzy/opt/gz_transport_vendor/lib:/opt/ros/jazzy/opt/gz_rendering_vendor/lib:/opt/ros/jazzy/opt/gz_plugin_vendor/lib:/opt/ros/jazzy/opt/gz_fuel_tools_vendor/lib:/opt/ros/jazzy/opt/gz_msgs_vendor/lib:/opt/ros/jazzy/opt/gz_common_vendor/lib:/opt/ros/jazzy/opt/gz_math_vendor/lib:/opt/ros/jazzy/opt/gz_utils_vendor/lib:/opt/ros/jazzy/opt/gz_tools_vendor/lib:/opt/ros/jazzy/opt/gz_ogre_next_vendor/lib:/opt/ros/jazzy/opt/gz_dartsim_vendor/lib:/opt/ros/jazzy/opt/gz_cmake_vendor/lib:/opt/ros/jazzy/lib PS1=\[\e]0;\u@\h: \w\a\]${debian_chroot:+($debian_chroot)}\[\033[01;32m\]\u@\h\[\033[00m\]:\[\033[01;34m\]\w\[\033[00m\]\$ /usr/bin/cmake --build /home/ibrahim/ros2_ws/build/mycobot_mtc_pick_place_demo -- -j4 -l4
[0.327s] -- Found ament_cmake: 2.5.5 (/opt/ros/jazzy/share/ament_cmake/cmake)
[0.663s] -- Found generate_parameter_library: 0.6.0 (/opt/ros/jazzy/share/generate_parameter_library/cmake)
[0.668s] -- Found parameter_traits: 0.6.0 (/opt/ros/jazzy/share/parameter_traits/cmake)
[0.709s] -- Found rosidl_generator_c: 4.6.7 (/opt/ros/jazzy/share/rosidl_generator_c/cmake)
[0.724s] -- Found rosidl_generator_cpp: 4.6.7 (/opt/ros/jazzy/share/rosidl_generator_cpp/cmake)
[0.736s] -- Using all available rosidl_typesupport_c: rosidl_typesupport_fastrtps_c;rosidl_typesupport_introspection_c
[0.753s] -- Using all available rosidl_typesupport_cpp: rosidl_typesupport_fastrtps_cpp;rosidl_typesupport_introspection_cpp
[0.854s] -- Found rmw_implementation_cmake: 7.3.3 (/opt/ros/jazzy/share/rmw_implementation_cmake/cmake)
[0.856s] -- Found rmw_fastrtps_cpp: 8.4.3 (/opt/ros/jazzy/share/rmw_fastrtps_cpp/cmake)
[0.957s] -- Using RMW implementation 'rmw_fastrtps_cpp' as default
[1.048s] -- Found rclcpp_lifecycle: 28.1.16 (/opt/ros/jazzy/share/rclcpp_lifecycle/cmake)
[1.083s] -- Found moveit_common: 2.12.4 (/opt/ros/jazzy/share/moveit_common/cmake)
[1.232s] -- Found moveit_core: 2.12.4 (/opt/ros/jazzy/share/moveit_core/cmake)
[1.251s] -- Found Boost: /usr/lib/x86_64-linux-gnu/cmake/Boost-1.83.0/BoostConfig.cmake (found version "1.83.0") found components: chrono date_time filesystem iostreams program_options regex serialization system thread 
[1.304s] -- Found Boost: /usr/lib/x86_64-linux-gnu/cmake/Boost-1.83.0/BoostConfig.cmake (found version "1.83.0") found components: filesystem 
[1.451s] -- Found Eigen3: TRUE (found version "3.4.0") 
[1.451s] -- Ensuring Eigen3 include directory is part of orocos-kdl CMake target
[1.810s] -- Found moveit_ros_planning: 2.12.4 (/opt/ros/jazzy/share/moveit_ros_planning/cmake)
[1.832s] -- Found Boost: /usr/lib/x86_64-linux-gnu/cmake/Boost-1.83.0/BoostConfig.cmake (found version "1.83.0") found components: system filesystem date_time program_options thread chrono 
[1.889s] -- Found moveit_ros_planning_interface: 2.12.4 (/opt/ros/jazzy/share/moveit_ros_planning_interface/cmake)
[1.896s] -- Found Boost: /usr/lib/x86_64-linux-gnu/cmake/Boost-1.83.0/BoostConfig.cmake (found version "1.83.0") found components: date_time filesystem program_options system thread 
[1.916s] -- Found Boost: /usr/lib/x86_64-linux-gnu/cmake/Boost-1.83.0/BoostConfig.cmake (found version "1.83.0") found components: thread system filesystem regex date_time program_options 
[1.946s] -- Found Boost: /usr/lib/x86_64-linux-gnu/cmake/Boost-1.83.0/BoostConfig.cmake (found version "1.83.0") found components: system filesystem date_time program_options thread 
[1.987s] -- Found moveit_task_constructor_core: 0.1.4 (/opt/ros/jazzy/share/moveit_task_constructor_core/cmake)
[2.175s] -- Found mycobot_interfaces: 0.0.0 (/home/ibrahim/ros2_ws/install/mycobot_interfaces/share/mycobot_interfaces/cmake)
[2.751s] -- Found Boost: /usr/lib/x86_64-linux-gnu/cmake/Boost-1.83.0/BoostConfig.cmake (found suitable version "1.83.0", minimum required is "1.65.0") found components: system filesystem iostreams serialization 
[2.751s] [33mCMake Warning (dev) at /usr/lib/x86_64-linux-gnu/cmake/pcl/Modules/FindFLANN.cmake:45 (find_package):
[2.752s]   Policy CMP0144 is not set: find_package uses upper-case <PACKAGENAME>_ROOT
[2.752s]   variables.  Run "cmake --help-policy CMP0144" for policy details.  Use the
[2.752s]   cmake_policy command to set the policy and suppress this warning.
[2.752s] 
[2.752s]   CMake variable FLANN_ROOT is set to:
[2.752s] 
[2.752s]     /usr
[2.753s] 
[2.753s]   For compatibility, find_package is ignoring the variable, but code in a
[2.753s]   .cmake module might still use it.
[2.753s] Call Stack (most recent call first):
[2.753s]   /usr/lib/x86_64-linux-gnu/cmake/pcl/PCLConfig.cmake:261 (find_package)
[2.753s]   /usr/lib/x86_64-linux-gnu/cmake/pcl/PCLConfig.cmake:306 (find_flann)
[2.753s]   /usr/lib/x86_64-linux-gnu/cmake/pcl/PCLConfig.cmake:570 (find_external_library)
[2.753s]   CMakeLists.txt:52 (find_package)
[2.753s] This warning is for project developers.  Use -Wno-dev to suppress it.
[2.753s] [0m
[2.793s] -- Found flann version 1.9.2
[10.528s] -- Found Eigen3: /usr/include/eigen3 (found version "3.4.0") 
[16.754s] -- OpenNI found (version: 1.5.4.0, include: /usr/include/ni, lib: /usr/lib/libOpenNI.so;libusb::libusb)
[16.754s] [0m** WARNING ** io features related to pcap will be disabled[0m
[16.755s] -- OpenNI2 found (version: 2.2.0.33, include: /usr/include/openni2, lib: /usr/lib/x86_64-linux-gnu/libOpenNI2.so;libusb::libusb)
[16.755s] -- Could NOT find Pcap (missing: PCAP_LIBRARIES PCAP_INCLUDE_DIRS) 
[22.769s] -- OpenNI found (version: 1.5.4.0, include: /usr/include/ni, lib: /usr/lib/libOpenNI.so;libusb::libusb)
[22.805s] -- OpenNI2 found (version: 2.2.0.33, include: /usr/include/openni2, lib: /usr/lib/x86_64-linux-gnu/libOpenNI2.so;libusb::libusb)
[31.438s] -- Found Qhull version 8.0.2
[36.781s] -- OpenNI found (version: 1.5.4.0, include: /usr/include/ni, lib: /usr/lib/libOpenNI.so;libusb::libusb)
[40.860s] -- looking for PCL_COMMON
[40.860s] -- looking for PCL_KDTREE
[40.860s] -- looking for PCL_OCTREE
[40.860s] -- looking for PCL_SEARCH
[40.860s] -- looking for PCL_SAMPLE_CONSENSUS
[40.860s] -- looking for PCL_FILTERS
[40.860s] -- looking for PCL_2D
[40.861s] -- looking for PCL_GEOMETRY
[40.861s] -- looking for PCL_IO
[40.861s] -- looking for PCL_FEATURES
[40.861s] -- looking for PCL_ML
[40.861s] -- looking for PCL_SEGMENTATION
[40.861s] -- looking for PCL_VISUALIZATION
[40.861s] -- looking for PCL_SURFACE
[40.862s] -- looking for PCL_REGISTRATION
[40.862s] -- looking for PCL_KEYPOINTS
[40.862s] -- looking for PCL_TRACKING
[40.862s] -- looking for PCL_RECOGNITION
[40.862s] -- looking for PCL_STEREO
[40.862s] -- looking for PCL_APPS
[40.862s] -- looking for PCL_IN_HAND_SCANNER
[40.862s] -- looking for PCL_MODELER
[40.863s] -- looking for PCL_POINT_CLOUD_EDITOR
[40.863s] -- looking for PCL_OUTOFCORE
[40.863s] -- looking for PCL_PEOPLE
[40.863s] -- Found pcl_conversions: 2.6.2 (/opt/ros/jazzy/share/pcl_conversions/cmake)
[41.018s] -- Found pcl_ros: 2.6.2 (/opt/ros/jazzy/share/pcl_ros/cmake)
[42.770s] -- Found ament_lint_auto: 0.17.4 (/opt/ros/jazzy/share/ament_lint_auto/cmake)
[42.882s] -- Added test 'cppcheck' to perform static code analysis on C / C++ code
[42.883s] -- Configured cppcheck include dirs: /home/ibrahim/ros2_ws/src/mycobot_ros2/mycobot_mtc_pick_place_demo/include;$<BUILD_INTERFACE:/home/ibrahim/ros2_ws/src/mycobot_ros2/mycobot_mtc_pick_place_demo/include>
[42.883s] -- Configured cppcheck exclude dirs and/or files: 
[42.883s] -- Added test 'flake8' to check Python code syntax and style conventions
[42.883s] -- Configured 'flake8' exclude dirs and/or files: 
[42.884s] -- Added test 'lint_cmake' to check CMake code style
[42.885s] -- Added test 'pep257' to check Python code against some of the docstring style conventions in PEP 257
[42.886s] -- Added test 'uncrustify' to check C / C++ code style
[42.886s] -- Configured uncrustify additional arguments: 
[42.887s] -- Added test 'xmllint' to check XML markup files
[42.984s] -- Configuring done (42.7s)
[44.976s] -- Generating done (1.6s)
[45.157s] -- Build files have been written to: /home/ibrahim/ros2_ws/build/mycobot_mtc_pick_place_demo
[45.959s] [  6%] [32mBuilding CXX object CMakeFiles/cluster_extraction.dir/src/cluster_extraction.cpp.o[0m
[66.006s] [ 12%] [32m[1mLinking CXX shared library libcluster_extraction.so[0m
[69.279s] [ 12%] Built target cluster_extraction
[69.368s] [ 18%] [32mBuilding CXX object CMakeFiles/object_segmentation.dir/src/object_segmentation.cpp.o[0m
[76.843s] [ 25%] [32mBuilding CXX object CMakeFiles/plane_segmentation.dir/src/plane_segmentation.cpp.o[0m
[76.860s] [ 31%] [32mBuilding CXX object CMakeFiles/normals_curvature_and_rsd_estimation.dir/src/normals_curvature_and_rsd_estimation.cpp.o[0m
[79.141s] [ 37%] [32mBuilding CXX object CMakeFiles/get_planning_scene_client.dir/src/get_planning_scene_client.cpp.o[0m
[86.625s] [ 43%] [32m[1mLinking CXX shared library libget_planning_scene_client.so[0m
[87.455s] [ 43%] Built target get_planning_scene_client
[87.866s] [ 50%] [32mBuilding CXX object CMakeFiles/get_planning_scene_client_node.dir/src/get_planning_scene_client.cpp.o[0m
[100.129s] [ 56%] [32m[1mLinking CXX executable get_planning_scene_client_node[0m
[105.089s] [ 62%] [32m[1mLinking CXX shared library libobject_segmentation.so[0m
[106.201s] [ 62%] Built target get_planning_scene_client_node
[108.058s] [ 62%] Built target object_segmentation
[114.206s] [ 68%] [32m[1mLinking CXX shared library libnormals_curvature_and_rsd_estimation.so[0m
[116.570s] [ 68%] Built target normals_curvature_and_rsd_estimation
[157.788s] [ 75%] [32m[1mLinking CXX shared library libplane_segmentation.so[0m
[160.527s] [ 75%] Built target plane_segmentation
[160.900s] [ 81%] [32mBuilding CXX object CMakeFiles/get_planning_scene_server.dir/src/get_planning_scene_server.cpp.o[0m
[160.924s] [ 87%] [32mBuilding CXX object CMakeFiles/mtc_node.dir/src/mtc_node.cpp.o[0m
[181.628s] [ 93%] [32m[1mLinking CXX executable mtc_node[0m
[182.578s] [ 93%] Built target mtc_node
[246.638s] [100%] [32m[1mLinking CXX executable get_planning_scene_server[0m
[248.201s] [100%] Built target get_planning_scene_server
[248.358s] Invoked command in '/home/ibrahim/ros2_ws/build/mycobot_mtc_pick_place_demo' returned '0': CMAKE_PREFIX_PATH=/home/ibrahim/ros2_ws/install/mycobot_interfaces:/home/ibrahim/ros2_ws/install/mycobot_ros2:/home/ibrahim/ros2_ws/install/mycobot_system_tests:/home/ibrahim/ros2_ws/install/mycobot_mtc_pick_place_demo:/home/ibrahim/ros2_ws/install/mycobot_mtc_demos:/home/ibrahim/ros2_ws/install/mycobot_moveit_demos:/home/ibrahim/ros2_ws/install/mycobot_moveit_config:/home/ibrahim/ros2_ws/install/mycobot_gazebo:/home/ibrahim/ros2_ws/install/mycobot_description:/home/ibrahim/ros2_ws/install/mycobot_bringup:/opt/ros/jazzy/opt/gz_sim_vendor:/opt/ros/jazzy/opt/gz_sensors_vendor:/opt/ros/jazzy/opt/gz_physics_vendor:/opt/ros/jazzy/opt/sdformat_vendor:/opt/ros/jazzy/opt/gz_gui_vendor:/opt/ros/jazzy/opt/gz_transport_vendor:/opt/ros/jazzy/opt/gz_rendering_vendor:/opt/ros/jazzy/opt/gz_plugin_vendor:/opt/ros/jazzy/opt/gz_fuel_tools_vendor:/opt/ros/jazzy/opt/gz_msgs_vendor:/opt/ros/jazzy/opt/gz_common_vendor:/opt/ros/jazzy/opt/gz_math_vendor:/opt/ros/jazzy/opt/gz_utils_vendor:/opt/ros/jazzy/opt/gz_tools_vendor:/opt/ros/jazzy/opt/gz_ogre_next_vendor:/opt/ros/jazzy/opt/gz_dartsim_vendor:/opt/ros/jazzy/opt/gz_cmake_vendor:/home/ibrahim/ros2_ws/install/arm_serial_bridge:/opt/ros/jazzy DEBUGINFOD_URLS=https://debuginfod.ubuntu.com LD_LIBRARY_PATH=/home/ibrahim/ros2_ws/install/mycobot_interfaces/lib:/home/ibrahim/ros2_ws/install/mycobot_mtc_pick_place_demo/lib:/opt/ros/jazzy/opt/gz_sim_vendor/lib:/opt/ros/jazzy/opt/gz_sensors_vendor/lib:/opt/ros/jazzy/opt/gz_physics_vendor/lib:/opt/ros/jazzy/opt/sdformat_vendor/lib:/opt/ros/jazzy/opt/rviz_ogre_vendor/lib:/opt/ros/jazzy/lib/x86_64-linux-gnu:/opt/ros/jazzy/opt/gz_gui_vendor/lib:/opt/ros/jazzy/opt/gz_transport_vendor/lib:/opt/ros/jazzy/opt/gz_rendering_vendor/lib:/opt/ros/jazzy/opt/gz_plugin_vendor/lib:/opt/ros/jazzy/opt/gz_fuel_tools_vendor/lib:/opt/ros/jazzy/opt/gz_msgs_vendor/lib:/opt/ros/jazzy/opt/gz_common_vendor/lib:/opt/ros/jazzy/opt/gz_math_vendor/lib:/opt/ros/jazzy/opt/gz_utils_vendor/lib:/opt/ros/jazzy/opt/gz_tools_vendor/lib:/opt/ros/jazzy/opt/gz_ogre_next_vendor/lib:/opt/ros/jazzy/opt/gz_dartsim_vendor/lib:/opt/ros/jazzy/opt/gz_cmake_vendor/lib:/opt/ros/jazzy/lib PS1=\[\e]0;\u@\h: \w\a\]${debian_chroot:+($debian_chroot)}\[\033[01;32m\]\u@\h\[\033[00m\]:\[\033[01;34m\]\w\[\033[00m\]\$ /usr/bin/cmake --build /home/ibrahim/ros2_ws/build/mycobot_mtc_pick_place_demo -- -j4 -l4
[248.407s] Invoking command in '/home/ibrahim/ros2_ws/build/mycobot_mtc_pick_place_demo': CMAKE_PREFIX_PATH=/home/ibrahim/ros2_ws/install/mycobot_interfaces:/home/ibrahim/ros2_ws/install/mycobot_ros2:/home/ibrahim/ros2_ws/install/mycobot_system_tests:/home/ibrahim/ros2_ws/install/mycobot_mtc_pick_place_demo:/home/ibrahim/ros2_ws/install/mycobot_mtc_demos:/home/ibrahim/ros2_ws/install/mycobot_moveit_demos:/home/ibrahim/ros2_ws/install/mycobot_moveit_config:/home/ibrahim/ros2_ws/install/mycobot_gazebo:/home/ibrahim/ros2_ws/install/mycobot_description:/home/ibrahim/ros2_ws/install/mycobot_bringup:/opt/ros/jazzy/opt/gz_sim_vendor:/opt/ros/jazzy/opt/gz_sensors_vendor:/opt/ros/jazzy/opt/gz_physics_vendor:/opt/ros/jazzy/opt/sdformat_vendor:/opt/ros/jazzy/opt/gz_gui_vendor:/opt/ros/jazzy/opt/gz_transport_vendor:/opt/ros/jazzy/opt/gz_rendering_vendor:/opt/ros/jazzy/opt/gz_plugin_vendor:/opt/ros/jazzy/opt/gz_fuel_tools_vendor:/opt/ros/jazzy/opt/gz_msgs_vendor:/opt/ros/jazzy/opt/gz_common_vendor:/opt/ros/jazzy/opt/gz_math_vendor:/opt/ros/jazzy/opt/gz_utils_vendor:/opt/ros/jazzy/opt/gz_tools_vendor:/opt/ros/jazzy/opt/gz_ogre_next_vendor:/opt/ros/jazzy/opt/gz_dartsim_vendor:/opt/ros/jazzy/opt/gz_cmake_vendor:/home/ibrahim/ros2_ws/install/arm_serial_bridge:/opt/ros/jazzy DEBUGINFOD_URLS=https://debuginfod.ubuntu.com LD_LIBRARY_PATH=/home/ibrahim/ros2_ws/install/mycobot_interfaces/lib:/home/ibrahim/ros2_ws/install/mycobot_mtc_pick_place_demo/lib:/opt/ros/jazzy/opt/gz_sim_vendor/lib:/opt/ros/jazzy/opt/gz_sensors_vendor/lib:/opt/ros/jazzy/opt/gz_physics_vendor/lib:/opt/ros/jazzy/opt/sdformat_vendor/lib:/opt/ros/jazzy/opt/rviz_ogre_vendor/lib:/opt/ros/jazzy/lib/x86_64-linux-gnu:/opt/ros/jazzy/opt/gz_gui_vendor/lib:/opt/ros/jazzy/opt/gz_transport_vendor/lib:/opt/ros/jazzy/opt/gz_rendering_vendor/lib:/opt/ros/jazzy/opt/gz_plugin_vendor/lib:/opt/ros/jazzy/opt/gz_fuel_tools_vendor/lib:/opt/ros/jazzy/opt/gz_msgs_vendor/lib:/opt/ros/jazzy/opt/gz_common_vendor/lib:/opt/ros/jazzy/opt/gz_math_vendor/lib:/opt/ros/jazzy/opt/gz_utils_vendor/lib:/opt/ros/jazzy/opt/gz_tools_vendor/lib:/opt/ros/jazzy/opt/gz_ogre_next_vendor/lib:/opt/ros/jazzy/opt/gz_dartsim_vendor/lib:/opt/ros/jazzy/opt/gz_cmake_vendor/lib:/opt/ros/jazzy/lib PS1=\[\e]0;\u@\h: \w\a\]${debian_chroot:+($debian_chroot)}\[\033[01;32m\]\u@\h\[\033[00m\]:\[\033[01;34m\]\w\[\033[00m\]\$ /usr/bin/cmake --install /home/ibrahim/ros2_ws/build/mycobot_mtc_pick_place_demo
[248.443s] -- Install configuration: "Release"
[248.501s] -- Installing: /home/ibrahim/ros2_ws/install/mycobot_mtc_pick_place_demo/lib/mycobot_mtc_pick_place_demo/get_planning_scene_client_node
[248.502s] -- Set non-toolchain portion of runtime path of "/home/ibrahim/ros2_ws/install/mycobot_mtc_pick_place_demo/lib/mycobot_mtc_pick_place_demo/get_planning_scene_client_node" to ""
[248.532s] -- Installing: /home/ibrahim/ros2_ws/install/mycobot_mtc_pick_place_demo/lib/mycobot_mtc_pick_place_demo/get_planning_scene_server
[248.537s] -- Set non-toolchain portion of runtime path of "/home/ibrahim/ros2_ws/install/mycobot_mtc_pick_place_demo/lib/mycobot_mtc_pick_place_demo/get_planning_scene_server" to ""
[248.560s] -- Installing: /home/ibrahim/ros2_ws/install/mycobot_mtc_pick_place_demo/lib/mycobot_mtc_pick_place_demo/mtc_node
[248.562s] -- Set non-toolchain portion of runtime path of "/home/ibrahim/ros2_ws/install/mycobot_mtc_pick_place_demo/lib/mycobot_mtc_pick_place_demo/mtc_node" to ""
[248.593s] -- Installing: /home/ibrahim/ros2_ws/install/mycobot_mtc_pick_place_demo/lib/libcluster_extraction.so
[248.596s] -- Set non-toolchain portion of runtime path of "/home/ibrahim/ros2_ws/install/mycobot_mtc_pick_place_demo/lib/libcluster_extraction.so" to ""
[248.600s] -- Installing: /home/ibrahim/ros2_ws/install/mycobot_mtc_pick_place_demo/lib/libget_planning_scene_client.so
[248.600s] -- Set non-toolchain portion of runtime path of "/home/ibrahim/ros2_ws/install/mycobot_mtc_pick_place_demo/lib/libget_planning_scene_client.so" to ""
[248.624s] -- Installing: /home/ibrahim/ros2_ws/install/mycobot_mtc_pick_place_demo/lib/libnormals_curvature_and_rsd_estimation.so
[248.625s] -- Set non-toolchain portion of runtime path of "/home/ibrahim/ros2_ws/install/mycobot_mtc_pick_place_demo/lib/libnormals_curvature_and_rsd_estimation.so" to ""
[248.630s] -- Installing: /home/ibrahim/ros2_ws/install/mycobot_mtc_pick_place_demo/lib/libobject_segmentation.so
[248.630s] -- Set non-toolchain portion of runtime path of "/home/ibrahim/ros2_ws/install/mycobot_mtc_pick_place_demo/lib/libobject_segmentation.so" to ""
[248.654s] -- Installing: /home/ibrahim/ros2_ws/install/mycobot_mtc_pick_place_demo/lib/libplane_segmentation.so
[248.655s] -- Set non-toolchain portion of runtime path of "/home/ibrahim/ros2_ws/install/mycobot_mtc_pick_place_demo/lib/libplane_segmentation.so" to ""
[248.656s] -- Up-to-date: /home/ibrahim/ros2_ws/install/mycobot_mtc_pick_place_demo/share/mycobot_mtc_pick_place_demo/config
[248.657s] -- Installing: /home/ibrahim/ros2_ws/install/mycobot_mtc_pick_place_demo/share/mycobot_mtc_pick_place_demo/config/get_planning_scene_server.yaml
[248.673s] -- Installing: /home/ibrahim/ros2_ws/install/mycobot_mtc_pick_place_demo/share/mycobot_mtc_pick_place_demo/config/mtc_node_params.yaml
[248.680s] -- Up-to-date: /home/ibrahim/ros2_ws/install/mycobot_mtc_pick_place_demo/share/mycobot_mtc_pick_place_demo
[248.680s] -- Up-to-date: /home/ibrahim/ros2_ws/install/mycobot_mtc_pick_place_demo/share/mycobot_mtc_pick_place_demo/mycobot_mtc_pick_place_demo
[248.680s] -- Installing: /home/ibrahim/ros2_ws/install/mycobot_mtc_pick_place_demo/share/mycobot_mtc_pick_place_demo/mycobot_mtc_pick_place_demo/normals_curvature_and_rsd_estimation.h
[248.681s] -- Installing: /home/ibrahim/ros2_ws/install/mycobot_mtc_pick_place_demo/share/mycobot_mtc_pick_place_demo/mycobot_mtc_pick_place_demo/get_planning_scene_client.h
[248.681s] -- Installing: /home/ibrahim/ros2_ws/install/mycobot_mtc_pick_place_demo/share/mycobot_mtc_pick_place_demo/mycobot_mtc_pick_place_demo/plane_segmentation.h
[248.683s] -- Installing: /home/ibrahim/ros2_ws/install/mycobot_mtc_pick_place_demo/share/mycobot_mtc_pick_place_demo/mycobot_mtc_pick_place_demo/object_segmentation.h
[248.683s] -- Installing: /home/ibrahim/ros2_ws/install/mycobot_mtc_pick_place_demo/share/mycobot_mtc_pick_place_demo/mycobot_mtc_pick_place_demo/cluster_extraction.h
[248.683s] -- Up-to-date: /home/ibrahim/ros2_ws/install/mycobot_mtc_pick_place_demo/share/mycobot_mtc_pick_place_demo/launch
[248.683s] -- Installing: /home/ibrahim/ros2_ws/install/mycobot_mtc_pick_place_demo/share/mycobot_mtc_pick_place_demo/launch/pick_place_demo.launch.py
[248.686s] -- Installing: /home/ibrahim/ros2_ws/install/mycobot_mtc_pick_place_demo/share/mycobot_mtc_pick_place_demo/launch/get_planning_scene_server.launch.py
[248.687s] -- Installing: /home/ibrahim/ros2_ws/install/mycobot_mtc_pick_place_demo/share/mycobot_mtc_pick_place_demo/launch/point_cloud_viewer.launch.py
[248.689s] -- Up-to-date: /home/ibrahim/ros2_ws/install/mycobot_mtc_pick_place_demo/share/mycobot_mtc_pick_place_demo/rviz
[248.689s] -- Installing: /home/ibrahim/ros2_ws/install/mycobot_mtc_pick_place_demo/share/mycobot_mtc_pick_place_demo/rviz/point_cloud_viewer.rviz
[248.690s] -- Up-to-date: /home/ibrahim/ros2_ws/install/mycobot_mtc_pick_place_demo/share/mycobot_mtc_pick_place_demo/scripts
[248.691s] -- Installing: /home/ibrahim/ros2_ws/install/mycobot_mtc_pick_place_demo/share/mycobot_mtc_pick_place_demo/scripts/robot.sh
[248.693s] -- Installing: /home/ibrahim/ros2_ws/install/mycobot_mtc_pick_place_demo/share/mycobot_mtc_pick_place_demo/scripts/pointcloud.sh
[248.694s] -- Up-to-date: /home/ibrahim/ros2_ws/install/mycobot_mtc_pick_place_demo/share/mycobot_mtc_pick_place_demo/environment/library_path.sh
[248.694s] -- Up-to-date: /home/ibrahim/ros2_ws/install/mycobot_mtc_pick_place_demo/share/mycobot_mtc_pick_place_demo/environment/library_path.dsv
[248.695s] -- Up-to-date: /home/ibrahim/ros2_ws/install/mycobot_mtc_pick_place_demo/share/ament_index/resource_index/package_run_dependencies/mycobot_mtc_pick_place_demo
[248.695s] -- Up-to-date: /home/ibrahim/ros2_ws/install/mycobot_mtc_pick_place_demo/share/ament_index/resource_index/parent_prefix_path/mycobot_mtc_pick_place_demo
[248.695s] -- Up-to-date: /home/ibrahim/ros2_ws/install/mycobot_mtc_pick_place_demo/share/mycobot_mtc_pick_place_demo/environment/ament_prefix_path.sh
[248.696s] -- Up-to-date: /home/ibrahim/ros2_ws/install/mycobot_mtc_pick_place_demo/share/mycobot_mtc_pick_place_demo/environment/ament_prefix_path.dsv
[248.696s] -- Up-to-date: /home/ibrahim/ros2_ws/install/mycobot_mtc_pick_place_demo/share/mycobot_mtc_pick_place_demo/environment/path.sh
[248.696s] -- Up-to-date: /home/ibrahim/ros2_ws/install/mycobot_mtc_pick_place_demo/share/mycobot_mtc_pick_place_demo/environment/path.dsv
[248.696s] -- Up-to-date: /home/ibrahim/ros2_ws/install/mycobot_mtc_pick_place_demo/share/mycobot_mtc_pick_place_demo/local_setup.bash
[248.696s] -- Up-to-date: /home/ibrahim/ros2_ws/install/mycobot_mtc_pick_place_demo/share/mycobot_mtc_pick_place_demo/local_setup.sh
[248.696s] -- Up-to-date: /home/ibrahim/ros2_ws/install/mycobot_mtc_pick_place_demo/share/mycobot_mtc_pick_place_demo/local_setup.zsh
[248.698s] -- Up-to-date: /home/ibrahim/ros2_ws/install/mycobot_mtc_pick_place_demo/share/mycobot_mtc_pick_place_demo/local_setup.dsv
[248.698s] -- Installing: /home/ibrahim/ros2_ws/install/mycobot_mtc_pick_place_demo/share/mycobot_mtc_pick_place_demo/package.dsv
[248.699s] -- Up-to-date: /home/ibrahim/ros2_ws/install/mycobot_mtc_pick_place_demo/share/ament_index/resource_index/packages/mycobot_mtc_pick_place_demo
[248.721s] -- Up-to-date: /home/ibrahim/ros2_ws/install/mycobot_mtc_pick_place_demo/share/mycobot_mtc_pick_place_demo/cmake/export_mycobot_mtc_pick_place_demoExport.cmake
[248.721s] -- Up-to-date: /home/ibrahim/ros2_ws/install/mycobot_mtc_pick_place_demo/share/mycobot_mtc_pick_place_demo/cmake/export_mycobot_mtc_pick_place_demoExport-release.cmake
[248.722s] -- Up-to-date: /home/ibrahim/ros2_ws/install/mycobot_mtc_pick_place_demo/share/mycobot_mtc_pick_place_demo/cmake/ament_cmake_export_include_directories-extras.cmake
[248.722s] -- Up-to-date: /home/ibrahim/ros2_ws/install/mycobot_mtc_pick_place_demo/share/mycobot_mtc_pick_place_demo/cmake/ament_cmake_export_libraries-extras.cmake
[248.722s] -- Up-to-date: /home/ibrahim/ros2_ws/install/mycobot_mtc_pick_place_demo/share/mycobot_mtc_pick_place_demo/cmake/ament_cmake_export_targets-extras.cmake
[248.722s] -- Up-to-date: /home/ibrahim/ros2_ws/install/mycobot_mtc_pick_place_demo/share/mycobot_mtc_pick_place_demo/cmake/mycobot_mtc_pick_place_demoConfig.cmake
[248.722s] -- Up-to-date: /home/ibrahim/ros2_ws/install/mycobot_mtc_pick_place_demo/share/mycobot_mtc_pick_place_demo/cmake/mycobot_mtc_pick_place_demoConfig-version.cmake
[248.722s] -- Installing: /home/ibrahim/ros2_ws/install/mycobot_mtc_pick_place_demo/share/mycobot_mtc_pick_place_demo/package.xml
[248.726s] Invoked command in '/home/ibrahim/ros2_ws/build/mycobot_mtc_pick_place_demo' returned '0': CMAKE_PREFIX_PATH=/home/ibrahim/ros2_ws/install/mycobot_interfaces:/home/ibrahim/ros2_ws/install/mycobot_ros2:/home/ibrahim/ros2_ws/install/mycobot_system_tests:/home/ibrahim/ros2_ws/install/mycobot_mtc_pick_place_demo:/home/ibrahim/ros2_ws/install/mycobot_mtc_demos:/home/ibrahim/ros2_ws/install/mycobot_moveit_demos:/home/ibrahim/ros2_ws/install/mycobot_moveit_config:/home/ibrahim/ros2_ws/install/mycobot_gazebo:/home/ibrahim/ros2_ws/install/mycobot_description:/home/ibrahim/ros2_ws/install/mycobot_bringup:/opt/ros/jazzy/opt/gz_sim_vendor:/opt/ros/jazzy/opt/gz_sensors_vendor:/opt/ros/jazzy/opt/gz_physics_vendor:/opt/ros/jazzy/opt/sdformat_vendor:/opt/ros/jazzy/opt/gz_gui_vendor:/opt/ros/jazzy/opt/gz_transport_vendor:/opt/ros/jazzy/opt/gz_rendering_vendor:/opt/ros/jazzy/opt/gz_plugin_vendor:/opt/ros/jazzy/opt/gz_fuel_tools_vendor:/opt/ros/jazzy/opt/gz_msgs_vendor:/opt/ros/jazzy/opt/gz_common_vendor:/opt/ros/jazzy/opt/gz_math_vendor:/opt/ros/jazzy/opt/gz_utils_vendor:/opt/ros/jazzy/opt/gz_tools_vendor:/opt/ros/jazzy/opt/gz_ogre_next_vendor:/opt/ros/jazzy/opt/gz_dartsim_vendor:/opt/ros/jazzy/opt/gz_cmake_vendor:/home/ibrahim/ros2_ws/install/arm_serial_bridge:/opt/ros/jazzy DEBUGINFOD_URLS=https://debuginfod.ubuntu.com LD_LIBRARY_PATH=/home/ibrahim/ros2_ws/install/mycobot_interfaces/lib:/home/ibrahim/ros2_ws/install/mycobot_mtc_pick_place_demo/lib:/opt/ros/jazzy/opt/gz_sim_vendor/lib:/opt/ros/jazzy/opt/gz_sensors_vendor/lib:/opt/ros/jazzy/opt/gz_physics_vendor/lib:/opt/ros/jazzy/opt/sdformat_vendor/lib:/opt/ros/jazzy/opt/rviz_ogre_vendor/lib:/opt/ros/jazzy/lib/x86_64-linux-gnu:/opt/ros/jazzy/opt/gz_gui_vendor/lib:/opt/ros/jazzy/opt/gz_transport_vendor/lib:/opt/ros/jazzy/opt/gz_rendering_vendor/lib:/opt/ros/jazzy/opt/gz_plugin_vendor/lib:/opt/ros/jazzy/opt/gz_fuel_tools_vendor/lib:/opt/ros/jazzy/opt/gz_msgs_vendor/lib:/opt/ros/jazzy/opt/gz_common_vendor/lib:/opt/ros/jazzy/opt/gz_math_vendor/lib:/opt/ros/jazzy/opt/gz_utils_vendor/lib:/opt/ros/jazzy/opt/gz_tools_vendor/lib:/opt/ros/jazzy/opt/gz_ogre_next_vendor/lib:/opt/ros/jazzy/opt/gz_dartsim_vendor/lib:/opt/ros/jazzy/opt/gz_cmake_vendor/lib:/opt/ros/jazzy/lib PS1=\[\e]0;\u@\h: \w\a\]${debian_chroot:+($debian_chroot)}\[\033[01;32m\]\u@\h\[\033[00m\]:\[\033[01;34m\]\w\[\033[00m\]\$ /usr/bin/cmake --install /home/ibrahim/ros2_ws/build/mycobot_mtc_pick_place_demo
